// This file has been autogenerated.

var profile = require('../../../lib/util/profile');

exports.getMockedProfile = function () {
  var newProfile = new profile.Profile();

  newProfile.addSubscription(new profile.Subscription({
    id: 'e33f361b-53c2-4cc7-b829-78906708387b',
    managementCertificate: {
      key: 'mockedKey',
      cert: 'mockedCert'
    },
    name: 'Microsoft Azure Internal Consumption',
    user: {
      name: 'user@domain.example',
      type: 'servicePrincipal'
    },
    tenantId: '72f988bf-86f1-41af-91ab-2d7cd011db47',
    state: 'Enabled',
    registeredProviders: [],
    isDefault: true
  }, newProfile.environments['AzureCloud']));

  return newProfile;
};

exports.setEnvironment = function() {
  process.env['AZURE_VM_TEST_LOCATION'] = 'eastus';
  process.env['SSHCERT'] = 'test/myCert.pem';
};

exports.scopes = [[function (nock) { 
var result = 
nock('http://management.azure.com:443')
  .get('/subscriptions/e33f361b-53c2-4cc7-b829-78906708387b/resourceGroups/xplatTestGVMCreate7241/providers/Microsoft.Compute/virtualMachines/xplatvm?$expand=instanceView&api-version=2015-06-15')
  .reply(200, "{\r\n  \"properties\": {\r\n    \"vmId\": \"1b7542ec-b959-4482-b25b-9fc567c01f05\",\r\n    \"availabilitySet\": {\r\n      \"id\": \"/subscriptions/e33f361b-53c2-4cc7-b829-78906708387b/resourceGroups/xplatTestGVMCreate7241/providers/Microsoft.Compute/availabilitySets/XPLATTESTAAVAIL4394\"\r\n    },\r\n    \"hardwareProfile\": {\r\n      \"vmSize\": \"Standard_A1\"\r\n    },\r\n    \"storageProfile\": {\r\n      \"imageReference\": {\r\n        \"publisher\": \"canonical\",\r\n        \"offer\": \"UbuntuServer\",\r\n        \"sku\": \"15.10\",\r\n        \"version\": \"latest\"\r\n      },\r\n      \"osDisk\": {\r\n        \"osType\": \"Linux\",\r\n        \"name\": \"clifcf46b2000d42a7b-os-1455147237275\",\r\n        \"createOption\": \"FromImage\",\r\n        \"vhd\": {\r\n          \"uri\": \"https://xplatteststorage18865.blob.core.windows.net/xplatteststoragecnt12307/clifcf46b2000d42a7b-os-1455147237275.vhd\"\r\n        },\r\n        \"caching\": \"ReadWrite\"\r\n      },\r\n      \"dataDisks\": []\r\n    },\r\n    \"osProfile\": {\r\n      \"computerName\": \"xplatvm\",\r\n      \"adminUsername\": \"azureuser\",\r\n      \"linuxConfiguration\": {\r\n        \"disablePasswordAuthentication\": false,\r\n        \"ssh\": {\r\n          \"publicKeys\": [\r\n            {\r\n              \"path\": \"/home/azureuser/.ssh/authorized_keys\",\r\n              \"keyData\": \"MIID/zCCAuegAwIBAgIJAMUAa+XVLvAeMA0GCSqGSIb3DQEBBQUAMIGVMQswCQYD\\r\\nVQQGEwJJbjESMBAGA1UECAwJS2FybmF0YWthMRIwEAYDVQQHDAlCYW5nYWxvcmUx\\r\\nEDAOBgNVBAoMB2JyaWxsaW8xEjAQBgNVBAsMCW1pY3Jvc29mdDEQMA4GA1UEAwwH\\r\\nYnJpbGxpbzEmMCQGCSqGSIb3DQEJARYXc3JlZWthbnRoYnNAeWFob28uY28uaW4w\\r\\nHhcNMTUwMzA1MTE1MzEyWhcNMTYwMzA0MTE1MzEyWjCBlTELMAkGA1UEBhMCSW4x\\r\\nEjAQBgNVBAgMCUthcm5hdGFrYTESMBAGA1UEBwwJQmFuZ2Fsb3JlMRAwDgYDVQQK\\r\\nDAdicmlsbGlvMRIwEAYDVQQLDAltaWNyb3NvZnQxEDAOBgNVBAMMB2JyaWxsaW8x\\r\\nJjAkBgkqhkiG9w0BCQEWF3NyZWVrYW50aGJzQHlhaG9vLmNvLmluMIIBIjANBgkq\\r\\nhkiG9w0BAQEFAAOCAQ8AMIIBCgKCAQEAyUNKaOuT0NK+S8Ck81zy9xJ6hXfZvAC6\\r\\nlhbmf/6s/WVimJ/TX5NMhQJwC9k6ZIF92KfYrojHNvHDufSZ3EtKUVwRFCDjmgMT\\r\\nDL09WkGaZt7gROYFK0iZ4KrYGovUwlwum9fHB24OJiOV4bi0ek62/rHx9fjYZpvp\\r\\naIH2PV/hN8SCZ0x7HJMberD4gVoU/Kv42nNvwjLUW6IZfVx/Gv5OeFDtWHfSvUEF\\r\\ndadHKTPn3Ab20Iu6gZIbLO9Vuf38/IpaYGfnFCouHdzmiTiLieYNe3CUPcOJNSv7\\r\\n1G8KYpx3uNJRkJPab5OsRyJw75Gvzkr9OgaPss9tVD6Gt68u3WQtVQIDAQABo1Aw\\r\\nTjAdBgNVHQ4EFgQUogvhXB+xZ2JJPfLO6cVs4ForzscwHwYDVR0jBBgwFoAUogvh\\r\\nXB+xZ2JJPfLO6cVs4ForzscwDAYDVR0TBAUwAwEB/zANBgkqhkiG9w0BAQUFAAOC\\r\\nAQEAdDj7qUNJ45xlF5cjd+4x5NHvAD1VTjOKu+Xh/uzSSjXqB2F0aOMWA9lx0qaQ\\r\\noJgHkGxj3zz/W7ik/cVGL2O+vRIOKv/y0OPogEmS3Hw+P+O6OGE7x1G6YN0zLVoL\\r\\nu4BN/BEYmjttxM9I7qqL7C5cJoE+K3s/w1/pt/68ohJcr7F9Ohi7cso62xuGY1Rm\\r\\nksAh2EUDsU9JV/P+C9AMpLSrb03JJYzVj4w1RHbrmw2AjFyGXdQYkggyXisg+Ifr\\r\\n5gbNN7HigpHf7b2i3CQBUqp9m23frh5AhnLI2qp3UXgc52U5ieLdi/t6j0TTZqqY\\r\\nHhHqofKrj938HHlBNpC5/LVh3w==\\r\\n\"\r\n            }\r\n          ]\r\n        }\r\n      },\r\n      \"secrets\": []\r\n    },\r\n    \"networkProfile\": {\"networkInterfaces\":[{\"id\":\"/subscriptions/e33f361b-53c2-4cc7-b829-78906708387b/resourceGroups/xplatTestGVMCreate7241/providers/Microsoft.Network/networkInterfaces/xplattestnic\"}]},\r\n    \"diagnosticsProfile\": {\r\n      \"bootDiagnostics\": {\r\n        \"enabled\": true,\r\n        \"storageUri\": \"https://xplatteststorage18865.blob.core.windows.net/\"\r\n      }\r\n    },\r\n    \"provisioningState\": \"Succeeded\",\r\n    \"instanceView\": {\r\n      \"platformUpdateDomain\": 0,\r\n      \"platformFaultDomain\": 0,\r\n      \"vmAgent\": {\r\n        \"vmAgentVersion\": \"2.1.2\",\r\n        \"statuses\": [\r\n          {\r\n            \"code\": \"ProvisioningState/succeeded\",\r\n            \"level\": \"Info\",\r\n            \"displayStatus\": \"Ready\",\r\n            \"message\": \"Guest Agent is running\",\r\n            \"time\": \"2016-02-10T23:47:25+00:00\"\r\n          }\r\n        ],\r\n        \"extensionHandlers\": []\r\n      },\r\n      \"disks\": [\r\n        {\r\n          \"name\": \"clifcf46b2000d42a7b-os-1455147237275\",\r\n          \"statuses\": [\r\n            {\r\n              \"code\": \"ProvisioningState/succeeded\",\r\n              \"level\": \"Info\",\r\n              \"displayStatus\": \"Provisioning succeeded\",\r\n              \"time\": \"2016-02-10T23:35:24.9902838+00:00\"\r\n            }\r\n          ]\r\n        }\r\n      ],\r\n      \"bootDiagnostics\": {\r\n        \"consoleScreenshotBlobUri\": \"https://xplatteststorage18865.blob.core.windows.net/bootdiagnostics-xplatvm-1b7542ec-b959-4482-b25b-9fc567c01f05/xplatvm.1b7542ec-b959-4482-b25b-9fc567c01f05.screenshot.bmp\",\r\n        \"serialConsoleLogBlobUri\": \"https://xplatteststorage18865.blob.core.windows.net/bootdiagnostics-xplatvm-1b7542ec-b959-4482-b25b-9fc567c01f05/xplatvm.1b7542ec-b959-4482-b25b-9fc567c01f05.serialconsole.log\"\r\n      },\r\n      \"statuses\": [\r\n        {\r\n          \"code\": \"ProvisioningState/succeeded\",\r\n          \"level\": \"Info\",\r\n          \"displayStatus\": \"Provisioning succeeded\",\r\n          \"time\": \"2016-02-10T23:35:44.2246496+00:00\"\r\n        },\r\n        {\r\n          \"code\": \"PowerState/running\",\r\n          \"level\": \"Info\",\r\n          \"displayStatus\": \"VM running\"\r\n        }\r\n      ]\r\n    }\r\n  },\r\n  \"id\": \"/subscriptions/e33f361b-53c2-4cc7-b829-78906708387b/resourceGroups/xplatTestGVMCreate7241/providers/Microsoft.Compute/virtualMachines/xplatvm\",\r\n  \"name\": \"xplatvm\",\r\n  \"type\": \"Microsoft.Compute/virtualMachines\",\r\n  \"location\": \"eastus\",\r\n  \"tags\": {\r\n    \"a\": \"b\",\r\n    \"b\": \"c\",\r\n    \"d\": \"\"\r\n  }\r\n}", { 'cache-control': 'no-cache',
  pragma: 'no-cache',
  'content-length': '5207',
  'content-type': 'application/json; charset=utf-8',
  expires: '-1',
  'strict-transport-security': 'max-age=31536000; includeSubDomains',
  'x-ms-served-by': 'db2c81f2-c6fa-41a7-b70e-bc4bed3c3b56_130996210468710279',
  'x-ms-request-id': 'ada412cc-344a-4621-a8a3-0cdd5eaf1329',
  server: 'Microsoft-HTTPAPI/2.0, Microsoft-HTTPAPI/2.0',
  'x-ms-ratelimit-remaining-subscription-reads': '14963',
  'x-ms-correlation-request-id': 'f41bb22b-9680-4606-a79e-b829ea1fb3fc',
  'x-ms-routing-request-id': 'WESTUS:20160210T234730Z:f41bb22b-9680-4606-a79e-b829ea1fb3fc',
  date: 'Wed, 10 Feb 2016 23:47:30 GMT',
  connection: 'close' });
 return result; },
function (nock) { 
var result = 
nock('https://management.azure.com:443')
  .get('/subscriptions/e33f361b-53c2-4cc7-b829-78906708387b/resourceGroups/xplatTestGVMCreate7241/providers/Microsoft.Compute/virtualMachines/xplatvm?$expand=instanceView&api-version=2015-06-15')
  .reply(200, "{\r\n  \"properties\": {\r\n    \"vmId\": \"1b7542ec-b959-4482-b25b-9fc567c01f05\",\r\n    \"availabilitySet\": {\r\n      \"id\": \"/subscriptions/e33f361b-53c2-4cc7-b829-78906708387b/resourceGroups/xplatTestGVMCreate7241/providers/Microsoft.Compute/availabilitySets/XPLATTESTAAVAIL4394\"\r\n    },\r\n    \"hardwareProfile\": {\r\n      \"vmSize\": \"Standard_A1\"\r\n    },\r\n    \"storageProfile\": {\r\n      \"imageReference\": {\r\n        \"publisher\": \"canonical\",\r\n        \"offer\": \"UbuntuServer\",\r\n        \"sku\": \"15.10\",\r\n        \"version\": \"latest\"\r\n      },\r\n      \"osDisk\": {\r\n        \"osType\": \"Linux\",\r\n        \"name\": \"clifcf46b2000d42a7b-os-1455147237275\",\r\n        \"createOption\": \"FromImage\",\r\n        \"vhd\": {\r\n          \"uri\": \"https://xplatteststorage18865.blob.core.windows.net/xplatteststoragecnt12307/clifcf46b2000d42a7b-os-1455147237275.vhd\"\r\n        },\r\n        \"caching\": \"ReadWrite\"\r\n      },\r\n      \"dataDisks\": []\r\n    },\r\n    \"osProfile\": {\r\n      \"computerName\": \"xplatvm\",\r\n      \"adminUsername\": \"azureuser\",\r\n      \"linuxConfiguration\": {\r\n        \"disablePasswordAuthentication\": false,\r\n        \"ssh\": {\r\n          \"publicKeys\": [\r\n            {\r\n              \"path\": \"/home/azureuser/.ssh/authorized_keys\",\r\n              \"keyData\": \"MIID/zCCAuegAwIBAgIJAMUAa+XVLvAeMA0GCSqGSIb3DQEBBQUAMIGVMQswCQYD\\r\\nVQQGEwJJbjESMBAGA1UECAwJS2FybmF0YWthMRIwEAYDVQQHDAlCYW5nYWxvcmUx\\r\\nEDAOBgNVBAoMB2JyaWxsaW8xEjAQBgNVBAsMCW1pY3Jvc29mdDEQMA4GA1UEAwwH\\r\\nYnJpbGxpbzEmMCQGCSqGSIb3DQEJARYXc3JlZWthbnRoYnNAeWFob28uY28uaW4w\\r\\nHhcNMTUwMzA1MTE1MzEyWhcNMTYwMzA0MTE1MzEyWjCBlTELMAkGA1UEBhMCSW4x\\r\\nEjAQBgNVBAgMCUthcm5hdGFrYTESMBAGA1UEBwwJQmFuZ2Fsb3JlMRAwDgYDVQQK\\r\\nDAdicmlsbGlvMRIwEAYDVQQLDAltaWNyb3NvZnQxEDAOBgNVBAMMB2JyaWxsaW8x\\r\\nJjAkBgkqhkiG9w0BCQEWF3NyZWVrYW50aGJzQHlhaG9vLmNvLmluMIIBIjANBgkq\\r\\nhkiG9w0BAQEFAAOCAQ8AMIIBCgKCAQEAyUNKaOuT0NK+S8Ck81zy9xJ6hXfZvAC6\\r\\nlhbmf/6s/WVimJ/TX5NMhQJwC9k6ZIF92KfYrojHNvHDufSZ3EtKUVwRFCDjmgMT\\r\\nDL09WkGaZt7gROYFK0iZ4KrYGovUwlwum9fHB24OJiOV4bi0ek62/rHx9fjYZpvp\\r\\naIH2PV/hN8SCZ0x7HJMberD4gVoU/Kv42nNvwjLUW6IZfVx/Gv5OeFDtWHfSvUEF\\r\\ndadHKTPn3Ab20Iu6gZIbLO9Vuf38/IpaYGfnFCouHdzmiTiLieYNe3CUPcOJNSv7\\r\\n1G8KYpx3uNJRkJPab5OsRyJw75Gvzkr9OgaPss9tVD6Gt68u3WQtVQIDAQABo1Aw\\r\\nTjAdBgNVHQ4EFgQUogvhXB+xZ2JJPfLO6cVs4ForzscwHwYDVR0jBBgwFoAUogvh\\r\\nXB+xZ2JJPfLO6cVs4ForzscwDAYDVR0TBAUwAwEB/zANBgkqhkiG9w0BAQUFAAOC\\r\\nAQEAdDj7qUNJ45xlF5cjd+4x5NHvAD1VTjOKu+Xh/uzSSjXqB2F0aOMWA9lx0qaQ\\r\\noJgHkGxj3zz/W7ik/cVGL2O+vRIOKv/y0OPogEmS3Hw+P+O6OGE7x1G6YN0zLVoL\\r\\nu4BN/BEYmjttxM9I7qqL7C5cJoE+K3s/w1/pt/68ohJcr7F9Ohi7cso62xuGY1Rm\\r\\nksAh2EUDsU9JV/P+C9AMpLSrb03JJYzVj4w1RHbrmw2AjFyGXdQYkggyXisg+Ifr\\r\\n5gbNN7HigpHf7b2i3CQBUqp9m23frh5AhnLI2qp3UXgc52U5ieLdi/t6j0TTZqqY\\r\\nHhHqofKrj938HHlBNpC5/LVh3w==\\r\\n\"\r\n            }\r\n          ]\r\n        }\r\n      },\r\n      \"secrets\": []\r\n    },\r\n    \"networkProfile\": {\"networkInterfaces\":[{\"id\":\"/subscriptions/e33f361b-53c2-4cc7-b829-78906708387b/resourceGroups/xplatTestGVMCreate7241/providers/Microsoft.Network/networkInterfaces/xplattestnic\"}]},\r\n    \"diagnosticsProfile\": {\r\n      \"bootDiagnostics\": {\r\n        \"enabled\": true,\r\n        \"storageUri\": \"https://xplatteststorage18865.blob.core.windows.net/\"\r\n      }\r\n    },\r\n    \"provisioningState\": \"Succeeded\",\r\n    \"instanceView\": {\r\n      \"platformUpdateDomain\": 0,\r\n      \"platformFaultDomain\": 0,\r\n      \"vmAgent\": {\r\n        \"vmAgentVersion\": \"2.1.2\",\r\n        \"statuses\": [\r\n          {\r\n            \"code\": \"ProvisioningState/succeeded\",\r\n            \"level\": \"Info\",\r\n            \"displayStatus\": \"Ready\",\r\n            \"message\": \"Guest Agent is running\",\r\n            \"time\": \"2016-02-10T23:47:25+00:00\"\r\n          }\r\n        ],\r\n        \"extensionHandlers\": []\r\n      },\r\n      \"disks\": [\r\n        {\r\n          \"name\": \"clifcf46b2000d42a7b-os-1455147237275\",\r\n          \"statuses\": [\r\n            {\r\n              \"code\": \"ProvisioningState/succeeded\",\r\n              \"level\": \"Info\",\r\n              \"displayStatus\": \"Provisioning succeeded\",\r\n              \"time\": \"2016-02-10T23:35:24.9902838+00:00\"\r\n            }\r\n          ]\r\n        }\r\n      ],\r\n      \"bootDiagnostics\": {\r\n        \"consoleScreenshotBlobUri\": \"https://xplatteststorage18865.blob.core.windows.net/bootdiagnostics-xplatvm-1b7542ec-b959-4482-b25b-9fc567c01f05/xplatvm.1b7542ec-b959-4482-b25b-9fc567c01f05.screenshot.bmp\",\r\n        \"serialConsoleLogBlobUri\": \"https://xplatteststorage18865.blob.core.windows.net/bootdiagnostics-xplatvm-1b7542ec-b959-4482-b25b-9fc567c01f05/xplatvm.1b7542ec-b959-4482-b25b-9fc567c01f05.serialconsole.log\"\r\n      },\r\n      \"statuses\": [\r\n        {\r\n          \"code\": \"ProvisioningState/succeeded\",\r\n          \"level\": \"Info\",\r\n          \"displayStatus\": \"Provisioning succeeded\",\r\n          \"time\": \"2016-02-10T23:35:44.2246496+00:00\"\r\n        },\r\n        {\r\n          \"code\": \"PowerState/running\",\r\n          \"level\": \"Info\",\r\n          \"displayStatus\": \"VM running\"\r\n        }\r\n      ]\r\n    }\r\n  },\r\n  \"id\": \"/subscriptions/e33f361b-53c2-4cc7-b829-78906708387b/resourceGroups/xplatTestGVMCreate7241/providers/Microsoft.Compute/virtualMachines/xplatvm\",\r\n  \"name\": \"xplatvm\",\r\n  \"type\": \"Microsoft.Compute/virtualMachines\",\r\n  \"location\": \"eastus\",\r\n  \"tags\": {\r\n    \"a\": \"b\",\r\n    \"b\": \"c\",\r\n    \"d\": \"\"\r\n  }\r\n}", { 'cache-control': 'no-cache',
  pragma: 'no-cache',
  'content-length': '5207',
  'content-type': 'application/json; charset=utf-8',
  expires: '-1',
  'strict-transport-security': 'max-age=31536000; includeSubDomains',
  'x-ms-served-by': 'db2c81f2-c6fa-41a7-b70e-bc4bed3c3b56_130996210468710279',
  'x-ms-request-id': 'ada412cc-344a-4621-a8a3-0cdd5eaf1329',
  server: 'Microsoft-HTTPAPI/2.0, Microsoft-HTTPAPI/2.0',
  'x-ms-ratelimit-remaining-subscription-reads': '14963',
  'x-ms-correlation-request-id': 'f41bb22b-9680-4606-a79e-b829ea1fb3fc',
  'x-ms-routing-request-id': 'WESTUS:20160210T234730Z:f41bb22b-9680-4606-a79e-b829ea1fb3fc',
  date: 'Wed, 10 Feb 2016 23:47:30 GMT',
  connection: 'close' });
 return result; },
function (nock) { 
var result = 
nock('http://management.azure.com:443')
  .post('/subscriptions/e33f361b-53c2-4cc7-b829-78906708387b/resourceGroups/xplatTestGVMCreate7241/providers/Microsoft.Storage/storageAccounts/xplatteststorage18865/listKeys?api-version=2015-06-15')
  .reply(200, "{\"key1\":\"MpYAGbW/YSj/ag0z9bu4NasaTHYOrbmuiqEPmujxuGZSrUPRbtEotms/zqwimbGd3rUMw2X1ETJhHU3ma6yjEg==\",\"key2\":\"1M/F/ylpUSmW+ttVNJ8NdZzCyE2ogetRj7yxzhi1Y2DrEyeo9mH1FYt7cC+Xh9qkraHjUBfp7LWz75dWsFSvRg==\"}\n", { 'cache-control': 'no-cache',
  pragma: 'no-cache',
  'content-length': '198',
  'content-type': 'application/json',
  expires: '-1',
  'x-ms-request-id': '6ecf97bc-7f5e-449a-a90a-dedb5d9b0ab6',
  server: 'Microsoft-Azure-Storage-Resource-Provider/1.0, Microsoft-HTTPAPI/2.0',
  'x-ms-ratelimit-remaining-subscription-writes': '1197',
  'x-ms-correlation-request-id': '6ecf97bc-7f5e-449a-a90a-dedb5d9b0ab6',
  'x-ms-routing-request-id': 'WESTUS:20160210T234730Z:6ecf97bc-7f5e-449a-a90a-dedb5d9b0ab6',
  'strict-transport-security': 'max-age=31536000; includeSubDomains',
  date: 'Wed, 10 Feb 2016 23:47:29 GMT',
  connection: 'close' });
 return result; },
function (nock) { 
var result = 
nock('https://management.azure.com:443')
  .post('/subscriptions/e33f361b-53c2-4cc7-b829-78906708387b/resourceGroups/xplatTestGVMCreate7241/providers/Microsoft.Storage/storageAccounts/xplatteststorage18865/listKeys?api-version=2015-06-15')
  .reply(200, "{\"key1\":\"MpYAGbW/YSj/ag0z9bu4NasaTHYOrbmuiqEPmujxuGZSrUPRbtEotms/zqwimbGd3rUMw2X1ETJhHU3ma6yjEg==\",\"key2\":\"1M/F/ylpUSmW+ttVNJ8NdZzCyE2ogetRj7yxzhi1Y2DrEyeo9mH1FYt7cC+Xh9qkraHjUBfp7LWz75dWsFSvRg==\"}\n", { 'cache-control': 'no-cache',
  pragma: 'no-cache',
  'content-length': '198',
  'content-type': 'application/json',
  expires: '-1',
  'x-ms-request-id': '6ecf97bc-7f5e-449a-a90a-dedb5d9b0ab6',
  server: 'Microsoft-Azure-Storage-Resource-Provider/1.0, Microsoft-HTTPAPI/2.0',
  'x-ms-ratelimit-remaining-subscription-writes': '1197',
  'x-ms-correlation-request-id': '6ecf97bc-7f5e-449a-a90a-dedb5d9b0ab6',
  'x-ms-routing-request-id': 'WESTUS:20160210T234730Z:6ecf97bc-7f5e-449a-a90a-dedb5d9b0ab6',
  'strict-transport-security': 'max-age=31536000; includeSubDomains',
  date: 'Wed, 10 Feb 2016 23:47:29 GMT',
  connection: 'close' });
 return result; },
function (nock) { 
var result = 
nock('http://xplatteststorage18865.blob.core.windows.net:443')
  .head('/bootdiagnostics-xplatvm-1b7542ec-b959-4482-b25b-9fc567c01f05/xplatvm.1b7542ec-b959-4482-b25b-9fc567c01f05.serialconsole.log')
  .reply(200, "", { 'content-length': '66560',
  'last-modified': 'Wed, 10 Feb 2016 23:46:51 GMT',
  'accept-ranges': 'bytes',
  etag: '"0x8D332747324A952"',
  server: 'Windows-Azure-Blob/1.0 Microsoft-HTTPAPI/2.0',
  'x-ms-request-id': '5f41dc8b-0001-0085-1c5d-649f9a000000',
  'x-ms-version': '2015-02-21',
  'x-ms-lease-status': 'unlocked',
  'x-ms-lease-state': 'available',
  'x-ms-blob-type': 'PageBlob',
  'x-ms-blob-sequence-number': '0',
  date: 'Wed, 10 Feb 2016 23:47:25 GMT',
  connection: 'close' });
 return result; },
function (nock) { 
var result = 
nock('https://xplatteststorage18865.blob.core.windows.net:443')
  .head('/bootdiagnostics-xplatvm-1b7542ec-b959-4482-b25b-9fc567c01f05/xplatvm.1b7542ec-b959-4482-b25b-9fc567c01f05.serialconsole.log')
  .reply(200, "", { 'content-length': '66560',
  'last-modified': 'Wed, 10 Feb 2016 23:46:51 GMT',
  'accept-ranges': 'bytes',
  etag: '"0x8D332747324A952"',
  server: 'Windows-Azure-Blob/1.0 Microsoft-HTTPAPI/2.0',
  'x-ms-request-id': '5f41dc8b-0001-0085-1c5d-649f9a000000',
  'x-ms-version': '2015-02-21',
  'x-ms-lease-status': 'unlocked',
  'x-ms-lease-state': 'available',
  'x-ms-blob-type': 'PageBlob',
  'x-ms-blob-sequence-number': '0',
  date: 'Wed, 10 Feb 2016 23:47:25 GMT',
  connection: 'close' });
 return result; },
function (nock) { 
var result = 
nock('http://xplatteststorage18865.blob.core.windows.net:443')
  .get('/bootdiagnostics-xplatvm-1b7542ec-b959-4482-b25b-9fc567c01f05/xplatvm.1b7542ec-b959-4482-b25b-9fc567c01f05.serialconsole.log')
  .reply(200, "\u001b[H\u001b[J\u001b[1;1H[    0.000000] Initializing cgroup subsys cpuset\r\n[    0.000000] Initializing cgroup subsys cpu\r\n[    0.000000] Initializing cgroup subsys cpuacct\r\n[    0.000000] Linux version 4.2.0-27-generic (buildd@lgw01-12) (gcc version 5.2.1 20151010 (Ubuntu 5.2.1-22ubuntu2) ) #32-Ubuntu SMP Fri Jan 22 04:49:08 UTC 2016 (Ubuntu 4.2.0-27.32-generic 4.2.8-ckt1)\r\n[    0.000000] Command line: BOOT_IMAGE=/boot/vmlinuz-4.2.0-27-generic root=UUID=00dbac90-0d84-46e7-b813-31837bb7b225 ro console=tty1 console=ttyS0 earlyprintk=ttyS0 rootdelay=300\r\n[    0.000000] KERNEL supported cpus:\r\n[    0.000000]   Intel GenuineIntel\r\n[    0.000000]   AMD AuthenticAMD\r\n[    0.000000]   Centaur CentaurHauls\r\n[    0.000000] x86/fpu: xstate_offset[2]: 0240, xstate_sizes[2]: 0100\r\n[    0.000000] x86/fpu: Supporting XSAVE feature 0x01: 'x87 floating point registers'\r\n[    0.000000] x86/fpu: Supporting XSAVE feature 0x02: 'SSE registers'\r\n[    0.000000] x86/fpu: Supporting XSAVE feature 0x04: 'AVX registers'\r\n[    0.000000] x86/fpu: Enabled xstate features 0x7, context size is 0x340 bytes, using 'standard' format.\r\n[    0.000000] x86/fpu: Using 'eager' FPU context switches.\r\n[    0.000000] e820: BIOS-provided physical RAM map:\r\n[    0.000000] BIOS-e820: [mem 0x0000000000000000-0x000000000009fbff] usable\r\n[    0.000000] BIOS-e820: [mem 0x000000000009fc00-0x000000000009ffff] reserved\r\n[    0.000000] BIOS-e820: [mem 0x00000000000e0000-0x00000000000fffff] reserved\r\n[    0.000000] BIOS-e820: [mem 0x0000000000100000-0x000000001ffeffff] usable\r\n[    0.000000] BIOS-e820: [mem 0x000000001fff0000-0x000000001fffefff] ACPI data\r\n[    0.000000] BIOS-e820: [mem 0x000000001ffff000-0x000000001fffffff] ACPI NVS\r\n[    0.000000] BIOS-e820: [mem 0x0000000100000000-0x000000014fffffff] usable\r\n[    0.000000] bootconsole [earlyser0] enabled\r\n[    0.000000] NX (Execute Disable) protection: active\r\n[    0.000000] SMBIOS 2.3 present.\r\n[    0.000000] Hypervisor detected: Microsoft HyperV\r\n[    0.000000] HyperV: features 0xe7f, hints 0x2c\r\n[    0.000000] HyperV: LAPIC Timer Frequency: 0xc3500\r\n[    0.000000] clocksource: hyperv_clocksource: mask: 0xffffffffffffffff max_cycles: 0x24e6a1710, max_idle_ns: 440795202120 ns\r\n[    0.000000] tsc: Marking TSC unstable due to running on Hyper-V\r\n[    0.000000] e820: last_pfn = 0x150000 max_arch_pfn = 0x400000000\r\n[    0.000000] x86/PAT: Configuration [0-7]: WB  WC  UC- UC  WB  WC  UC- WT  \r\n[    0.000000] e820: last_pfn = 0x1fff0 max_arch_pfn = 0x400000000\r\n[    0.000000] found SMP MP-table at [mem 0x000ff780-0x000ff78f] mapped at [ffff8800000ff780]\r\n[    0.000000] Scanning 1 areas for low memory corruption\r\n[    0.000000] init_memory_mapping: [mem 0x00000000-0x000fffff]\r\n[    0.000000] init_memory_mapping: [mem 0x14fe00000-0x14fffffff]\r\n[    0.000000] init_memory_mapping: [mem 0x140000000-0x14fdfffff]\r\n[    0.000000] init_memory_mapping: [mem 0x120000000-0x13fffffff]\r\n[    0.000000] init_memory_mapping: [mem 0x00100000-0x1ffeffff]\r\n[    0.000000] init_memory_mapping: [mem 0x100000000-0x11fffffff]\r\n[    0.000000] RAMDISK: [mem 0x1d9ee000-0x1f7b1fff]\r\n[    0.000000] ACPI: Early table checksum verification disabled\r\n[    0.000000] ACPI: RSDP 0x00000000000F56F0 000014 (v00 ACPIAM)\r\n[    0.000000] ACPI: RSDT 0x000000001FFF0000 000040 (v01 VRTUAL MICROSFT 05001223 MSFT 00000097)\r\n[    0.000000] ACPI: FACP 0x000000001FFF0200 000081 (v02 VRTUAL MICROSFT 05001223 MSFT 00000097)\r\n[    0.000000] ACPI: DSDT 0x000000001FFF1724 002E78 (v01 MSFTVM MSFTVM02 00000002 INTL 02002026)\r\n[    0.000000] ACPI: FACS 0x000000001FFFF000 000040\r\n[    0.000000] ACPI: WAET 0x000000001FFF1480 000028 (v01 VRTUAL MICROSFT 05001223 MSFT 00000097)\r\n[    0.000000] ACPI: SLIC 0x000000001FFF14C0 000176 (v01 VRTUAL MICROSFT 05001223 MSFT 00000097)\r\n[    0.000000] ACPI: OEM0 0x000000001FFF16C0 000064 (v01 VRTUAL MICROSFT 05001223 MSFT 00000097)\r\n[    0.000000] ACPI: SRAT 0x000000001FFF0600 000090 (v02 VRTUAL MICROSFT 00000001 MSFT 00000001)\r\n[    0.000000] ACPI: APIC 0x000000001FFF0300 00024C (v01 VRTUAL MICROSFT 05001223 MSFT 00000097)\r\n[    0.000000] ACPI: OEMB 0x000000001FFFF040 000064 (v01 VRTUAL MICROSFT 05001223 MSFT 00000097)\r\n[    0.000000] SRAT: PXM 0 -> APIC 0x00 -> Node 0\r\n[    0.000000] SRAT: Node 0 PXM 0 [mem 0x00000000-0x1fffffff]\r\n[    0.000000] SRAT: Node 0 PXM 0 [mem 0x100000000-0x14fffffff]\r\n[    0.000000] NUMA: Node 0 [mem 0x00000000-0x1fffffff] + [mem 0x100000000-0x14fffffff] -> [mem 0x00000000-0x14fffffff]\r\n[    0.000000] NODE_DATA(0) allocated [mem 0x14fffa000-0x14fffefff]\r\n[    0.000000] Zone ranges:\r\n[    0.000000]   DMA      [mem 0x0000000000001000-0x0000000000ffffff]\r\n[    0.000000]   DMA32    [mem 0x0000000001000000-0x00000000ffffffff]\r\n[    0.000000]   Normal   [mem 0x0000000100000000-0x000000014fffffff]\r\n[    0.000000] Movable zone start for each node\r\n[    0.000000] Early memory node ranges\r\n[    0.000000]   node   0: [mem 0x0000000000001000-0x000000000009efff]\r\n[    0.000000]   node   0: [mem 0x0000000000100000-0x000000001ffeffff]\r\n[    0.000000]   node   0: [mem 0x0000000100000000-0x000000014fffffff]\r\n[    0.000000] Initmem setup node 0 [mem 0x0000000000001000-0x000000014fffffff]\r\n[    0.000000] ACPI: PM-Timer IO Port: 0x408\r\n[    0.000000] IOAPIC[0]: apic_id 0, version 17, address 0xfec00000, GSI 0-23\r\n[    0.000000] ACPI: INT_SRC_OVR (bus 0 bus_irq 0 global_irq 2 dfl dfl)\r\n[    0.000000] ACPI: INT_SRC_OVR (bus 0 bus_irq 9 global_irq 9 high level)\r\n[    0.000000] Using ACPI (MADT) for SMP configuration information\r\n[    0.000000] smpboot: Allowing 64 CPUs, 63 hotplug CPUs\r\n[    0.000000] PM: Registered nosave memory: [mem 0x00000000-0x00000fff]\r\n[    0.000000] PM: Registered nosave memory: [mem 0x0009f000-0x0009ffff]\r\n[    0.000000] PM: Registered nosave memory: [mem 0x000a0000-0x000dffff]\r\n[    0.000000] PM: Registered nosave memory: [mem 0x000e0000-0x000fffff]\r\n[    0.000000] PM: Registered nosave memory: [mem 0x1fff0000-0x1fffefff]\r\n[    0.000000] PM: Registered nosave memory: [mem 0x1ffff000-0x1fffffff]\r\n[    0.000000] PM: Registered nosave memory: [mem 0x20000000-0xffffffff]\r\n[    0.000000] e820: [mem 0x20000000-0xffffffff] available for PCI devices\r\n[    0.000000] Booting paravirtualized kernel on bare hardware\r\n[    0.000000] clocksource: refined-jiffies: mask: 0xffffffff max_cycles: 0xffffffff, max_idle_ns: 7645519600211568 ns\r\n[    0.000000] setup_percpu: NR_CPUS:256 nr_cpumask_bits:256 nr_cpu_ids:64 nr_node_ids:1\r\n[    0.000000] PERCPU: Embedded 33 pages/cpu @ffff88014ca00000 s96728 r8192 d30248 u262144\r\n[    0.000000] Built 1 zonelists in Node order, mobility grouping on.  Total pages: 451449\r\n[    0.000000] Policy zone: Normal\r\n[    0.000000] Kernel command line: BOOT_IMAGE=/boot/vmlinuz-4.2.0-27-generic root=UUID=00dbac90-0d84-46e7-b813-31837bb7b225 ro console=tty1 console=ttyS0 earlyprintk=ttyS0 rootdelay=300\r\n[    0.000000] log_buf_len individual max cpu contribution: 4096 bytes\r\n[    0.000000] log_buf_len total cpu_extra contributions: 258048 bytes\r\n[    0.000000] log_buf_len min size: 262144 bytes\r\n[    0.000000] log_buf_len: 524288 bytes\r\n[    0.000000] early log buf free: 252288(96%)\r\n[    0.000000] PID hash table entries: 4096 (order: 3, 32768 bytes)\r\n[    0.000000] Memory: 1683688K/1834552K available (8154K kernel code, 1238K rwdata, 3804K rodata, 1460K init, 1292K bss, 150864K reserved, 0K cma-reserved)\r\n[    0.000000] SLUB: HWalign=64, Order=0-3, MinObjects=0, CPUs=64, Nodes=1\r\n[    0.000000] Hierarchical RCU implementation.\r\n[    0.000000] \tBuild-time adjustment of leaf fanout to 64.\r\n[    0.000000] \tRCU restricting CPUs from NR_CPUS=256 to nr_cpu_ids=64.\r\n[    0.000000] RCU: Adjusting geometry for rcu_fanout_leaf=64, nr_cpu_ids=64\r\n[    0.000000] NR_IRQS:16640 nr_irqs:936 16\r\n[    0.000000] \tOffload RCU callbacks from all CPUs\r\n[    0.000000] \tOffload RCU callbacks from CPUs: 0-63.\r\n[    0.000000] Console: colour VGA+ 80x25\r\n[    0.000000] console [tty1] enabled\r\n[    0.000000] console [ttyS0] enabled\r\n[    0.000000] console [ttyS0] enabled\r\n[    0.000000] bootconsole [earlyser0] disabled\r\n[    0.000000] bootconsole [earlyser0] disabled\r\n[    0.000000] tsc: Fast TSC calibration failed\r\n[    0.000000] tsc: Unable to calibrate against PIT\r\n[    0.000000] tsc: using PMTIMER reference calibration\r\n[    0.000000] tsc: Detected 2397.192 MHz processor\r\n[    0.016029] Calibrating delay loop (skipped), value calculated using timer frequency.. 4794.38 BogoMIPS (lpj=9588768)\r\n[    0.018197] pid_max: default: 65536 minimum: 512\r\n[    0.020033] ACPI: Core revision 20150619\r\n[    0.022315] ACPI: All ACPI Tables successfully acquired\r\n[    0.024074] Security Framework initialized\r\n[    0.025117] AppArmor: AppArmor initialized\r\n[    0.026137] Yama: becoming mindful.\r\n[    0.028043] Dentry cache hash table entries: 262144 (order: 9, 2097152 bytes)\r\n[    0.029607] Inode-cache hash table entries: 131072 (order: 8, 1048576 bytes)\r\n[    0.031791] Mount-cache hash table entries: 4096 (order: 3, 32768 bytes)\r\n[    0.032017] Mountpoint-cache hash table entries: 4096 (order: 3, 32768 bytes)\r\n[    0.033486] Initializing cgroup subsys blkio\r\n[    0.034673] Initializing cgroup subsys memory\r\n[    0.036032] Initializing cgroup subsys devices\r\n[    0.037358] Initializing cgroup subsys freezer\r\n[    0.038407] Initializing cgroup subsys net_cls\r\n[    0.040016] Initializing cgroup subsys perf_event\r\n[    0.041193] Initializing cgroup subsys net_prio\r\n[    0.042318] Initializing cgroup subsys hugetlb\r\n[    0.044639] mce: CPU supports 1 MCE banks\r\n[    0.045661] Last level iTLB entries: 4KB 1024, 2MB 1024, 4MB 1024\r\n[    0.046814] Last level dTLB entries: 4KB 1024, 2MB 1024, 4MB 1024, 1GB 4\r\n[    0.072551] ftrace: allocating 30933 entries in 121 pages\r\n[    0.088144] Switched APIC routing to physical flat.\r\n[    0.103085] ..TIMER: vector=0x30 apic1=0 pin1=2 apic2=-1 pin2=-1\r\n[    0.104079] smpboot: CPU0: Intel(R) Xeon(R) CPU E5-2673 v3 @ 2.40GHz (fam: 06, model: 3f, stepping: 02)\r\n[    0.120034] Performance Events: unsupported p6 CPU model 63 no PMU driver, software events only.\r\n[    0.136911] x86: Booted up 1 node, 1 CPUs\r\n[    0.140011] smpboot: Total of 1 processors activated (4794.38 BogoMIPS)\r\n[    0.144014] NMI watchdog: disabled (cpu0): hardware events not enabled\r\n[    0.148002] NMI watchdog: Shutting down hard lockup detector on all cpus\r\n[    0.156950] devtmpfs: initialized\r\n[    0.164649] evm: security.selinux\r\n[    0.168002] evm: security.SMACK64\r\n[    0.172001] evm: security.SMACK64EXEC\r\n[    0.176006] evm: security.SMACK64TRANSMUTE\r\n[    0.180006] evm: security.SMACK64MMAP\r\n[    0.188002] evm: security.ima\r\n[    0.192002] evm: security.capability\r\n[    0.196126] PM: Registering ACPI NVS region [mem 0x1ffff000-0x1fffffff] (4096 bytes)\r\n[    0.200133] clocksource: jiffies: mask: 0xffffffff max_cycles: 0xffffffff, max_idle_ns: 7645041785100000 ns\r\n[    0.204237] pinctrl core: initialized pinctrl subsystem\r\n[    0.208372] RTC time: 23:35:03, date: 02/10/16\r\n[    0.212176] NET: Registered protocol family 16\r\n[    0.216180] cpuidle: using governor ladder\r\n[    0.220004] cpuidle: using governor menu\r\n[    0.224094] ACPI: bus type PCI registered\r\n[    0.228002] acpiphp: ACPI Hot Plug PCI Controller Driver version: 0.5\r\n[    0.232292] PCI: Using configuration type 1 for base access\r\n[    0.237316] ACPI: Added _OSI(Module Device)\r\n[    0.240003] ACPI: Added _OSI(Processor Device)\r\n[    0.244001] ACPI: Added _OSI(3.0 _SCP Extensions)\r\n[    0.248001] ACPI: Added _OSI(Processor Aggregator Device)\r\n[    0.253875] ACPI: Interpreter enabled\r\n[    0.256006] ACPI Exception: AE_NOT_FOUND, While evaluating Sleep State [\\_S1_] (20150619/hwxface-580)\r\n[    0.268004] ACPI Exception: AE_NOT_FOUND, While evaluating Sleep State [\\_S2_] (20150619/hwxface-580)\r\n[    0.280003] ACPI Exception: AE_NOT_FOUND, While evaluating Sleep State [\\_S3_] (20150619/hwxface-580)\r\n[    0.292004] ACPI Exception: AE_NOT_FOUND, While evaluating Sleep State [\\_S4_] (20150619/hwxface-580)\r\n[    0.304011] ACPI: (supports S0 S5)\r\n[    0.308001] ACPI: Using IOAPIC for interrupt routing\r\n[    0.312059] PCI: Using host bridge windows from ACPI; if necessary, use \"pci=nocrs\" and report a bug\r\n[    0.328337] ACPI: PCI Root Bridge [PCI0] (domain 0000 [bus 00-ff])\r\n[    0.332006] acpi PNP0A03:00: _OSC: OS supports [ASPM ClockPM Segments MSI]\r\n[    0.336006] acpi PNP0A03:00: _OSC failed (AE_NOT_FOUND); disabling ASPM\r\n[    0.340365] acpi PNP0A03:00: fail to add MMCONFIG information, can't access extended PCI configuration space under this bridge.\r\n[    0.344113] PCI host bridge to bus 0000:00\r\n[    0.348004] pci_bus 0000:00: root bus resource [bus 00-ff]\r\n[    0.352003] pci_bus 0000:00: root bus resource [mem 0xfe0000000-0xfffefffff window]\r\n[    0.356003] pci_bus 0000:00: root bus resource [io  0x0000-0x0cf7 window]\r\n[    0.360003] pci_bus 0000:00: root bus resource [io  0x0d00-0xffff window]\r\n[    0.364004] pci_bus 0000:00: root bus resource [mem 0x000a0000-0x000bffff window]\r\n[    0.368008] pci_bus 0000:00: root bus resource [mem 0x20000000-0xfffbffff window]\r\n[    0.380049] pci 0000:00:07.1: legacy IDE quirk: reg 0x10: [io  0x01f0-0x01f7]\r\n[    0.384002] pci 0000:00:07.1: legacy IDE quirk: reg 0x14: [io  0x03f6]\r\n[    0.388002] pci 0000:00:07.1: legacy IDE quirk: reg 0x18: [io  0x0170-0x0177]\r\n[    0.392003] pci 0000:00:07.1: legacy IDE quirk: reg 0x1c: [io  0x0376]\r\n[    0.396384] * Found PM-Timer Bug on the chipset. Due to workarounds for a bug,\r\n[    0.396384] * this clock source is slow. Consider trying other clock sources\r\n[    0.401354] pci 0000:00:07.3: quirk: [io  0x0400-0x043f] claimed by PIIX4 ACPI\r\n[    0.413768] ACPI: PCI Interrupt Link [LNKA] (IRQs 3 4 5 7 9 10 *11 12 14 15)\r\n[    0.432173] ACPI: PCI Interrupt Link [LNKB] (IRQs 3 4 5 7 9 10 11 12 14 15) *0, disabled.\r\n[    0.457370] ACPI: PCI Interrupt Link [LNKC] (IRQs 3 4 5 7 9 10 11 12 14 15) *0, disabled.\r\n[    0.480170] ACPI: PCI Interrupt Link [LNKD] (IRQs 3 4 5 7 9 10 11 12 14 15) *0, disabled.\r\n[    0.504166] ACPI: Enabled 1 GPEs in block 00 to 0F\r\n[    0.508149] vgaarb: setting as boot device: PCI:0000:00:08.0\r\n[    0.512000] vgaarb: device added: PCI:0000:00:08.0,decodes=io+mem,owns=io+mem,locks=none\r\n[    0.512009] vgaarb: loaded\r\n[    0.516002] vgaarb: bridge control possible 0000:00:08.0\r\n[    0.520197] SCSI subsystem initialized\r\n[    0.524098] ACPI: bus type USB registered\r\n[    0.528020] usbcore: registered new interface driver usbfs\r\n[    0.532011] usbcore: registered new interface driver hub\r\n[    0.536039] usbcore: registered new device driver usb\r\n[    0.540217] PCI: Using ACPI for IRQ routing\r\n[    0.544432] NetLabel: Initializing\r\n[    0.548002] NetLabel:  domain hash size = 128\r\n[    0.552001] NetLabel:  protocols = UNLABELED CIPSOv4\r\n[    0.556012] NetLabel:  unlabeled traffic allowed by default\r\n[    0.560163] clocksource: Switched to clocksource hyperv_clocksource\r\n[    0.579821] AppArmor: AppArmor Filesystem Enabled\r\n[    0.586800] pnp: PnP ACPI init\r\n[    0.593021] system 00:06: [io  0x01e0-0x01ef] has been reserved\r\n[    0.601325] system 00:06: [io  0x0160-0x016f] has been reserved\r\n[    0.609694] system 00:06: [io  0x0278-0x027f] has been reserved\r\n[    0.618814] system 00:06: [io  0x0378-0x037f] has been reserved\r\n[    0.627690] system 00:06: [io  0x0678-0x067f] has been reserved\r\n[    0.636464] system 00:06: [io  0x0778-0x077f] has been reserved\r\n[    0.645036] system 00:06: [io  0x04d0-0x04d1] has been reserved\r\n[    0.653591] system 00:07: [io  0x0400-0x043f] has been reserved\r\n[    0.662142] system 00:07: [io  0x0370-0x0371] has been reserved\r\n[    0.670588] system 00:07: [io  0x0440-0x044f] has been reserved\r\n[    0.679020] system 00:07: [mem 0xfec00000-0xfec00fff] could not be reserved\r\n[    0.688688] system 00:07: [mem 0xfee00000-0xfee00fff] has been reserved\r\n[    0.698075] system 00:08: [mem 0x00000000-0x0009ffff] could not be reserved\r\n[    0.709004] system 00:08: [mem 0x000c0000-0x000dffff] could not be reserved\r\n[    0.719663] system 00:08: [mem 0x000e0000-0x000fffff] could not be reserved\r\n[    0.729152] system 00:08: [mem 0x00100000-0x1fffffff] could not be reserved\r\n[    0.738625] system 00:08: [mem 0xfffc0000-0xffffffff] has been reserved\r\n[    0.747788] pnp: PnP ACPI: found 9 devices\r\n[    0.764868] clocksource: acpi_pm: mask: 0xffffff max_cycles: 0xffffff, max_idle_ns: 2085701024 ns\r\n[    0.777077] NET: Registered protocol family 2\r\n[    0.783782] TCP established hash table entries: 16384 (order: 5, 131072 bytes)\r\n[    0.793821] TCP bind hash table entries: 16384 (order: 6, 262144 bytes)\r\n[    0.803087] TCP: Hash tables configured (established 16384 bind 16384)\r\n[    0.812250] UDP hash table entries: 1024 (order: 3, 32768 bytes)\r\n[    0.821446] UDP-Lite hash table entries: 1024 (order: 3, 32768 bytes)\r\n[    0.830818] NET: Registered protocol family 1\r\n[    0.837341] pci 0000:00:00.0: Limiting direct PCI/PCI transfers\r\n[    0.846052] Trying to unpack rootfs image as initramfs...\r\n[    1.824966] Freeing initrd memory: 30480K (ffff88001d9ee000 - ffff88001f7b2000)\r\n[    1.836892] PCI-DMA: Using software bounce buffering for IO (SWIOTLB)\r\n[    1.848039] software IO TLB [mem 0x199ee000-0x1d9ee000] (64MB) mapped at [ffff8800199ee000-ffff88001d9edfff]\r\n[    1.862808] clocksource: tsc: mask: 0xffffffffffffffff max_cycles: 0x228ddae9f7d, max_idle_ns: 440795259504 ns\r\n[    1.878118] RAPL PMU detected, API unit is 2^-32 Joules, 3 fixed counters 10737418240 ms ovfl timer\r\n[    1.892410] hw unit of domain pp0-core 2^-0 Joules\r\n[    1.900220] hw unit of domain package 2^-0 Joules\r\n[    1.907897] hw unit of domain dram 2^-16 Joules\r\n[    1.915316] microcode: CPU0 sig=0x306f2, pf=0x1, revision=0xffffffff\r\n[    1.925397] microcode: Microcode Update Driver: v2.00 <tigran@aivazian.fsnet.co.uk>, Peter Oruba\r\n[    1.939653] Scanning for low memory corruption every 60 seconds\r\n[    1.950150] futex hash table entries: 16384 (order: 8, 1048576 bytes)\r\n[    1.960668] Initialise system trusted keyring\r\n[    1.967937] audit: initializing netlink subsys (disabled)\r\n[    1.976580] audit: type=2000 audit(1455147303.976:1): initialized\r\n[    1.986279] HugeTLB registered 2 MB page size, pre-allocated 0 pages\r\n[    1.997145] zpool: loaded\r\n[    2.001889] zbud: loaded\r\n[    2.006885] VFS: Disk quotas dquot_6.6.0\r\n[    2.013348] VFS: Dquot-cache hash table entries: 512 (order 0, 4096 bytes)\r\n[    2.024230] fuse init (API version 7.23)\r\n[    2.030901] Key type big_key registered\r\n[    2.037324] Key type asymmetric registered\r\n[    2.044641] Asymmetric key parser 'x509' registered\r\n[    2.051904] Block layer SCSI generic (bsg) driver version 0.4 loaded (major 249)\r\n[    2.062513] io scheduler noop registered\r\n[    2.068583] io scheduler deadline registered (default)\r\n[    2.076262] io scheduler cfq registered\r\n[    2.082310] pci_hotplug: PCI Hot Plug PCI Core version: 0.5\r\n[    2.090493] pciehp: PCI Express Hot Plug Controller Driver version: 0.4\r\n[    2.129856] input: Power Button as /devices/LNXSYSTM:00/LNXPWRBN:00/input/input0\r\n[    2.140599] ACPI: Power Button [PWRF]\r\n[    2.147344] GHES: HEST is not enabled!\r\n[    2.152969] Serial: 8250/16550 driver, 32 ports, IRQ sharing enabled\r\n[    2.216861] 00:03: ttyS0 at I/O 0x3f8 (irq = 4, base_baud = 115200) is a 16550A\r\n[    2.283829] 00:04: ttyS1 at I/O 0x2f8 (irq = 3, base_baud = 115200) is a 16550A\r\n[    2.295335] Linux agpgart interface v0.103\r\n[    2.303740] brd: module loaded\r\n[    2.310096] loop: module loaded\r\n[    2.315687] ata_piix 0000:00:07.1: Hyper-V Virtual Machine detected, ATA device ignore set\r\n[    2.329536] scsi host0: ata_piix\r\n[    2.335127] scsi host1: ata_piix\r\n[    2.340613] ata1: PATA max UDMA/33 cmd 0x1f0 ctl 0x3f6 bmdma 0xffa0 irq 14\r\n[    2.351665] ata2: PATA max UDMA/33 cmd 0x170 ctl 0x376 bmdma 0xffa8 irq 15\r\n[    2.362696] libphy: Fixed MDIO Bus: probed\r\n[    2.369924] tun: Universal TUN/TAP device driver, 1.6\r\n[    2.378451] tun: (C) 1999-2004 Max Krasnyansky <maxk@qualcomm.com>\r\n[    2.388389] PPP generic driver version 2.4.2\r\n[    2.395194] ehci_hcd: USB 2.0 'Enhanced' Host Controller (EHCI) Driver\r\n[    2.404507] ehci-pci: EHCI PCI platform driver\r\n[    2.411183] ehci-platform: EHCI generic platform driver\r\n[    2.418839] ohci_hcd: USB 1.1 'Open' Host Controller (OHCI) Driver\r\n[    2.427716] ohci-pci: OHCI PCI platform driver\r\n[    2.434502] ohci-platform: OHCI generic platform driver\r\n[    2.442331] uhci_hcd: USB Universal Host Controller Interface driver\r\n[    2.452477] i8042: PNP: PS/2 Controller [PNP0303:PS2K,PNP0f03:PS2M] at 0x60,0x64 irq 1,12\r\n[    2.466191] serio: i8042 KBD port at 0x60,0x64 irq 1\r\n[    2.473502] serio: i8042 AUX port at 0x60,0x64 irq 12\r\n[    2.481001] mousedev: PS/2 mouse device common for all mice\r\n[    2.489272] rtc_cmos 00:00: RTC can wake from S4\r\n[    2.533872] input: AT Translated Set 2 keyboard as /devices/platform/i8042/serio0/input/input1\r\n[    2.547491] ata2.00: ATAPI: Virtual CD, , max MWDMA2\r\n[    2.556878] ata2.00: configured for MWDMA2\r\n[    2.564247] scsi 1:0:0:0: CD-ROM            Msft     Virtual CD/ROM   1.0  PQ: 0 ANSI: 5\r\n[    2.576329] rtc_cmos 00:00: rtc core: registered rtc_cmos as rtc0\r\n[    2.586349] sr 1:0:0:0: [sr0] scsi3-mmc drive: 0x/0x tray\r\n[    2.593561] cdrom: Uniform CD-ROM driver Revision: 3.20\r\n[    2.600814] rtc_cmos 00:00: alarms up to one month, 114 bytes nvram\r\n[    2.609105] i2c /dev entries driver\r\n[    2.615058] sr 1:0:0:0: Attached scsi generic sg0 type 5\r\n[    2.622246] device-mapper: uevent: version 1.0.3\r\n[    2.628682] device-mapper: ioctl: 4.33.0-ioctl (2015-8-18) initialised: dm-devel@redhat.com\r\n[    2.639833] ledtrig-cpu: registered to indicate activity on CPUs\r\n[    2.647754] PCCT header not found.\r\n[    2.653570] NET: Registered protocol family 10\r\n[    2.659991] NET: Registered protocol family 17\r\n[    2.666083] Key type dns_resolver registered\r\n[    2.672462] Loading compiled-in X.509 certificates\r\n[    2.679538] Loaded X.509 cert 'Build time autogenerated kernel key: 9421ce78f7dd6932d7a71d3bab89bb036afa29eb'\r\n[    2.692086] registered taskstats version 1\r\n[    2.697817] zswap: loading zswap\r\n[    2.702570] zswap: using zbud pool\r\n[    2.707475] zswap: using lzo compressor\r\n[    2.714156] Key type trusted registered\r\n[    2.721762] Key type encrypted registered\r\n[    2.727503] AppArmor: AppArmor sha1 policy hashing enabled\r\n[    2.735054] ima: No TPM chip found, activating TPM-bypass!\r\n[    2.742393] evm: HMAC attrs: 0x1\r\n[    2.747367]   Magic number: 4:197:605\r\n[    2.753019] rtc_cmos 00:00: setting system clock to 2016-02-10 23:35:06 UTC (1455147306)\r\n[    2.764712] BIOS EDD facility v0.16 2004-Jun-25, 0 devices found\r\n[    2.772682] EDD information not available.\r\n[    2.781004] Freeing unused kernel memory: 1460K (ffffffff81d37000 - ffffffff81ea4000)\r\n[    2.790990] Write protecting the kernel read-only data: 12288k\r\n[    2.798778] Freeing unused kernel memory: 24K (ffff8800017fa000 - ffff880001800000)\r\n[    2.808719] Freeing unused kernel memory: 292K (ffff880001bb7000 - ffff880001c00000)\r\nLoading, please wait...\r\nstarting version 225\r\n[    2.840026] random: udevadm urandom read with 3 bits of entropy available\r\n[    2.931334] clocksource: hyperv_clocksource_tsc_page: mask: 0xffffffffffffffff max_cycles: 0x24e6a1710, max_idle_ns: 440795202120 ns\r\n[    2.959153] Floppy drive(s): fd0 is 1.44M\r\n[    3.000124] clocksource: Switched to clocksource hyperv_clocksource_tsc_page\r\n[    3.035348] FDC 0 is an 82078.\r\n[    3.049920] hv_vmbus: Hyper-V Host Build:9600-6.3-18-0.18190; Vmbus version:3.0\r\n[    3.113564] AVX2 version of gcm_enc/dec engaged.\r\n[    3.120251] AES CTR mode by8 optimization enabled\r\n[    3.187675] hv_vmbus: registering driver hv_storvsc\r\n[    3.202774] hidraw: raw HID events driver (C) Jiri Kosina\r\n[    3.211838] hv_utils: Registering HyperV Utility Driver\r\n[    3.219221] hv_vmbus: registering driver hv_util\r\n[    3.238036] hv_vmbus: registering driver hid_hyperv\r\n[    3.255860] scsi host2: storvsc_host_t\r\n[    3.261722] scsi 2:0:0:0: Direct-Access     Msft     Virtual Disk     1.0  PQ: 0 ANSI: 4\r\n[    3.273800] sd 2:0:0:0: Attached scsi generic sg1 type 0\r\n[    3.281440] sd 2:0:0:0: [sda] 61440000 512-byte logical blocks: (31.4 GB/29.2 GiB)\r\n[    3.294584] hv_vmbus: registering driver hv_netvsc\r\n[    3.301255] sd 2:0:0:0: [sda] Write Protect is off\r\n[    3.308736] input: Microsoft Vmbus HID-compliant Mouse as /devices/0006:045E:0621.0001/input/input4\r\n[    3.322266] sd 2:0:0:0: [sda] Write cache: enabled, read cache: enabled, supports DPO and FUA\r\n[    3.338466] hid-generic 0006:045E:0621.0001: input: <UNKNOWN> HID v0.01 Mouse [Microsoft Vmbus HID-compliant Mouse] on \r\n[    3.354441]  sda: sda1\r\n[    3.359124] sd 2:0:0:0: [sda] Attached SCSI disk\r\n[    3.367091] scsi host3: storvsc_host_t\r\n[    3.373100] scsi 3:0:1:0: Direct-Access     Msft     Virtual Disk     1.0  PQ: 0 ANSI: 4\r\n[    3.385352] sd 3:0:1:0: Attached scsi generic sg2 type 0\r\n[    3.393609] sd 3:0:1:0: [sdb] 146800640 512-byte logical blocks: (75.1 GB/70.0 GiB)\r\n[    3.405134] hv_netvsc: hv_netvsc channel opened successfully\r\n[    3.412999] psmouse serio1: trackpoint: failed to get extended button data\r\n[    3.423447] sd 3:0:1:0: [sdb] Write Protect is off\r\n[    3.438367] sd 3:0:1:0: [sdb] Write cache: enabled, read cache: enabled, supports DPO and FUA\r\n[    3.453990]  sdb: sdb1\r\n[    3.460106] sd 3:0:1:0: [sdb] Attached SCSI disk\r\n[    3.598000] hv_netvsc vmbus_16: Send section size: 6144, Section count:2560\r\n[    3.608253] hv_netvsc vmbus_16: Device MAC 00:0d:3a:11:35:28 link state up\r\n[    3.628987] scsi host4: storvsc_host_t\r\n[    3.635559] scsi 4:0:0:0: scsi scan: INQUIRY result too short (5), using 36\r\n[    3.645223] scsi 4:0:0:1: scsi scan: INQUIRY result too short (5), using 36\r\n[    3.654793] scsi 4:0:1:0: scsi scan: INQUIRY result too short (5), using 36\r\n[    3.664862] scsi 4:0:1:1: scsi scan: INQUIRY result too short (5), using 36\r\n[    3.675120] scsi 4:1:0:0: scsi scan: INQUIRY result too short (5), using 36\r\n[    3.684442] scsi host5: storvsc_host_t\r\n[    3.689870] scsi 4:1:0:1: scsi scan: INQUIRY result too short (5), using 36\r\n[    3.699552] scsi 5:0:0:0: scsi scan: INQUIRY result too short (5), using 36\r\n[    3.709199] scsi 4:1:1:0: scsi scan: INQUIRY result too short (5), using 36\r\n[    3.718588] scsi 5:0:0:1: scsi scan: INQUIRY result too short (5), using 36\r\n[    3.727748] scsi 4:1:1:1: scsi scan: INQUIRY result too short (5), using 36\r\n[    3.737889] scsi 5:0:1:0: scsi scan: INQUIRY result too short (5), using 36\r\n[    3.747161] scsi 4:2:0:0: scsi scan: INQUIRY result too short (5), using 36\r\n[    3.756779] scsi 5:0:1:1: scsi scan: INQUIRY result too short (5), using 36\r\n[    3.766009] scsi 4:2:0:1: scsi scan: INQUIRY result too short (5), using 36\r\n[    3.778234] scsi 5:1:0:0: scsi scan: INQUIRY result too short (5), using 36\r\n[    3.787401] scsi 4:2:1:0: scsi scan: INQUIRY result too short (5), using 36\r\n[    3.796688] scsi 5:1:0:1: scsi scan: INQUIRY result too short (5), using 36\r\n[    3.805841] scsi 4:2:1:1: scsi scan: INQUIRY result too short (5), using 36\r\n[    3.815288] scsi 5:1:1:0: scsi scan: INQUIRY result too short (5), using 36\r\n[    3.824462] scsi 4:3:0:0: scsi scan: INQUIRY result too short (5), using 36\r\n[    3.833841] scsi 5:1:1:1: scsi scan: INQUIRY result too short (5), using 36\r\n[    3.842977] scsi 4:3:0:1: scsi scan: INQUIRY result too short (5), using 36\r\n[    3.852469] scsi 5:2:0:0: scsi scan: INQUIRY result too short (5), using 36\r\n[    3.861599] scsi 4:3:1:0: scsi scan: INQUIRY result too short (5), using 36\r\n[    3.870926] scsi 5:2:0:1: scsi scan: INQUIRY result too short (5), using 36\r\n[    3.881336] scsi 4:3:1:1: scsi scan: INQUIRY result too short (5), using 36\r\n[    3.890704] scsi 5:2:1:0: scsi scan: INQUIRY result too short (5), using 36\r\n[    3.900495] scsi 4:4:0:0: scsi scan: INQUIRY result too short (5), using 36\r\n[    3.910871] scsi 5:2:1:1: scsi scan: INQUIRY result too short (5), using 36\r\n[    3.920322] scsi 4:4:0:1: scsi scan: INQUIRY result too short (5), using 36\r\n[    3.929704] scsi 5:3:0:0: scsi scan: INQUIRY result too short (5), using 36\r\n[    3.938847] scsi 4:4:1:0: scsi scan: INQUIRY result too short (5), using 36\r\n[    3.948137] scsi 5:3:0:1: scsi scan: INQUIRY result too short (5), using 36\r\n[    3.957323] scsi 4:4:1:1: scsi scan: INQUIRY result too short (5), using 36\r\n[    3.966731] scsi 5:3:1:0: scsi scan: INQUIRY result too short (5), using 36\r\n[    3.976467] scsi 4:5:0:0: scsi scan: INQUIRY result too short (5), using 36\r\n[    3.986247] scsi 5:3:1:1: scsi scan: INQUIRY result too short (5), using 36\r\n[    3.995434] scsi 4:5:0:1: scsi scan: INQUIRY result too short (5), using 36\r\n[    4.006196] scsi 5:4:0:0: scsi scan: INQUIRY result too short (5), using 36\r\n[    4.015300] scsi 4:5:1:0: scsi scan: INQUIRY result too short (5), using 36\r\n[    4.024637] scsi 5:4:0:1: scsi scan: INQUIRY result too short (5), using 36\r\n[    4.033871] scsi 4:5:1:1: scsi scan: INQUIRY result too short (5), using 36\r\n[    4.043141] scsi 4:6:0:0: scsi scan: INQUIRY result too short (5), using 36\r\n[    4.052324] scsi 5:4:1:0: scsi scan: INQUIRY result too short (5), using 36\r\n[    4.061789] scsi 5:4:1:1: scsi scan: INQUIRY result too short (5), using 36\r\n[    4.070931] scsi 4:6:0:1: scsi scan: INQUIRY result too short (5), using 36\r\n[    4.081212] scsi 5:5:0:0: scsi scan: INQUIRY result too short (5), using 36\r\n[    4.090356] scsi 4:6:1:0: scsi scan: INQUIRY result too short (5), using 36\r\n[    4.099624] scsi 5:5:0:1: scsi scan: INQUIRY result too short (5), using 36\r\n[    4.108947] scsi 4:6:1:1: scsi scan: INQUIRY result too short (5), using 36\r\n[    4.118343] scsi 5:5:1:0: scsi scan: INQUIRY result too short (5), using 36\r\n[    4.127682] scsi 4:7:0:0: scsi scan: INQUIRY result too short (5), using 36\r\n[    4.137432] scsi 5:5:1:1: scsi scan: INQUIRY result too short (5), using 36\r\n[    4.146629] scsi 4:7:0:1: scsi scan: INQUIRY result too short (5), using 36\r\n[    4.156676] scsi 5:6:0:0: scsi scan: INQUIRY result too short (5), using 36\r\n[    4.166003] scsi 4:7:1:0: scsi scan: INQUIRY result too short (5), using 36\r\n[    4.175424] scsi 5:6:0:1: scsi scan: INQUIRY result too short (5), using 36\r\n[    4.185582] scsi 4:7:1:1: scsi scan: INQUIRY result too short (5), using 36\r\n[    4.195017] scsi 5:6:1:0: scsi scan: INQUIRY result too short (5), using 36\r\n[    4.204300] scsi 5:6:1:1: scsi scan: INQUIRY result too short (5), using 36\r\n[    4.213578] scsi 5:7:0:0: scsi scan: INQUIRY result too short (5), using 36\r\n[    4.222881] scsi 5:7:0:1: scsi scan: INQUIRY result too short (5), using 36\r\n[    4.232244] scsi 5:7:1:0: scsi scan: INQUIRY result too short (5), using 36\r\n[    4.241627] scsi 5:7:1:1: scsi scan: INQUIRY result too short (5), using 36\r\nBegin: Loading essential drivers ... done.\r\r\nBegin: Running /scripts/init-premount ... done.\r\r\nBegin: Mounting root file system ... Begin: Running /scripts/local-top ... done.\r\r\nBegin: Running /scripts/local-premount ... done.\r\r\nBegin: Checking root file system ... fsck from util-linux 2.26.2\r\r\ncloudimg-rootfs: clean, 73595/244736 files, 351302/524032 blocks\r\r\ndone.\r\r\n[    5.757775] EXT4-fs (sda1): mounted filesystem with ordered data mode. Opts: (null)\r\ndone.\r\r\nBegin: Running /scripts/local-bottom ... done.\r\r\nBegin: Running /scripts/init-bottom ... Warning: overlayroot: debug is busted\r\r\ndone.\r\r\n[    7.040742] random: nonblocking pool is initialized\r\n[    7.788469] systemd[1]: Failed to insert module 'kdbus': Function not implemented\r\n[    8.296098] psmouse serio1: trackpoint: IBM TrackPoint firmware: 0x01, buttons: 0/0\r\n[    8.312584] systemd[1]: systemd 225 running in system mode. (+PAM +AUDIT +SELINUX +IMA +APPARMOR +SMACK +SYSVINIT +UTMP +LIBCRYPTSETUP +GCRYPT +GNUTLS +ACL +XZ -LZ4 +SECCOMP +BLKID -ELFUTILS +KMOD -IDN)\r\n[    8.342627] input: TPPS/2 IBM TrackPoint as /devices/platform/i8042/serio1/input/input3\r\n[    8.355956] systemd[1]: Detected virtualization microsoft.\r\n[    8.364757] systemd[1]: Detected architecture x86-64.\r\n\r\r\nWelcome to \u001b[1mUbuntu 15.10\u001b[0m!\r\r\n\r\r\n[    8.417154] systemd[1]: Set hostname to <ubuntu>.\r\n[    8.429806] systemd[1]: Initializing machine ID from random generator.\r\n[    8.440259] systemd[1]: Installed transient /etc/machine-id file.\r\n-.mount\r\r\netc-machine\\x2did.mount\r[    9.382918] systemd[1]: sshd-keygen.service: Cannot add dependency job, ignoring: Unit sshd-keygen.service failed to load: No such file or directory.\r\n\r\n[    9.408083] systemd[1]: sshd-keygen.service: Cannot add dependency job, ignoring: Unit sshd-keygen.service failed to load: No such file or directory.\r\n[    9.430278] systemd[1]: display-manager.service: Cannot add dependency job, ignoring: Unit display-manager.service failed to load: No such file or directory.\r\n[    9.453178] systemd[1]: Started Forward Password Requests to Wall Directory Watch.\r\n[\u001b[32m  OK  \u001b[0m[    9.469011] systemd[1]: Reached target Encrypted Volumes.\r\n] Started Forward Password Requests to Wall Directory Watch.\r\r\n[\u001b[32m  OK  \u001b[0m[    9.489469] systemd[1]: Created slice Root Slice.\r\n] Reached target Encrypted Volumes.\r\r\n[    9.501848] systemd[1]: Listening on udev Kernel Socket.\r\n[\u001b[32m  OK  \u001b[0m] Created slice Root Slice.\r\r\n[\u001b[32m  OK  \u001b[0m[    9.521029] systemd[1]: Created slice User and Session Slice.\r\n] Listening on udev Kernel Socket.\r\r\n[\u001b[32m  OK  \u001b[0m[    9.539008] systemd[1]: Listening on udev Control Socket.\r\n] Created slice User and Session Slice.\r\r\n[\u001b[32m  OK  \u001b[0m[    9.556672] systemd[1]: Listening on Journal Socket (/dev/log).\r\n] Listening on udev Control Socket.\r\r\n[\u001b[32m  OK  \u001b[0m[    9.573187] systemd[1]: Set up automount Arbitrary Executable File Formats File System Automount Point.\r\n] Listening on Journal Socket (/dev/log).\r\r\n[\u001b[32m  OK  \u001b[0m[    9.595807] systemd[1]: Created slice System Slice.\r\n] Set up automount Arbitrary Executab...ats File System Automount Point.\r\r\n[    9.611782] systemd[1]: Starting Increase datagram queue length...\r\n[\u001b[32m  OK  \u001b[0m] Created slice System Slice.\r\r\n         Starting Increase datagram queue length...[    9.634062] systemd[1]: Created slice system-serial\\x2dgetty.slice.\r\n\r\r\n[\u001b[32m  OK  \u001b[0m[    9.647987] systemd[1]: Reached target Slices.\r\n] Created slice system-serial\\x2dgetty.slice.\r\r\n[[    9.661720] systemd[1]: Created slice system-getty.slice.\r\n\u001b[32m  OK  \u001b[0m] Reached target Slices.\r\r\n[\u001b[32m  OK  \u001b[0m[    9.678783] systemd[1]: Reached target Swap.\r\n] Created slice system-getty.slice.\r\r\n[\u001b[32m  OK  \u001b[0m[    9.694481] systemd[1]: Listening on /dev/initctl Compatibility Named Pipe.\r\n] Reached target Swap.\r\r\n[\u001b[32m  OK  \u001b[0m[    9.710874] systemd[1]: Reached target Remote File Systems (Pre).\r\n] Listening on /dev/initctl Compatibility Named Pipe.\r\r\n[\u001b[32m  OK  \u001b[0m[    9.729178] systemd[1]: Listening on Journal Socket.\r\n] Reached target Remote File Systems (Pre).\r\r\n[[    9.743498] systemd[1]: Starting Remount Root and Kernel File Systems...\r\n\u001b[32m  OK  \u001b[0m] Listening on Journal Socket.\r\r\n         Starting Remount Root and Kernel File Systems...\r\r\n[    9.970791] systemd[1]: Starting udev Coldplug all Devices...\r\n         Starting udev Coldplug all Devices...[    9.990488] systemd[1]: Starting Setup Virtual Console...\r\n[    9.999112] EXT4-fs (sda1): re-mounted. Opts: discard\r\n\r\r\n         Starting Setup Virtual Console...[   10.016868] systemd[1]: Mounting Huge Pages File System...\r\n\r\r\n         Mounting Huge Pages File System...\r\r\n[   10.038565] systemd[1]: Starting Load Kernel Modules...\r\n         Starting Load Kernel Modules...[   10.054883] systemd[1]: Starting Uncomplicated firewall...\r\n\r\r\n         Starting Uncomplicated firewall...[   10.073186] systemd[1]: Mounting POSIX Message Queue File System...\r\n\r\r\n         Mounting POSIX Message Queue File System...[   10.092925] systemd[1]: Listening on Journal Audit Socket.\r\n\r\r\n[\u001b[32m  OK  \u001b[0m[   10.106591] systemd[1]: Reached target User and Group Name Lookups.\r\n] Listening on Journal Audit Socket.\r\r\n[\u001b[32m  OK  \u001b[0m[   10.125528] systemd[1]: Starting Create list of required static device nodes for the current kernel...\r\n] Reached target User and Group Name Lookups.\r\r\n         Starting Create list of required st... nodes for the current kernel...[   10.157654] systemd[1]: Mounting Debug File System...\r\n\r\r\n        
[   10.174275] systemd[1]: Mounted Debug File System.\r\nMounting Debug File System...\r\r\n[\u001b[32m  OK  \u001b[0m[   10.203410] systemd[1]: Mounted POSIX Message Queue File System.\r\n] Mounted Debug File System.\r\r\nsys-kernel-debug.mount[   10.225896] systemd[1]: Mounted Huge Pages File System.\r\n\r\r\n[\u001b[32m  OK  \u001b[0m] Mounted POSIX Message Queue File System.\r[   10.241538] systemd[1]: Started Increase datagram queue length.\r\n\r\n[\u001b[32m  OK  \u001b[0m] Mounted Huge Pages File System.\r\r\ndev-mqueue.mount\r[   10.261101] systemd[1]: Started Remount Root and Kernel File Systems.\r\n\r\n[\u001b[32m  OK  \u001b[0m] Started Increase datagram queue length.\r[   10.277869] systemd[1]: Started Setup Virtual Console.\r\n\r\ndev-hugepages.mount\r\r\n[\u001b[32m  OK  \u001b[0m] Started Remount Root and Kernel File Systems.\r[   10.304673] systemd[1]: Started Load Kernel Modules.\r\n\r\nsystemd-setup-dgram-qlen.service[   10.322877] systemd[1]: Started Uncomplicated firewall.\r\n\r\r\n[\u001b[32m  OK  \u001b[0m] Started Setup Virtual Console.\r\r\n[\u001b[32m  OK  \u001b[0m] Started Load Kernel Modules.\r[   10.355549] systemd[1]: Started Create list of required static device nodes for the current kernel.\r\n\r\nsystemd-remount-fs.service\r\r\n[\u001b[32m  OK  \u001b[0m] Started Uncomplicated firewall.\r\r\nsystemd-vconsole-setup.service\r\r\n[\u001b[32m  OK  \u001b[0m] Started Create list of required sta...ce nodes for the current kernel.\r[   10.430460] systemd[1]: Started udev Coldplug all Devices.\r\n\r\nsystemd-modules-load.service\r\r\nufw.service\r\r\nkmod-static-nodes.service\r\r\n[\u001b[32m  OK  \u001b[0m] Started udev Coldplug all Devices.\r[   10.471138] systemd[1]: Starting Create Static Device Nodes in /dev...\r\n\r\nsystemd-udev-trigger.service\r\r\n         Starting Create Static Device Nodes in /dev...[   10.499477] systemd[1]: Starting Apply Kernel Variables...\r\n\r\r\n         Starting Apply Kernel Variables...[   10.515489] systemd[1]: Mounting FUSE Control File System...\r\n\r\r\n         Mounting FUSE Control File System...[   10.532496] systemd[1]: Starting Load/Save Random Seed...\r\n\r\r\n         Starting Load/Save Random Seed...[   10.550123] systemd[1]: Starting Ensure /etc/mtab is a symlink to /proc/mounts...\r\n\r\r\n         Starting Ensure /etc/mtab is a symlink to /proc/mounts...\r\r\n[   10.572058] systemd[1]: Listening on Syslog Socket.\r\n[\u001b[32m  OK  \u001b[0m[   10.583360] systemd[1]: Starting Journal Service...\r\n] Listening on Syslog Socket.\r\r\n         Starting Journal Service...\r[   10.605285] systemd[1]: Mounted FUSE Control File System.\r\n\r\n[\u001b[32m  OK  \u001b[0m[   10.622043] systemd[1]: Started Load/Save Random Seed.\r\n] Mounted FUSE Control File System.\r\r\nsys-fs-fuse-connections.mount\r\r\n[   10.639810] systemd[1]: Started Ensure /etc/mtab is a symlink to /proc/mounts.\r\n[\u001b[32m  OK  \u001b[0m] Started Load/Save Random Seed.\r\r\nsystemd-random-seed.service\r\r\n[\u001b[32m  OK  \u001b[0m] Started Ensure /etc/mtab is a symlink to /proc/mounts.\r\r\ndebian-fixup.service\r\r\n[\u001b[32m  OK  \u001b[0m] Started Apply Kernel Variables.\r\r\nsystemd-sysctl.service\r\r\n[\u001b[32m  OK  \u001b[0m] Started Journal Service.\r\r\n         Starting Flush Journal to Persistent Storage...\r\r\nsystemd-journald.service\r\r\n[\u001b[32m  OK  \u001b[0m] Started Flush Journal to Persistent Storage.\r\r\nsystemd-journal-flush.service\r\r\n[\u001b[32m  OK  \u001b[0m] Started Create Static Device Nodes in /dev.\r\r\n         Starting udev Kernel Device Manager...\r\r\nsystemd-tmpfiles-setup-dev.service\r\r\n[\u001b[32m  OK  \u001b[0m] Started udev Kernel Device Manager.\r\r\n[\u001b[32m  OK  \u001b[0m] Reached target Local File Systems (Pre).\r\r\nsystemd-udevd.service\r\r\n         Mounting /etc/network/interfaces.dynamic.d...\r\r\n[\u001b[32m  OK  \u001b[0m] Mounted /etc/network/interfaces.dynamic.d.\r\r\n[\u001b[32m  OK  \u001b[0m] Reached target Local File Systems.\r\r\n[\u001b[32m  OK  \u001b[0m] Reached target Remote File Systems.\r\r\n         Starting Create Volatile Files and Directories...\r\r\n         Starting Clean up any mess left by 0dns-up...\r\r\n         Starting Commit a transient machine-id on disk...\r\r\n         Starting LSB: AppArmor initialization...\r\r\n         Starting Wait for all \"auto\" /etc/n... up for network-online.target...\r\r\n         Starting Set console keymap...\r\r\n         Starting Tell Plymouth To Write Out Runtime Data...\r\r\n[\u001b[32m  OK  \u001b[0m] Started Create Volatile Files and Directories.\r\r\n         Starting Update UTMP about System Boot/Shutdown...\r\r\n         Starting Network Time Synchronization...\r\r\n[\u001b[32m  OK  \u001b[0m] Started Commit a transient machine-id on disk.\r\r\netc-network-interfaces.dynamic.d.mount\r\r\n[\u001b[32m  OK  \u001b[0m] Started Update UTMP about System Boot/Shutdown.\r\r\n[\u001b[32m  OK  \u001b[0m] Started Network Time Synchronization.\r\r\n[\u001b[32m  OK  \u001b[0m] Reached target System Time Synchronized.\r\r\n[\u001b[32m  OK  \u001b[0m] Started Clean up any mess left by 0dns-up.\r\r\n         Starting Nameserver information manager...\r\r\nsystemd-tmpfiles-setup.service\r\r\n[\u001b[32m  OK  \u001b[0m] Started Nameserver information manager.\r\r\nsystemd-machine-id-commit.service\r\r\nsystemd-update-utmp.service\r\r\nsystemd-timesyncd.service\r\r\nresolvconf.service\r\r\n[\u001b[32m  OK  \u001b[0m] Started Tell Plymouth To Write Out Runtime Data.\r\r\n[\u001b[32m  OK  \u001b[0m] Started Set console keymap.\r\r\n[   12.367872] piix4_smbus 0000:00:07.3: SMBus base address uninitialized - upgrade BIOS or use force_addr=0xaddr\r\n[\u001b[32m  OK  \u001b[0m] Found device /dev/ttyS0.\r\r\n[\u001b[32m  OK  \u001b[0m] Created slice system-ifup.slice.\r\r\n[\u001b[32m  OK  \u001b[0m] Found device /sys/subsystem/net/devices/eth0.\r\r\n[   12.771016] intel_rapl: no valid rapl domains found in package 0\r\n[\u001b[32m  OK  \u001b[0m] Started LSB: AppArmor initialization.\r\r\n[\u001b[32m  OK  \u001b[0m] Started ifup for eth0.\r\r\n         Starting LSB: Raise network interfaces....\r\r\napparmor.service\r\r\nifup@eth0.service\r\r\n[\u001b[32m  OK  \u001b[0m] Started LSB: Raise network interfaces..\r\r\n[\u001b[32m  OK  \u001b[0m] Reached target Network.\r\r\n[\u001b[32m  OK  \u001b[0m] Reached target System Initialization.\r\r\n         Starting Seed the pseudo random number generator on first boot...\r\r\n[\u001b[32m  OK  \u001b[0m] Started Trigger resolvconf update for networkd DNS.\r\r\n[\u001b[32m  OK  \u001b[0m] Reached target Paths.\r\r\n[\u001b[32m  OK  \u001b[0m] Listening on ACPID Listen Socket.\r\r\n[\u001b[32m  OK  \u001b[0m] Listening on UUID daemon activation socket.\r\r\n         Starting lxd-unix.socket.\r\r\n[\u001b[32m  OK  \u001b[0m] Listening on D-Bus System Message Bus Socket.\r\r\n[\u001b[32m  OK  \u001b[0m] Started Daily Cleanup of Temporary Directories.\r\r\n[\u001b[32m  OK  \u001b[0m] Reached target Timers.\r\r\n[\u001b[32m  OK  \u001b[0m] Listening on lxd-unix.socket.\r\r\n[\u001b[32m  OK  \u001b[0m] Reached target Sockets.\r\r\n[\u001b[32m  OK  \u001b[0m] Reached target Basic System.\r\r\n         Starting Restore /etc/resolv.conf i...e the ppp link was shut down....\r\r\n[\u001b[32m  OK  \u001b[0m] Started Hyper-V VSS Protocol Daemon.\r\r\n         Starting LSB: Record successful boot for GRUB...\r\r\nnetworking.service\r\r\n[\u001b[32m  OK  \u001b[0m] Started Regular background program processing daemon.\r\r\n         Starting LSB: daemon to balance interrupts for SMP systems...\r\r\n[\u001b[32m  OK  \u001b[0m] Started Hyper-V KVP Protocol Daemon.\r\r\n         Starting Login Service...\r\r\n[\u001b[32m  OK  \u001b[0m] Started D-Bus System Message Bus.\r\r\nhv-vss-daemon.service\r\r\ncron.service\r\r\nhv-kvp-daemon.service\r\r\n[dbus.service\r\r\n\u001b[32m  OK  \u001b[0m] Started Cgroup management daemon.\r\r\n         Starting LSB: Starts the Micro Name Service Cache Daemon...\r\r\n[\u001b[32m  OK  \u001b[0m] Started Deferred execution scheduler.\r\r\n         Starting Thermal Daemon Service...\r\r\n         Starting Accounts Service...\r\r\n         Starting LSB: Set the CPU Frequency Scaling governor to \"ondemand\"...\r\r\n         Starting LSB: automatic crash report generation...\r\r\n         Starting System Logging Service...\r\r\n[cgmanager.service\r\r\n\u001b[32m  OK  \u001b[0m] Started Hyper-V File Copy Protocol Daemon.\r\r\n         Starting Initial cloud-init job (pre-networking)...\r\r\n[\u001b[32m  OK  \u001b[0m] Started FUSE filesystem for LXC.\r\r\n[\u001b[32m  OK  \u001b[0m] Started Wait for all \"auto\" /etc/ne...be up for network-online.target.\r\r\n[\u001b[32m  OK  \u001b[0m] Started Restore /etc/resolv.conf if...ore the ppp link was shut down..\r\r\n[\u001b[32m  OK  \u001b[0m] Started LSB: Record successful boot for GRUB.\r\r\n[\u001b[32m  OK  \u001b[0m] Started LSB: daemon to balance interrupts for SMP systems.\r\r\n[\u001b[32m  OK  \u001b[0m] Started LSB: Set the CPU Frequency Scaling governor to \"ondemand\".\r\r\n[\u001b[32m  OK  \u001b[0m] Reached target Network is Online.\r\r\n         Starting /etc/rc.local Compatibility...\r\r\n         Starting LXC network bridge setup...\r\r\n[\u001b[32m  OK  \u001b[0m] Started Login Service.\r\r\n[\u001b[32m  OK  \u001b[0m] Started /etc/rc.local Compatibility.\r\r\n[\u001b[32m  OK  \u001b[0m] Started LSB: Starts the Micro Name Service Cache Daemon.\r\r\n[\u001b[32m  OK  \u001b[0m] Started LSB: automatic crash report generation.\r\r\natd.service\r\r\nhv-fcopy-daemon.service\r\r\nlxcfs.service\r\r\nifup-wait-all-auto.service\r\r\ngrub-common.service\r\r\nirqbalance.service\r\r\nondemand.service\r\r\nsystemd-logind.service\r\r\nrc-local.service\r\r\nunscd.service\r\r\napport.service\r\r\nrun-cgmanager-fs.mount\r\r\nvar-lib-lxcfs.mount\r\r\n[\u001b[32m  OK  \u001b[0m] Started Thermal Daemon Service.\r\r\nthermald.service\r\r\n[\u001b[32m  OK  \u001b[0m] Started System Logging Service.\r\r\nrsyslog.service\r\r\n         Starting Authenticate and Authorize Users to Run Privileged Tasks...\r\r\npolkitd.service\r\r\n[\u001b[32m  OK  \u001b[0m] Started Authenticate and Authorize Users to Run Privileged Tasks.\r\r\n[\u001b[32m  OK  \u001b[0m] Started Accounts Service.\r\r\naccounts-daemon.service\r\r\n[\u001b[32m  OK  \u001b[0m] Started LXC network bridge setup.\r\r\n         Starting LXC Container Initialization and Autoboot Code...\r\r\nlxc-net.service\r\r\n[\u001b[32m  OK  \u001b[0m] Started LXC Container Initialization and Autoboot Code.\r\r\n         Starting Container hypervisor based on LXC - boot time check...\r\r\nlxc.service\r\r\n[\u001b[32m  OK  \u001b[0m] Started Seed the pseudo random number generator on first boot.\r\r\n[   22.374813] cloud-init[723]: Cloud-init v. 0.7.7 running 'init-local' at Wed, 10 Feb 2016 23:35:25 +0000. Up 21.95 seconds.\r\r\n[\u001b[32m  OK  \u001b[0m] Started Initial cloud-init job (pre-networking).\r\r\n         Starting Initial cloud-init job (metadata service crawler)...\r\r\ncloud-init-local.service\r\r\n[   23.380139] blk_update_request: I/O error, dev fd0, sector 0\r\n[\u001b[32m  OK  \u001b[0m] Started Container hypervisor based on LXC - boot time check.\r\r\n[   23.644178] blk_update_request: I/O error, dev fd0, sector 0\r\ntmp-tmpiaqm4h_3.mount\r\r\n[   23.857955] cloud-init[940]: + i=eth0\r\r\n[   23.866407] cloud-init[940]: + x=0\r\r\n[   23.866625] cloud-init[940]: + ifdown eth0\r\r\n[   23.912988] cloud-init[940]: Killed old client process\r\r\n[   24.918238] cloud-init[940]: Internet Systems Consortium DHCP Client 4.3.1\r\r\n[   24.918931] cloud-init[940]: Copyright 2004-2014 Internet Systems Consortium.\r\r\n[   24.919620] cloud-init[940]: All rights reserved.\r\r\n[   24.920344] cloud-init[940]: For info, please visit https://www.isc.org/software/dhcp/\r\r\n[   24.942095] cloud-init[940]: Listening on LPF/eth0/00:0d:3a:11:35:28\r\r\n[   24.942751] cloud-init[940]: Sending on   LPF/eth0/00:0d:3a:11:35:28\r\r\n[   24.943391] cloud-init[940]: Sending on   Socket/fallback\r\r\n[   25.176722] cloud-init[940]: DHCPRELEASE on eth0 to 168.63.129.16 port 67 (xid=0x26a585f3)\r\r\n[   25.268336] cloud-init[940]: + ifup eth0\r\r\n[   25.326014] cloud-init[940]: Internet Systems Consortium DHCP Client 4.3.1\r\r\n[   25.335396] cloud-init[940]: Copyright 2004-2014 Internet Systems Consortium.\r\r\n[   25.336287] cloud-init[940]: All rights reserved.\r\r\n[   25.337039] cloud-init[940]: For info, please visit https://www.isc.org/software/dhcp/\r\r\n[   25.371113] cloud-init[940]: Listening on LPF/eth0/00:0d:3a:11:35:28\r\r\n[   25.371556] cloud-init[940]: Sending on   LPF/eth0/00:0d:3a:11:35:28\r\r\n[   25.371988] cloud-init[940]: Sending on   Socket/fallback\r\r\n[   25.384312] cloud-init[940]: DHCPDISCOVER on eth0 to 255.255.255.255 port 67 interval 3 (xid=0x78be8d1a)\r\r\n[   25.421872] cloud-init[940]: DHCPREQUEST of 10.0.0.4 on eth0 to 255.255.255.255 port 67 (xid=0x1a8dbe78)\r\r\n[   25.422109] cloud-init[940]: DHCPOFFER of 10.0.0.4 from 168.63.129.16\r\r\n[   25.441509] cloud-init[940]: DHCPACK of 10.0.0.4 from 168.63.129.16\r\r\n[   25.555720] cloud-init[940]: bound to 10.0.0.4 -- renewal in 4294967295 seconds.\r\r\n[   25.592969] cloud-init[940]: + exit 0\r\r\n[\u001b[32m  OK  \u001b[0m] Started Azure Linux Agent.\r\r\nwalinuxagent.service\r\r\n2016/02/10 23:35:30.065808 INFO Azure Linux Agent Version:2.1.2\r\r\n2016/02/10 23:35:30.072572 INFO OS: ubuntu 15.10\r\r\n2016/02/10 23:35:30.072706 INFO Python: 3.4.3\r\r\n2016/02/10 23:35:30.072877 INFO Send dhcp request\r\r\n2016/02/10 23:35:30.160251 INFO Wire server endpoint:168.63.129.16\r\r\n2016/02/10 23:35:30.167323 INFO Gateway:10.0.0.1\r\r\n2016/02/10 23:35:30.167462 INFO Routes:None\r\r\n2016/02/10 23:35:30.167675 INFO Configure routes\r\r\n2016/02/10 23:35:30.169338 INFO Detect default protocol.\r\r\n2016/02/10 23:35:30.451521 INFO Fabric preferred wire protocol version:2015-04-05\r\r\n2016/02/10 23:35:30.460779 INFO Wire protocol version:2012-11-30\r\r\n2016/02/10 23:35:30.460915 WARNING Server prefered version:2015-04-05\r\r\n2016/02/10 23:35:30.461038 INFO Last request issued less than 1 second ago\r\r\n2016/02/10 23:35:30.461159 INFO Sleep 1 second to avoid throttling.\r\r\n2016/02/10 23:35:31.469425 INFO Sleep 1 second to avoid throttling.\r\r\n2016/02/10 23:35:32.486650 INFO Last request issued less than 1 second ago\r\r\n2016/02/10 23:35:32.497451 INFO Sleep 1 second to avoid throttling.\r\r\n2016/02/10 23:35:33.549276 INFO Sleep 1 second to avoid throttling.\r\r\n[   30.124165] blk_update_request: I/O error, dev fd0, sector 0\r\n[   30.176120] blk_update_request: I/O error, dev fd0, sector 0\r\ntmp-tmp8zy2oas6.mount\r\r\n2016/02/10 23:35:34.569766 INFO Protocol V1 found.\r\r\n2016/02/10 23:35:34.577228 INFO Protocol V2 found.\r\r\n2016/02/10 23:35:34.578276 INFO run Ubuntu provision handler\r\r\n2016/02/10 23:35:34.578818 INFO Waiting cloud-init to finish provisioning.\r\r\n2016/02/10 23:35:34.594214 INFO Wait for ssh host key to be generated.\r\r\n2016/02/10 23:35:34.595786 INFO Wait for ssh host key be generated: /etc/ssh/ssh_host_rsa_key\r\r\n2016/02/10 23:35:34.604729 INFO Event: name=WALA, op=HeartBeat, message=\r\r\n[   33.982123] cloud-init[940]: Cloud-init v. 0.7.7 running 'init' at Wed, 10 Feb 2016 23:35:26 +0000. Up 22.99 seconds.\r\r\n[   33.986320] cloud-init[940]: ci-info: ++++++++++++++++++++++++++++++++++++++Net device info++++++++++++++++++++++++++++++++++++++\r\r\n[   33.986477] cloud-init[940]: ci-info: +--------+------+-----------------------------+---------------+-------+-------------------+\r\r\n[   33.986616] cloud-init[940]: ci-info: | Device |  Up  |           Address           |      Mask     | Scope |     Hw-Address    |\r\r\n[   33.986750] cloud-init[940]: ci-info: +--------+------+-----------------------------+---------------+-------+-------------------+\r\r\n[   33.986882] cloud-init[940]: ci-info: |  eth0  | True |           10.0.0.4          | 255.255.255.0 |   .   | 00:0d:3a:11:35:28 |\r\r\n[   34.002055] cloud-init[940]: ci-info: |  eth0  | True | fe80::20d:3aff:fe11:3528/64 |       .       |  link | 00:0d:3a:11:35:28 |\r\r\n[   34.002229] cloud-init[940]: ci-info: | lxcbr0 | True |           10.0.1.1          | 255.255.255.0 |   .   | ea:39:0a:91:fb:ac |\r\r\n[   34.002380] cloud-init[940]: ci-info: | lxcbr0 | True | fe80::e839:aff:fe91:fbac/64 |       .       |  link | ea:39:0a:91:fb:ac |\r\r\n[   34.002528] cloud-init[940]: ci-info: |   lo   | True |          127.0.0.1          |   255.0.0.0   |   .   |         .         |\r\r\n[   34.003038] cloud-init[940]: ci-info: |   lo   | True |           ::1/128           |       .       |  host |         .         |\r\r\n[   34.003193] cloud-init[940]: ci-info: +--------+------+-----------------------------+---------------+-------+-------------------+\r\r\n[   34.003355] cloud-init[940]: ci-info: +++++++++++++++++++++++++++++Route IPv4 info++++++++++++++++++++++++++++++\r\r\n[   34.003506] cloud-init[940]: ci-info: +-------+---------------+----------+-----------------+-----------+-------+\r\r\n[   34.003691] cloud-init[940]: ci-info: | Route |  Destination  | Gateway  |     Genmask     | Interface | Flags |\r\r\n[   34.003839] cloud-init[940]: ci-info: +-------+---------------+----------+-----------------+-----------+-------+\r\r\n[   34.004019] cloud-init[940]: ci-info: |   0   |    0.0.0.0    | 10.0.0.1 |     0.0.0.0     |    eth0   |   UG  |\r\r\n[   34.004286] cloud-init[940]: ci-info: |   1   |    10.0.0.0   | 0.0.0.0  |  255.255.255.0  |    eth0   |   U   |\r\r\n[   34.004452] cloud-init[940]: ci-info: |   2   |    10.0.1.0   | 0.0.0.0  |  255.255.255.0  |   lxcbr0  |   U   |\r\r\n[   34.004615] cloud-init[940]: ci-info: |   3   | 168.63.129.16 | 10.0.0.1 | 255.255.255.255 |    eth0   |  UGH  |\r\r\n[   34.004763] cloud-init[940]: ci-info: +-------+---------------+----------+-----------------+-----------+-------+\r\r\n[   34.013924] cloud-init[940]: Generating public/private rsa key pair.\r\r\n[   34.014137] cloud-init[940]: Your identification has been saved in /etc/ssh/ssh_host_rsa_key.\r\r\n[   34.014290] cloud-init[940]: Your public key has been saved in /etc/ssh/ssh_host_rsa_key.pub.\r\r\n[   34.014444] cloud-init[940]: The key fingerprint is:\r\r\n[   34.014635] cloud-init[940]: SHA256:HJdKULS4E8N9qM+MH/WZ1v8rG9M1OwwM0ySl6gHewu8 root@xplatvm\r\r\n[   34.014786] cloud-init[940]: The key's randomart image is:\r\r\n[   34.014952] cloud-init[940]: +---[RSA 2048]----+\r\r\n[   34.015105] cloud-init[940]: |      .oo  ..o   |\r\r\n[   34.015255] cloud-init[940]: |     . + o .=    |\r\r\n[   34.015405] cloud-init[940]: |      =.* ++ .   |\r\r\n[   34.015544] cloud-init[940]: |      oBo=. +    |\r\r\n[   34.015693] cloud-init[940]: |      ++S+.  o ..|\r\r\n[   34.015824] cloud-init[940]: |       *+... ++ +|\r\r\n[   34.015955] cloud-init[940]: |      . =o  =o.= |\r\r\n[   34.016129] cloud-init[940]: |       ... . .o..|\r\r\n[   34.016280] cloud-init[940]: |        .E   .o.=|\r\r\n[   34.016411] cloud-init[940]: +----[SHA256]-----+\r\r\n[   34.016542] cloud-init[940]: Generating public/private dsa key pair.\r\r\n[   34.016674] cloud-init[940]: Your identification has been saved in /etc/ssh/ssh_host_dsa_key.\r\r\n[   34.016807] cloud-init[940]: Your public key has been saved in /etc/ssh/ssh_host_dsa_key.pub.\r\r\n[   34.016939] cloud-init[940]: The key fingerprint is:\r\r\n[   34.017089] cloud-init[940]: SHA256:xYs00+ILC2pfXSiYBoUX02x8NkQktj9/Ya5obcHvZcM root@xplatvm\r\r\n[   34.038097] cloud-init[940]: The key's randomart image is:\r\r\n[   34.038273] cloud-init[940]: +---[DSA 1024]----+\r\r\n[   34.038418] cloud-init[940]: |   .+=o++        |\r\r\n[   34.038557] cloud-init[940]: |  ...o=o+o       |\r\r\n[   34.038695] cloud-init[940]: |  .. ..o=.+      |\r\r\n[   34.038830] cloud-init[940]: |   . o + B .     |\r\r\n[   34.038963] cloud-init[940]: |    = o S.o o    |\r\r\n[   34.039113] cloud-init[940]: |   o . = =oo o   |\r\r\n[   34.039251] cloud-init[940]: |  o   o o..oo E  |\r\r\n[   34.039390] cloud-init[940]: | . . .  ..oo.o . |\r\r\n[   34.039540] cloud-init[940]: |    .  ......    |\r\r\n[   34.039693] cloud-init[940]: +----[SHA256]-----+\r\r\n[   34.039832] cloud-init[940]: Generating public/private ecdsa key pair.\r\r\n[   34.039997] cloud-init[940]: Your identification has been saved in /etc/ssh/ssh_host_ecdsa_key.\r\r\n[   34.040173] cloud-init[940]: Your public key has been saved in /etc/ssh/ssh_host_ecdsa_key.pub.\r\r\n[   34.040340] cloud-init[940]: The key fingerprint is:\r\r\n[   34.040493] cloud-init[940]: SHA256:ZC6suPNW+BffOWJyRn01JDuffDf4S0znynaJRLlOs8I root@xplatvm\r\r\n[   34.040635] cloud-init[940]: The key's randomart image is:\r\r\n[   34.040776] cloud-init[940]: +---[ECDSA 256]---+\r\r\n[   34.040924] cloud-init[940]: |                 |\r\r\n[   34.041077] cloud-init[940]: |             . . |\r\r\n[   34.041219] cloud-init[940]: |        o     =  |\r\r\n[   34.041376] cloud-init[940]: |     . +     = ..|\r\r\n[   34.041538] cloud-init[940]: |     .o S  .. *o+|\r\r\n[   34.041682] cloud-init[940]: |   ...... . .*+*+|\r\r\n[   34.041824] cloud-init[940]: |  . .o   +..+o=o*|\r\r\n[   34.041968] cloud-init[940]: |  ... . o *E+=o+.|\r\r\n[   34.042111] cloud-init[940]: |  .+.  . = ..ooo.|\r\r\n[   34.042262] cloud-init[940]: +----[SHA256]-----+\r\r\n[   34.042398] cloud-init[940]: Generating public/private ed25519 key pair.\r\r\n[   34.042539] cloud-init[940]: Your identification has been saved in /etc/ssh/ssh_host_ed25519_key.\r\r\n[   34.042679] cloud-init[940]: Your public key has been saved in /etc/ssh/ssh_host_ed25519_key.pub.\r\r\n[   34.042817] cloud-init[940]: The key fingerprint is:\r\r\n[   34.042955] cloud-init[940]: SHA256:mmAaEGyWe18O+k0p8yZSIw0DjaoebISRJWxOyhGz//w root@xplatvm\r\r\n[   34.043108] cloud-init[940]: The key's randomart image is:\r\r\n[   34.043260] cloud-init[940]: +--[ED25519 256]--+\r\r\n[   34.043399] cloud-init[940]: |==*              |\r\r\n[   34.043549] cloud-init[940]: |o#o.             |\r\r\n[   34.043690] cloud-init[940]: |%o+              |\r\r\n[   34.043835] cloud-init[940]: |+*.+ . .         |\r\r\n[   34.044037] cloud-init[940]: |+ o.O + S        |\r\r\n[   34.044183] cloud-init[940]: |.+ *oO *         |\r\r\n[   34.044357] cloud-init[940]: |o o +oX          |\r\r\n[   34.050293] cloud-init[940]: | . . o.+         |\r\r\n[   34.050466] cloud-init[940]: |    . oE         |\r\r\n[   34.050597] cloud-init[940]: +----[SHA256]-----+\r\r\n[\u001b[32m  OK  \u001b[0m] Started Initial cloud-init job (metadata service crawler).\r\r\n[\u001b[32m  OK  \u001b[0m] Started OpenBSD Secure Shell server.\r\r\n[\u001b[32m  OK  \u001b[0m] Reached target Cloud-config availability.\r\r\n         Starting Apply the settings specified in cloud-config...\r\r\n         Starting Permit User Sessions...\r\r\n[\u001b[32m  OK  \u001b[0m] Started Permit User Sessions.\r\r\n         Starting Terminate Plymouth Boot Screen...\r\r\n         Starting Wait for Plymouth Boot Screen to Quit...\r\r\ncloud-init.service\r\r\nssh.service\r\r\nsystemd-user-sessions.service\r\r\n2016/02/10 23:35:39.605230 INFO Finished provisioning\r\n2016/02/10 23:35:40.166308 INFO Last request issued less than 1 second ago\r\n2016/02/10 23:35:40.178806 INFO Sleep 1 second to avoid throttling.\r\n2016/02/10 23:35:41.190870 INFO Sleep 1 second to avoid throttling.\r\n2016/02/10 23:35:42.208819 INFO Start env monitor service.\r\n2016/02/10 23:35:42.274472 INFO Last request issued less than 1 second ago\r\n2016/02/10 23:35:42.264277 INFO Set block dev timeout: sda with timeout: 300\r\n2016/02/10 23:35:42.291780 INFO Sleep 1 second to avoid throttling.\r\n2016/02/10 23:35:42.300130 INFO Set block dev timeout: sdb with timeout: 300\r\n2016/02/10 23:35:43.350005 INFO Sleep 1 second to avoid throttling.\r\n[   40.811362] cloud-init[1217]: Generating locales...\r\n2016/02/10 23:35:44.467448 INFO Last request issued less than 1 second ago\r\n2016/02/10 23:35:44.491257 INFO Sleep 1 second to avoid throttling.\r\n[   40.920551] cloud-init[1217]: en_US.UTF-8... up-to-date\r\n[   40.948542] cloud-init[1217]: Generation complete.\r\n\r\r\nUbuntu 15.10 xplatvm ttyS0\r\n\r\nxplatvm login:
[   43.763879] cloud-init[1217]: Cloud-init v. 0.7.7 running 'modules:config' at Wed, 10 Feb 2016 23:35:38 +0000. Up 35.07 seconds.\r\nci-info: ++Authorized keys from /home/azureuser/.ssh/authorized_keys for user azureuser+++\r\nci-info: +---------+-------------------------------------------------+---------+---------+\r\nci-info: | Keytype |                Fingerprint (md5)                | Options | Comment |\r\nci-info: +---------+-------------------------------------------------+---------+---------+\r\nci-info: | ssh-rsa | 8f:df:8f:18:ba:cd:cc:63:7c:1f:ea:ae:ba:09:40:65 |    -    |    -    |\r\nci-info: +---------+-------------------------------------------------+---------+---------+\r\n<14>Feb 10 23:35:48 ec2: \r\n<14>Feb 10 23:35:48 ec2: #############################################################\r\n<14>Feb 10 23:35:48 ec2: -----BEGIN SSH HOST KEY FINGERPRINTS-----\r\n<14>Feb 10 23:35:48 ec2: 1024 SHA256:xYs00+ILC2pfXSiYBoUX02x8NkQktj9/Ya5obcHvZcM root@xplatvm (DSA)\r\n<14>Feb 10 23:35:48 ec2: 256 SHA256:ZC6suPNW+BffOWJyRn01JDuffDf4S0znynaJRLlOs8I root@xplatvm (ECDSA)\r\n<14>Feb 10 23:35:48 ec2: 256 SHA256:mmAaEGyWe18O+k0p8yZSIw0DjaoebISRJWxOyhGz//w root@xplatvm (ED25519)\r\n<14>Feb 10 23:35:48 ec2: 2048 SHA256:HJdKULS4E8N9qM+MH/WZ1v8rG9M1OwwM0ySl6gHewu8 root@xplatvm (RSA)\r\n<14>Feb 10 23:35:48 ec2: -----END SSH HOST KEY FINGERPRINTS-----\r\n<14>Feb 10 23:35:48 ec2: #############################################################\r\n-----BEGIN SSH HOST KEY KEYS-----\r\necdsa-sha2-nistp256 AAAAE2VjZHNhLXNoYTItbmlzdHAyNTYAAAAIbmlzdHAyNTYAAABBBH4EeLDDw+jTAehFWmmN7sQbjsByCC/TA/Ql0D1XO8250wgMnUc+D8jF9C/yZYEzZ1xLBc9WJ2fTH72woxvBG3Q= root@xplatvm\r\nssh-ed25519 AAAAC3NzaC1lZDI1NTE5AAAAICSpm/GhJu5BHukVl8B8qo1FxoZrcgmI4DeLnTc3nZ9X root@xplatvm\r\nssh-rsa AAAAB3NzaC1yc2EAAAADAQABAAABAQDdqcgHD8gibYZR/2coE1/jnq60RNWkRkCWycSBnTM7PpBcGhKlsIkUnhuhjdAQzd96Uk/IjKWhTXZbukXaJfGVQgywfQqNwcSdhZ/9v8VoTEukDanR+24/n+6sPxeWzg0zIU4HoqpAZv6uWie5DGQkQxrJmLPBvdXVNy6bD4ENygrsJf/uQiverykIMo00rtXcr+2vvnO10uX3ZMSRO7MEeeLV1Ss2nt79cIv+0ZRQAGeRt6v2kNF6PbFbhcjVRFY5pMrqCUxGNHIfYrupvmJya4I3obf2R90FL/rVbmXTd8e2YdsKr5f1HcnL8xBE5Urb7REtt9yeeQ6pfAxEo/4Z root@xplatvm\r\n-----END SSH HOST KEY KEYS-----\r\n[   45.329422] cloud-init[1336]: Cloud-init v. 0.7.7 running 'modules:final' at Wed, 10 Feb 2016 23:35:48 +0000. Up 44.49 seconds.\r\n[   45.372254] cloud-init[1336]: Cloud-init v. 0.7.7 finished at Wed, 10 Feb 2016 23:35:48 +0000. Datasource DataSourceAzureNet [seed=/dev/sr0].  Up 45.30 seconds\r\n\u0000\u0000\u0000\u0000\u0000\u0000\u0000\u0000\u0000\u0000\u0000\u0000\u0000\u0000\u0000\u0000\u0000\u0000\u0000\u0000\u0000\u0000\u0000\u0000\u0000\u0000\u0000\u0000\u0000\u0000\u0000\u0000\u0000\u0000\u0000\u0000\u0000\u0000\u0000\u0000\u0000\u0000\u0000\u0000\u0000\u0000\u0000\u0000\u0000\u0000\u0000\u0000\u0000\u0000\u0000\u0000\u0000\u0000\u0000\u0000\u0000\u0000\u0000\u0000\u0000\u0000\u0000\u0000\u0000\u0000\u0000\u0000\u0000\u0000\u0000\u0000\u0000\u0000\u0000\u0000\u0000\u0000\u0000\u0000\u0000\u0000\u0000\u0000\u0000\u0000\u0000\u0000\u0000\u0000\u0000\u0000\u0000\u0000\u0000\u0000\u0000\u0000\u0000\u0000\u0000\u0000\u0000\u0000\u0000\u0000\u0000\u0000\u0000\u0000\u0000\u0000\u0000\u0000\u0000\u0000\u0000\u0000\u0000\u0000\u0000\u0000\u0000\u0000\u0000\u0000\u0000\u0000\u0000\u0000\u0000\u0000\u0000\u0000\u0000\u0000\u0000\u0000\u0000\u0000\u0000\u0000\u0000\u0000\u0000\u0000\u0000\u0000\u0000\u0000\u0000\u0000\u0000\u0000\u0000\u0000\u0000\u0000\u0000\u0000\u0000\u0000\u0000\u0000\u0000\u0000\u0000\u0000\u0000\u0000\u0000\u0000\u0000\u0000\u0000\u0000\u0000\u0000\u0000\u0000\u0000\u0000\u0000\u0000\u0000\u0000\u0000\u0000\u0000\u0000\u0000\u0000\u0000\u0000\u0000\u0000\u0000\u0000\u0000\u0000\u0000\u0000\u0000\u0000\u0000\u0000\u0000\u0000\u0000\u0000\u0000\u0000\u0000\u0000\u0000\u0000\u0000\u0000\u0000\u0000\u0000\u0000\u0000\u0000\u0000\u0000\u0000\u0000\u0000\u0000\u0000\u0000\u0000\u0000\u0000\u0000\u0000\u0000\u0000\u0000\u0000\u0000\u0000\u0000\u0000\u0000\u0000\u0000\u0000\u0000\u0000\u0000\u0000\u0000\u0000\u0000\u0000\u0000\u0000\u0000\u0000\u0000\u0000\u0000\u0000\u0000\u0000\u0000\u0000\u0000\u0000\u0000\u0000\u0000\u0000\u0000\u0000\u0000\u0000\u0000\u0000\u0000\u0000\u0000\u0000\u0000\u0000\u0000\u0000\u0000\u0000\u0000\u0000\u0000\u0000\u0000\u0000\u0000\u0000\u0000\u0000\u0000\u0000\u0000\u0000\u0000\u0000\u0000\u0000\u0000\u0000\u0000\u0000\u0000\u0000\u0000\u0000\u0000\u0000\u0000\u0000\u0000\u0000\u0000\u0000\u0000\u0000\u0000\u0000\u0000\u0000\u0000\u0000\u0000\u0000\u0000\u0000\u0000\u0000\u0000\u0000\u0000\u0000\u0000\u0000\u0000\u0000\u0000\u00002016/02/10 23:36:11.109112 INFO Sleep 1 second to avoid throttling.\r\n\u0000\u0000\u0000\u0000\u0000\u0000\u0000\u0000\u0000\u0000\u0000\u0000\u0000\u0000\u0000\u0000\u0000\u0000\u0000\u0000\u0000\u0000\u0000\u0000\u0000\u0000\u0000\u0000\u0000\u0000\u0000\u0000\u0000\u0000\u0000\u0000\u0000\u0000\u0000\u0000\u0000\u0000\u0000\u0000\u0000\u0000\u0000\u0000\u0000\u0000\u0000\u0000\u0000\u0000\u0000\u0000\u0000\u0000\u0000\u0000\u0000\u0000\u0000\u0000\u0000\u0000\u0000\u0000\u0000\u0000\u0000\u0000\u0000\u0000\u0000\u0000\u0000\u0000\u0000\u0000\u0000\u0000\u0000\u0000\u0000\u0000\u0000\u0000\u0000\u0000\u0000\u0000\u0000\u0000\u0000\u0000\u0000\u0000\u0000\u0000\u0000\u0000\u0000\u0000\u0000\u0000\u0000\u0000\u0000\u0000\u0000\u0000\u0000\u0000\u0000\u0000\u0000\u0000\u0000\u0000\u0000\u0000\u0000\u0000\u0000\u0000\u0000\u0000\u0000\u0000\u0000\u0000\u0000\u0000\u0000\u0000\u0000\u0000\u0000\u0000\u0000\u0000\u0000\u0000\u0000\u0000\u0000\u0000\u0000\u0000\u0000\u0000\u0000\u0000\u0000\u0000\u0000\u0000\u0000\u0000\u0000\u0000\u0000\u0000\u0000\u0000\u0000\u0000\u0000\u0000\u0000\u0000\u0000\u0000\u0000\u0000\u0000\u0000\u0000\u0000\u0000\u0000\u0000\u0000\u0000\u0000\u0000\u0000\u0000\u0000\u0000\u0000\u0000\u0000\u0000\u0000\u0000\u0000\u0000\u0000\u0000\u0000\u0000\u0000\u0000\u0000\u0000\u0000\u0000\u0000\u0000\u0000\u0000\u0000\u0000\u0000\u0000\u0000\u0000\u0000\u0000\u0000\u0000\u0000\u0000\u0000\u0000\u0000\u0000\u0000\u0000\u0000\u0000\u0000\u0000\u0000\u0000\u0000\u0000\u0000\u0000\u0000\u0000\u0000\u0000\u0000\u0000\u0000\u0000\u0000\u0000\u0000\u0000\u0000\u0000\u0000\u0000\u0000\u0000\u0000\u0000\u0000\u0000\u0000\u0000\u0000\u0000\u0000\u0000\u0000\u0000\u0000\u0000\u0000\u0000\u0000\u0000\u0000\u0000\u0000\u0000\u0000\u0000\u0000\u0000\u0000\u0000\u0000\u0000\u0000\u0000\u0000\u0000\u0000\u0000\u0000\u0000\u0000\u0000\u0000\u0000\u0000\u0000\u0000\u0000\u0000\u0000\u0000\u0000\u0000\u0000\u0000\u0000\u0000\u0000\u0000\u0000\u0000\u0000\u0000\u0000\u0000\u0000\u0000\u0000\u0000\u0000\u0000\u0000\u0000\u0000\u0000\u0000\u0000\u0000\u0000\u0000\u0000\u0000\u0000\u0000\u0000\u0000\u0000\u0000\u0000\u0000\u0000\u0000\u0000\u0000\u0000\u0000\u0000\u0000\u0000\u0000\u0000\u0000\u0000\u0000\u0000\u0000\u0000\u0000\u0000\u0000\u0000\u0000\u0000\u0000\u0000\u0000\u0000\u0000\u0000\u0000\u0000\u0000\u0000\u0000\u0000\u0000\u0000\u0000\u0000\u0000\u0000\u0000\u0000\u0000\u0000\u0000\u0000\u0000\u0000\u0000\u0000\u0000\u0000\u0000\u0000\u0000\u0000\u0000\u0000\u0000\u0000\u0000\u0000\u0000\u0000\u0000\u0000\u0000\u0000\u0000\u0000\u0000\u0000\u0000\u0000\u0000\u0000\u0000\u0000\u0000\u0000\u0000\u0000\u0000\u0000\u0000\u0000\u0000\u0000\u0000\u0000\u0000\u0000\u0000\u0000\u00002016/02/10 23:37:28.576888 INFO Sleep 1 second to avoid throttling.\r\n2016/02/10 23:37:29.600825 INFO Last request issued less than 1 second ago\r\n2016/02/10 23:37:29.611573 INFO Sleep 1 second to avoid throttling.\r\n2016/02/10 23:37:30.625517 INFO Sleep 1 second to avoid throttling.\r\n\u0000\u0000\u0000\u0000\u0000\u0000\u0000\u0000\u0000\u0000\u0000\u0000\u0000\u0000\u0000\u0000\u0000\u0000\u0000\u0000\u0000\u0000\u0000\u0000\u0000\u0000\u0000\u0000\u0000\u0000\u0000\u0000\u0000\u0000\u0000\u0000\u0000\u0000\u0000\u0000\u0000\u0000\u0000\u0000\u0000\u0000\u0000\u0000\u0000\u0000\u0000\u0000\u0000\u0000\u0000\u0000\u0000\u0000\u0000\u0000\u0000\u0000\u0000\u0000\u0000\u0000\u0000\u0000\u0000\u0000\u0000\u0000\u0000\u0000\u0000\u0000\u0000\u0000\u0000\u0000\u0000\u0000\u0000\u0000\u0000\u0000\u0000\u0000\u0000\u0000\u0000\u0000\u0000\u0000\u0000\u0000\u0000\u0000\u0000\u0000\u0000\u0000\u0000\u0000\u0000\u0000\u0000\u0000\u0000\u0000\u0000\u0000\u0000\u0000\u0000\u0000\u0000\u0000\u0000\u0000\u0000\u0000\u0000\u0000\u0000\u0000\u0000\u0000\u0000\u0000\u0000\u0000\u0000\u0000\u0000\u0000\u0000\u0000\u0000\u0000\u0000\u0000\u0000\u0000\u0000\u0000\u0000\u0000\u0000\u0000\u0000\u0000\u0000\u0000\u0000\u0000\u0000\u0000\u0000\u0000\u0000\u0000\u0000\u0000\u0000\u0000\u0000\u0000\u0000\u0000\u0000\u0000\u0000\u0000\u0000\u0000\u0000\u0000\u0000\u0000\u0000\u0000\u0000\u0000\u0000\u0000\u0000\u0000\u0000\u0000\u0000\u0000\u0000\u0000\u0000\u0000\u0000\u0000\u0000\u0000\u0000\u0000\u0000\u0000\u0000\u0000\u0000\u0000\u0000\u0000\u0000\u0000\u0000\u0000\u0000\u0000\u0000\u0000\u0000\u0000\u0000\u0000\u0000\u0000\u0000\u0000\u0000\u0000\u00002016/02/10 23:37:57.117110 INFO Last request issued less than 1 second ago\r\n2016/02/10 23:37:57.128218 INFO Sleep 1 second to avoid throttling.\r\n2016/02/10 23:37:58.138785 INFO Sleep 1 second to avoid throttling.\r\n2016/02/10 23:37:59.157077 INFO Last request issued less than 1 second ago\r\n2016/02/10 23:37:59.169408 INFO Sleep 1 second to avoid throttling.\r\n2016/02/10 23:38:00.245400 INFO Sleep 1 second to avoid throttling.\r\n\u0000\u0000\u0000\u0000\u0000\u0000\u0000\u0000\u0000\u0000\u0000\u0000\u0000\u0000\u0000\u0000\u0000\u0000\u0000\u0000\u0000\u0000\u0000\u0000\u0000\u0000\u0000\u0000\u0000\u0000\u0000\u0000\u0000\u0000\u0000\u0000\u0000\u0000\u0000\u0000\u0000\u0000\u0000\u0000\u0000\u0000\u0000\u0000\u0000\u0000\u0000\u0000\u0000\u0000\u0000\u0000\u0000\u0000\u0000\u0000\u0000\u0000\u0000\u0000\u0000\u0000\u0000\u0000\u0000\u0000\u0000\u0000\u0000\u0000\u0000\u0000\u0000\u0000\u0000\u0000\u0000\u0000\u0000\u00002016/02/10 23:39:17.442774 INFO Sleep 1 second to avoid throttling.\r\n\u0000\u0000\u0000\u0000\u0000\u0000\u0000\u0000\u0000\u0000\u0000\u0000\u0000\u0000\u0000\u0000\u0000\u0000\u0000\u0000\u0000\u0000\u0000\u0000\u0000\u0000\u0000\u0000\u0000\u0000\u0000\u0000\u0000\u0000\u0000\u0000\u0000\u0000\u0000\u0000\u0000\u0000\u0000\u0000\u0000\u0000\u0000\u0000\u0000\u0000\u0000\u0000\u0000\u0000\u0000\u0000\u0000\u0000\u0000\u0000\u0000\u0000\u0000\u0000\u0000\u0000\u0000\u0000\u0000\u0000\u0000\u0000\u0000\u0000\u0000\u0000\u0000\u0000\u0000\u0000\u0000\u0000\u0000\u0000\u0000\u0000\u0000\u0000\u0000\u0000\u0000\u0000\u0000\u0000\u0000\u0000\u0000\u0000\u0000\u0000\u0000\u0000\u0000\u0000\u0000\u0000\u0000\u0000\u0000\u0000\u0000\u0000\u0000\u0000\u0000\u0000\u0000\u0000\u0000\u0000\u0000\u0000\u0000\u0000\u0000\u0000\u0000\u0000\u0000\u0000\u0000\u0000\u0000\u0000\u0000\u0000\u0000\u0000\u0000\u0000\u0000\u0000\u0000\u0000\u0000\u0000\u0000\u0000\u0000\u0000\u0000\u0000\u0000\u0000\u0000\u0000\u0000\u0000\u0000\u0000\u0000\u0000\u0000\u0000\u0000\u0000\u0000\u0000\u0000\u0000\u0000\u0000\u0000\u0000\u0000\u0000\u0000\u0000\u0000\u0000\u0000\u0000\u0000\u0000\u0000\u0000\u0000\u0000\u0000\u0000\u0000\u0000\u0000\u0000\u0000\u0000\u0000\u0000\u0000\u0000\u0000\u0000\u0000\u0000\u0000\u0000\u0000\u0000\u0000\u0000\u0000\u0000\u0000\u0000\u0000\u0000\u0000\u0000\u0000\u0000\u0000\u0000\u0000\u0000\u0000\u0000\u0000\u0000\u0000\u0000\u0000\u0000\u0000\u0000\u0000\u0000\u0000\u0000\u0000\u0000\u0000\u0000\u0000\u0000\u0000\u0000\u0000\u0000\u0000\u0000\u0000\u0000\u0000\u0000\u0000\u0000\u0000\u0000\u0000\u0000\u0000\u0000\u0000\u0000\u0000\u0000\u0000\u0000\u0000\u0000\u0000\u0000\u0000\u0000\u0000\u0000\u0000\u0000\u0000\u0000\u0000\u0000\u0000\u0000\u0000\u0000\u0000\u0000\u0000\u0000\u0000\u0000\u0000\u0000\u0000\u0000\u0000\u0000\u0000\u0000\u0000\u0000\u0000\u0000\u0000\u0000\u0000\u0000\u0000\u0000\u0000\u0000\u0000\u0000\u0000\u0000\u0000\u0000\u0000\u0000\u0000\u0000\u0000\u0000\u0000\u0000\u0000\u0000\u0000\u0000\u0000\u0000\u0000\u0000\u0000\u0000\u0000\u0000\u0000\u0000\u0000\u0000\u0000\u0000\u0000\u0000\u0000\u0000\u0000\u0000\u0000\u0000\u0000\u0000\u0000\u0000\u0000\u0000\u0000\u0000\u0000\u0000\u0000\u0000\u0000\u0000\u0000\u0000\u0000\u0000\u0000\u0000\u0000\u0000\u0000\u0000\u0000\u0000\u0000\u0000\u0000\u0000\u0000\u0000\u0000\u0000\u0000\u0000\u0000\u0000\u0000\u0000\u0000\u0000\u0000\u0000\u0000\u0000\u0000\u0000\u0000\u0000\u0000\u0000\u0000\u0000\u0000\u0000\u0000\u0000\u0000\u0000\u0000\u0000\u0000\u0000\u0000\u0000\u0000\u0000\u0000\u0000\u0000\u0000\u0000\u0000\u0000\u0000\u0000\u0000\u0000\u0000\u0000\u0000\u0000\u0000\u0000\u0000\u0000\u0000\u0000\u0000\u00002016/02/10 23:40:34.006713 INFO Sleep 1 second to avoid throttling.\r\n\u0000\u0000\u0000\u0000\u0000\u0000\u0000\u0000\u0000\u0000\u0000\u0000\u0000\u0000\u0000\u0000\u0000\u0000\u0000\u0000\u0000\u0000\u0000\u0000\u0000\u0000\u0000\u0000\u0000\u0000\u0000\u0000\u0000\u0000\u0000\u0000\u0000\u0000\u0000\u0000\u0000\u0000\u0000\u0000\u0000\u0000\u0000\u0000\u0000\u0000\u0000\u0000\u0000\u0000\u0000\u0000\u0000\u0000\u0000\u0000\u0000\u0000\u0000\u0000\u0000\u0000\u0000\u0000\u0000\u0000\u0000\u0000\u0000\u0000\u0000\u0000\u0000\u0000\u0000\u0000\u0000\u0000\u0000\u0000\u0000\u0000\u0000\u0000\u0000\u0000\u0000\u0000\u0000\u0000\u0000\u0000\u0000\u0000\u0000\u0000\u0000\u0000\u0000\u0000\u0000\u0000\u0000\u0000\u0000\u0000\u0000\u0000\u0000\u0000\u0000\u0000\u0000\u0000\u0000\u0000\u0000\u0000\u0000\u0000\u0000\u0000\u0000\u0000\u0000\u0000\u0000\u0000\u0000\u0000\u0000\u0000\u0000\u0000\u0000\u0000\u0000\u0000\u0000\u0000\u0000\u0000\u0000\u0000\u0000\u0000\u0000\u0000\u0000\u0000\u0000\u0000\u0000\u0000\u0000\u0000\u0000\u0000\u0000\u0000\u0000\u0000\u0000\u0000\u0000\u0000\u0000\u0000\u0000\u0000\u0000\u0000\u0000\u0000\u0000\u0000\u0000\u0000\u0000\u0000\u0000\u0000\u0000\u0000\u0000\u0000\u0000\u0000\u0000\u0000\u0000\u0000\u0000\u0000\u0000\u0000\u0000\u0000\u0000\u0000\u0000\u0000\u0000\u0000\u0000\u0000\u0000\u0000\u0000\u0000\u0000\u0000\u0000\u0000\u0000\u0000\u0000\u0000\u0000\u0000\u0000\u0000\u0000\u0000\u0000\u0000\u0000\u0000\u0000\u0000\u0000\u0000\u0000\u0000\u0000\u0000\u0000\u0000\u0000\u0000\u0000\u0000\u0000\u0000\u0000\u0000\u0000\u0000\u0000\u0000\u0000\u0000\u0000\u0000\u0000\u0000\u0000\u0000\u0000\u0000\u0000\u0000\u0000\u0000\u0000\u0000\u0000\u0000\u0000\u0000\u0000\u0000\u0000\u0000\u0000\u0000\u0000\u0000\u0000\u0000\u0000\u0000\u0000\u0000\u0000\u0000\u0000\u0000\u0000\u0000\u0000\u0000\u0000\u0000\u0000\u0000\u0000\u0000\u0000\u0000\u0000\u0000\u0000\u0000\u0000\u0000\u0000\u0000\u0000\u0000\u0000\u0000\u0000\u0000\u0000\u0000\u0000\u0000\u0000\u0000\u0000\u0000\u0000\u0000\u0000\u0000\u0000\u0000\u0000\u0000\u0000\u0000\u0000\u0000\u0000\u0000\u0000\u0000\u0000\u0000\u0000\u0000\u0000\u0000\u0000\u0000\u0000\u0000\u0000\u0000\u0000\u0000\u0000\u0000\u0000\u0000\u0000\u0000\u0000\u0000\u0000\u0000\u0000\u0000\u0000\u0000\u0000\u0000\u0000\u0000\u0000\u0000\u0000\u0000\u0000\u0000\u0000\u0000\u0000\u0000\u0000\u0000\u0000\u0000\u0000\u0000\u0000\u0000\u0000\u0000\u0000\u0000\u0000\u0000\u0000\u0000\u0000\u0000\u0000\u0000\u0000\u0000\u0000\u0000\u0000\u0000\u0000\u0000\u0000\u0000\u0000\u0000\u0000\u0000\u0000\u0000\u0000\u0000\u0000\u0000\u0000\u0000\u0000\u0000\u0000\u0000\u0000\u0000\u0000\u0000\u0000\u0000\u0000\u0000\u0000\u0000\u0000\u0000\u00002016/02/10 23:41:50.253972 INFO Sleep 1 second to avoid throttling.\r\n\u0000\u0000\u0000\u0000\u0000\u0000\u0000\u0000\u0000\u0000\u0000\u0000\u0000\u0000\u0000\u0000\u0000\u0000\u0000\u0000\u0000\u0000\u0000\u0000\u0000\u0000\u0000\u0000\u0000\u0000\u0000\u0000\u0000\u0000\u0000\u0000\u0000\u0000\u0000\u0000\u0000\u0000\u0000\u0000\u0000\u0000\u0000\u0000\u0000\u0000\u0000\u0000\u0000\u0000\u0000\u0000\u0000\u0000\u0000\u0000\u0000\u0000\u0000\u0000\u0000\u0000\u0000\u0000\u0000\u0000\u0000\u0000\u0000\u0000\u0000\u0000\u0000\u0000\u0000\u0000\u0000\u0000\u0000\u0000\u0000\u0000\u0000\u0000\u0000\u0000\u0000\u0000\u0000\u0000\u0000\u0000\u0000\u0000\u0000\u0000\u0000\u0000\u0000\u0000\u0000\u0000\u0000\u0000\u0000\u0000\u0000\u0000\u0000\u0000\u0000\u0000\u0000\u0000\u0000\u0000\u0000\u0000\u0000\u0000\u0000\u0000\u0000\u0000\u0000\u0000\u0000\u0000\u0000\u0000\u0000\u0000\u0000\u0000\u0000\u0000\u0000\u0000\u0000\u0000\u0000\u0000\u0000\u0000\u0000\u0000\u0000\u0000\u0000\u0000\u0000\u0000\u0000\u0000\u0000\u0000\u0000\u0000\u0000\u0000\u0000\u0000\u0000\u0000\u0000\u0000\u0000\u0000\u0000\u0000\u0000\u0000\u0000\u0000\u0000\u0000\u0000\u0000\u0000\u0000\u0000\u0000\u0000\u0000\u0000\u0000\u0000\u0000\u0000\u0000\u0000\u0000\u0000\u0000\u0000\u0000\u0000\u0000\u0000\u0000\u0000\u0000\u0000\u0000\u0000\u0000\u0000\u0000\u0000\u0000\u0000\u0000\u0000\u0000\u0000\u0000\u0000\u0000\u0000\u0000\u0000\u0000\u0000\u0000\u0000\u0000\u0000\u0000\u0000\u0000\u0000\u0000\u0000\u0000\u0000\u0000\u0000\u0000\u0000\u0000\u0000\u0000\u0000\u0000\u0000\u0000\u0000\u0000\u0000\u0000\u0000\u0000\u0000\u0000\u0000\u0000\u0000\u0000\u0000\u0000\u0000\u0000\u0000\u0000\u0000\u0000\u0000\u0000\u0000\u0000\u0000\u0000\u0000\u0000\u0000\u0000\u0000\u0000\u0000\u0000\u0000\u0000\u0000\u0000\u0000\u0000\u0000\u0000\u0000\u0000\u0000\u0000\u0000\u0000\u0000\u0000\u0000\u0000\u0000\u0000\u0000\u0000\u0000\u0000\u0000\u0000\u0000\u0000\u0000\u0000\u0000\u0000\u0000\u0000\u0000\u0000\u0000\u0000\u0000\u0000\u0000\u0000\u0000\u0000\u0000\u0000\u0000\u0000\u0000\u0000\u0000\u0000\u0000\u0000\u0000\u0000\u0000\u0000\u0000\u0000\u0000\u0000\u0000\u0000\u0000\u0000\u0000\u0000\u0000\u0000\u0000\u0000\u0000\u0000\u0000\u0000\u0000\u0000\u0000\u0000\u0000\u0000\u0000\u0000\u0000\u0000\u0000\u0000\u0000\u0000\u0000\u0000\u0000\u0000\u0000\u0000\u0000\u0000\u0000\u0000\u0000\u0000\u0000\u0000\u0000\u0000\u0000\u0000\u0000\u0000\u0000\u0000\u0000\u0000\u0000\u0000\u0000\u0000\u0000\u0000\u0000\u0000\u0000\u0000\u0000\u0000\u0000\u0000\u0000\u0000\u0000\u0000\u0000\u0000\u0000\u0000\u0000\u0000\u0000\u0000\u0000\u0000\u0000\u0000\u0000\u0000\u0000\u0000\u0000\u0000\u0000\u0000\u0000\u0000\u0000\u0000\u0000\u0000\u00002016/02/10 23:43:06.524874 INFO Sleep 1 second to avoid throttling.\r\n\u0000\u0000\u0000\u0000\u0000\u0000\u0000\u0000\u0000\u0000\u0000\u0000\u0000\u0000\u0000\u0000\u0000\u0000\u0000\u0000\u0000\u0000\u0000\u0000\u0000\u0000\u0000\u0000\u0000\u0000\u0000\u0000\u0000\u0000\u0000\u0000\u0000\u0000\u0000\u0000\u0000\u0000\u0000\u0000\u0000\u0000\u0000\u0000\u0000\u0000\u0000\u0000\u0000\u0000\u0000\u0000\u0000\u0000\u0000\u0000\u0000\u0000\u0000\u0000\u0000\u0000\u0000\u0000\u0000\u0000\u0000\u0000\u0000\u0000\u0000\u0000\u0000\u0000\u0000\u0000\u0000\u0000\u0000\u0000\u0000\u0000\u0000\u0000\u0000\u0000\u0000\u0000\u0000\u0000\u0000\u0000\u0000\u0000\u0000\u0000\u0000\u0000\u0000\u0000\u0000\u0000\u0000\u0000\u0000\u0000\u0000\u0000\u0000\u0000\u0000\u0000\u0000\u0000\u0000\u0000\u0000\u0000\u0000\u0000\u0000\u0000\u0000\u0000\u0000\u0000\u0000\u0000\u0000\u0000\u0000\u0000\u0000\u0000\u0000\u0000\u0000\u0000\u0000\u0000\u0000\u0000\u0000\u0000\u0000\u0000\u0000\u0000\u0000\u0000\u0000\u0000\u0000\u0000\u0000\u0000\u0000\u0000\u0000\u0000\u0000\u0000\u0000\u0000\u0000\u0000\u0000\u0000\u0000\u0000\u0000\u0000\u0000\u0000\u0000\u0000\u0000\u0000\u0000\u0000\u0000\u0000\u0000\u0000\u0000\u0000\u0000\u0000\u0000\u0000\u0000\u0000\u0000\u0000\u0000\u0000\u0000\u0000\u0000\u0000\u0000\u0000\u0000\u0000\u0000\u0000\u0000\u0000\u0000\u0000\u0000\u0000\u0000\u0000\u0000\u0000\u0000\u0000\u0000\u0000\u0000\u0000\u0000\u0000\u0000\u0000\u0000\u0000\u0000\u0000\u0000\u0000\u0000\u0000\u0000\u0000\u0000\u0000\u0000\u0000\u0000\u0000\u0000\u0000\u0000\u0000\u0000\u0000\u0000\u0000\u0000\u0000\u00