// This file has been autogenerated.

var profile = require('../../../lib/util/profile');

exports.getMockedProfile = function () {
  var newProfile = new profile.Profile();

  newProfile.addSubscription(new profile.Subscription({
    id: 'e33f361b-53c2-4cc7-b829-78906708387b',
    managementCertificate: {
      key: 'mockedKey',
      cert: 'mockedCert'
    },
    name: 'Microsoft Azure Internal Consumption',
    user: {
      name: 'user@domain.example',
      type: 'servicePrincipal'
    },
    tenantId: '72f988bf-86f1-41af-91ab-2d7cd011db47',
    state: 'Enabled',
    registeredProviders: [],
    isDefault: true
  }, newProfile.environments['AzureCloud']));

  return newProfile;
};

exports.setEnvironment = function() {
  process.env['AZURE_VM_TEST_LOCATION'] = 'centralus';
  process.env['SSHCERT'] = 'test/myCert.pem';
};

exports.scopes = [[function (nock) { 
var result = 
nock('http://management.azure.com:443')
  .get('/subscriptions/e33f361b-53c2-4cc7-b829-78906708387b/resourceGroups/xplatTestGVMCreate3917/providers/Microsoft.Compute/virtualMachines/xplatvm?$expand=instanceView&api-version=2015-06-15')
  .reply(200, "{\r\n  \"properties\": {\r\n    \"vmId\": \"c79d5d4d-d3ae-411e-ab90-9777563e46a9\",\r\n    \"hardwareProfile\": {\r\n      \"vmSize\": \"Standard_A1\"\r\n    },\r\n    \"storageProfile\": {\r\n      \"osDisk\": {\r\n        \"osType\": \"Linux\",\r\n        \"name\": \"cli5998fb1839afc5ec-os-1454662057260\",\r\n        \"createOption\": \"FromImage\",\r\n        \"image\": {\r\n          \"uri\": \"https://xplatteststorage13123.blob.core.windows.net/system/Microsoft.Compute/Images/vhds/xplatvm3-osDisk.809b762a-8685-448e-ba8a-e856a2a335df.vhd\"\r\n        },\r\n        \"vhd\": {\r\n          \"uri\": \"https://xplatteststorage13123.blob.core.windows.net/xplatteststoragecnt11003/cli5998fb1839afc5ec-os-1454662057260.vhd\"\r\n        },\r\n        \"caching\": \"ReadWrite\"\r\n      },\r\n      \"dataDisks\": []\r\n    },\r\n    \"osProfile\": {\r\n      \"computerName\": \"xplatvm\",\r\n      \"adminUsername\": \"azureuser\",\r\n      \"linuxConfiguration\": {\r\n        \"disablePasswordAuthentication\": false,\r\n        \"ssh\": {\r\n          \"publicKeys\": [\r\n            {\r\n              \"path\": \"/home/azureuser/.ssh/authorized_keys\",\r\n              \"keyData\": \"MIID/zCCAuegAwIBAgIJAMUAa+XVLvAeMA0GCSqGSIb3DQEBBQUAMIGVMQswCQYD\\r\\nVQQGEwJJbjESMBAGA1UECAwJS2FybmF0YWthMRIwEAYDVQQHDAlCYW5nYWxvcmUx\\r\\nEDAOBgNVBAoMB2JyaWxsaW8xEjAQBgNVBAsMCW1pY3Jvc29mdDEQMA4GA1UEAwwH\\r\\nYnJpbGxpbzEmMCQGCSqGSIb3DQEJARYXc3JlZWthbnRoYnNAeWFob28uY28uaW4w\\r\\nHhcNMTUwMzA1MTE1MzEyWhcNMTYwMzA0MTE1MzEyWjCBlTELMAkGA1UEBhMCSW4x\\r\\nEjAQBgNVBAgMCUthcm5hdGFrYTESMBAGA1UEBwwJQmFuZ2Fsb3JlMRAwDgYDVQQK\\r\\nDAdicmlsbGlvMRIwEAYDVQQLDAltaWNyb3NvZnQxEDAOBgNVBAMMB2JyaWxsaW8x\\r\\nJjAkBgkqhkiG9w0BCQEWF3NyZWVrYW50aGJzQHlhaG9vLmNvLmluMIIBIjANBgkq\\r\\nhkiG9w0BAQEFAAOCAQ8AMIIBCgKCAQEAyUNKaOuT0NK+S8Ck81zy9xJ6hXfZvAC6\\r\\nlhbmf/6s/WVimJ/TX5NMhQJwC9k6ZIF92KfYrojHNvHDufSZ3EtKUVwRFCDjmgMT\\r\\nDL09WkGaZt7gROYFK0iZ4KrYGovUwlwum9fHB24OJiOV4bi0ek62/rHx9fjYZpvp\\r\\naIH2PV/hN8SCZ0x7HJMberD4gVoU/Kv42nNvwjLUW6IZfVx/Gv5OeFDtWHfSvUEF\\r\\ndadHKTPn3Ab20Iu6gZIbLO9Vuf38/IpaYGfnFCouHdzmiTiLieYNe3CUPcOJNSv7\\r\\n1G8KYpx3uNJRkJPab5OsRyJw75Gvzkr9OgaPss9tVD6Gt68u3WQtVQIDAQABo1Aw\\r\\nTjAdBgNVHQ4EFgQUogvhXB+xZ2JJPfLO6cVs4ForzscwHwYDVR0jBBgwFoAUogvh\\r\\nXB+xZ2JJPfLO6cVs4ForzscwDAYDVR0TBAUwAwEB/zANBgkqhkiG9w0BAQUFAAOC\\r\\nAQEAdDj7qUNJ45xlF5cjd+4x5NHvAD1VTjOKu+Xh/uzSSjXqB2F0aOMWA9lx0qaQ\\r\\noJgHkGxj3zz/W7ik/cVGL2O+vRIOKv/y0OPogEmS3Hw+P+O6OGE7x1G6YN0zLVoL\\r\\nu4BN/BEYmjttxM9I7qqL7C5cJoE+K3s/w1/pt/68ohJcr7F9Ohi7cso62xuGY1Rm\\r\\nksAh2EUDsU9JV/P+C9AMpLSrb03JJYzVj4w1RHbrmw2AjFyGXdQYkggyXisg+Ifr\\r\\n5gbNN7HigpHf7b2i3CQBUqp9m23frh5AhnLI2qp3UXgc52U5ieLdi/t6j0TTZqqY\\r\\nHhHqofKrj938HHlBNpC5/LVh3w==\\r\\n\"\r\n            }\r\n          ]\r\n        }\r\n      },\r\n      \"secrets\": []\r\n    },\r\n    \"networkProfile\": {\"networkInterfaces\":[{\"id\":\"/subscriptions/e33f361b-53c2-4cc7-b829-78906708387b/resourceGroups/xplatTestGVMCreate3917/providers/Microsoft.Network/networkInterfaces/xplattestnic\"}]},\r\n    \"diagnosticsProfile\": {\r\n      \"bootDiagnostics\": {\r\n        \"enabled\": true,\r\n        \"storageUri\": \"https://xplatteststorage13123.blob.core.windows.net/\"\r\n      }\r\n    },\r\n    \"provisioningState\": \"Succeeded\",\r\n    \"instanceView\": {\r\n      \"vmAgent\": {\r\n        \"vmAgentVersion\": \"WALinuxAgent-2.0.14\",\r\n        \"statuses\": [\r\n          {\r\n            \"code\": \"ProvisioningState/succeeded\",\r\n            \"level\": \"Info\",\r\n            \"displayStatus\": \"Ready\",\r\n            \"message\": \"GuestAgent is running and accepting new configurations.\",\r\n            \"time\": \"2016-02-05T09:02:59+00:00\"\r\n          }\r\n        ],\r\n        \"extensionHandlers\": []\r\n      },\r\n      \"disks\": [\r\n        {\r\n          \"name\": \"cli5998fb1839afc5ec-os-1454662057260\",\r\n          \"statuses\": [\r\n            {\r\n              \"code\": \"ProvisioningState/succeeded\",\r\n              \"level\": \"Info\",\r\n              \"displayStatus\": \"Provisioning succeeded\",\r\n              \"time\": \"2016-02-05T08:47:44.2958659+00:00\"\r\n            }\r\n          ]\r\n        }\r\n      ],\r\n      \"bootDiagnostics\": {\r\n        \"consoleScreenshotBlobUri\": \"https://xplatteststorage13123.blob.core.windows.net/bootdiagnostics-xplatvm-c79d5d4d-d3ae-411e-ab90-9777563e46a9/xplatvm.c79d5d4d-d3ae-411e-ab90-9777563e46a9.screenshot.bmp\",\r\n        \"serialConsoleLogBlobUri\": \"https://xplatteststorage13123.blob.core.windows.net/bootdiagnostics-xplatvm-c79d5d4d-d3ae-411e-ab90-9777563e46a9/xplatvm.c79d5d4d-d3ae-411e-ab90-9777563e46a9.serialconsole.log\"\r\n      },\r\n      \"statuses\": [\r\n        {\r\n          \"code\": \"ProvisioningState/succeeded\",\r\n          \"level\": \"Info\",\r\n          \"displayStatus\": \"Provisioning succeeded\",\r\n          \"time\": \"2016-02-05T08:49:31.7029076+00:00\"\r\n        },\r\n        {\r\n          \"code\": \"PowerState/running\",\r\n          \"level\": \"Info\",\r\n          \"displayStatus\": \"VM running\"\r\n        }\r\n      ]\r\n    }\r\n  },\r\n  \"id\": \"/subscriptions/e33f361b-53c2-4cc7-b829-78906708387b/resourceGroups/xplatTestGVMCreate3917/providers/Microsoft.Compute/virtualMachines/xplatvm\",\r\n  \"name\": \"xplatvm\",\r\n  \"type\": \"Microsoft.Compute/virtualMachines\",\r\n  \"location\": \"centralus\",\r\n  \"tags\": {\r\n    \"a\": \"b\",\r\n    \"b\": \"c\",\r\n    \"d\": \"\"\r\n  }\r\n}", { 'cache-control': 'no-cache',
  pragma: 'no-cache',
  'content-length': '5024',
  'content-type': 'application/json; charset=utf-8',
  expires: '-1',
  'strict-transport-security': 'max-age=31536000; includeSubDomains',
  'x-ms-served-by': '8b389b8b-027e-46fa-beac-7bb15adb1e3b_130991332273003255',
  'x-ms-request-id': 'ee73482e-146f-4106-8502-e160ddfb5bfa',
  server: 'Microsoft-HTTPAPI/2.0, Microsoft-HTTPAPI/2.0',
  'x-ms-ratelimit-remaining-subscription-reads': '14978',
  'x-ms-correlation-request-id': '460f9637-be53-4370-8fa6-53127e037b8f',
  'x-ms-routing-request-id': 'CENTRALUS:20160205T090314Z:460f9637-be53-4370-8fa6-53127e037b8f',
  date: 'Fri, 05 Feb 2016 09:03:14 GMT',
  connection: 'close' });
 return result; },
function (nock) { 
var result = 
nock('https://management.azure.com:443')
  .get('/subscriptions/e33f361b-53c2-4cc7-b829-78906708387b/resourceGroups/xplatTestGVMCreate3917/providers/Microsoft.Compute/virtualMachines/xplatvm?$expand=instanceView&api-version=2015-06-15')
  .reply(200, "{\r\n  \"properties\": {\r\n    \"vmId\": \"c79d5d4d-d3ae-411e-ab90-9777563e46a9\",\r\n    \"hardwareProfile\": {\r\n      \"vmSize\": \"Standard_A1\"\r\n    },\r\n    \"storageProfile\": {\r\n      \"osDisk\": {\r\n        \"osType\": \"Linux\",\r\n        \"name\": \"cli5998fb1839afc5ec-os-1454662057260\",\r\n        \"createOption\": \"FromImage\",\r\n        \"image\": {\r\n          \"uri\": \"https://xplatteststorage13123.blob.core.windows.net/system/Microsoft.Compute/Images/vhds/xplatvm3-osDisk.809b762a-8685-448e-ba8a-e856a2a335df.vhd\"\r\n        },\r\n        \"vhd\": {\r\n          \"uri\": \"https://xplatteststorage13123.blob.core.windows.net/xplatteststoragecnt11003/cli5998fb1839afc5ec-os-1454662057260.vhd\"\r\n        },\r\n        \"caching\": \"ReadWrite\"\r\n      },\r\n      \"dataDisks\": []\r\n    },\r\n    \"osProfile\": {\r\n      \"computerName\": \"xplatvm\",\r\n      \"adminUsername\": \"azureuser\",\r\n      \"linuxConfiguration\": {\r\n        \"disablePasswordAuthentication\": false,\r\n        \"ssh\": {\r\n          \"publicKeys\": [\r\n            {\r\n              \"path\": \"/home/azureuser/.ssh/authorized_keys\",\r\n              \"keyData\": \"MIID/zCCAuegAwIBAgIJAMUAa+XVLvAeMA0GCSqGSIb3DQEBBQUAMIGVMQswCQYD\\r\\nVQQGEwJJbjESMBAGA1UECAwJS2FybmF0YWthMRIwEAYDVQQHDAlCYW5nYWxvcmUx\\r\\nEDAOBgNVBAoMB2JyaWxsaW8xEjAQBgNVBAsMCW1pY3Jvc29mdDEQMA4GA1UEAwwH\\r\\nYnJpbGxpbzEmMCQGCSqGSIb3DQEJARYXc3JlZWthbnRoYnNAeWFob28uY28uaW4w\\r\\nHhcNMTUwMzA1MTE1MzEyWhcNMTYwMzA0MTE1MzEyWjCBlTELMAkGA1UEBhMCSW4x\\r\\nEjAQBgNVBAgMCUthcm5hdGFrYTESMBAGA1UEBwwJQmFuZ2Fsb3JlMRAwDgYDVQQK\\r\\nDAdicmlsbGlvMRIwEAYDVQQLDAltaWNyb3NvZnQxEDAOBgNVBAMMB2JyaWxsaW8x\\r\\nJjAkBgkqhkiG9w0BCQEWF3NyZWVrYW50aGJzQHlhaG9vLmNvLmluMIIBIjANBgkq\\r\\nhkiG9w0BAQEFAAOCAQ8AMIIBCgKCAQEAyUNKaOuT0NK+S8Ck81zy9xJ6hXfZvAC6\\r\\nlhbmf/6s/WVimJ/TX5NMhQJwC9k6ZIF92KfYrojHNvHDufSZ3EtKUVwRFCDjmgMT\\r\\nDL09WkGaZt7gROYFK0iZ4KrYGovUwlwum9fHB24OJiOV4bi0ek62/rHx9fjYZpvp\\r\\naIH2PV/hN8SCZ0x7HJMberD4gVoU/Kv42nNvwjLUW6IZfVx/Gv5OeFDtWHfSvUEF\\r\\ndadHKTPn3Ab20Iu6gZIbLO9Vuf38/IpaYGfnFCouHdzmiTiLieYNe3CUPcOJNSv7\\r\\n1G8KYpx3uNJRkJPab5OsRyJw75Gvzkr9OgaPss9tVD6Gt68u3WQtVQIDAQABo1Aw\\r\\nTjAdBgNVHQ4EFgQUogvhXB+xZ2JJPfLO6cVs4ForzscwHwYDVR0jBBgwFoAUogvh\\r\\nXB+xZ2JJPfLO6cVs4ForzscwDAYDVR0TBAUwAwEB/zANBgkqhkiG9w0BAQUFAAOC\\r\\nAQEAdDj7qUNJ45xlF5cjd+4x5NHvAD1VTjOKu+Xh/uzSSjXqB2F0aOMWA9lx0qaQ\\r\\noJgHkGxj3zz/W7ik/cVGL2O+vRIOKv/y0OPogEmS3Hw+P+O6OGE7x1G6YN0zLVoL\\r\\nu4BN/BEYmjttxM9I7qqL7C5cJoE+K3s/w1/pt/68ohJcr7F9Ohi7cso62xuGY1Rm\\r\\nksAh2EUDsU9JV/P+C9AMpLSrb03JJYzVj4w1RHbrmw2AjFyGXdQYkggyXisg+Ifr\\r\\n5gbNN7HigpHf7b2i3CQBUqp9m23frh5AhnLI2qp3UXgc52U5ieLdi/t6j0TTZqqY\\r\\nHhHqofKrj938HHlBNpC5/LVh3w==\\r\\n\"\r\n            }\r\n          ]\r\n        }\r\n      },\r\n      \"secrets\": []\r\n    },\r\n    \"networkProfile\": {\"networkInterfaces\":[{\"id\":\"/subscriptions/e33f361b-53c2-4cc7-b829-78906708387b/resourceGroups/xplatTestGVMCreate3917/providers/Microsoft.Network/networkInterfaces/xplattestnic\"}]},\r\n    \"diagnosticsProfile\": {\r\n      \"bootDiagnostics\": {\r\n        \"enabled\": true,\r\n        \"storageUri\": \"https://xplatteststorage13123.blob.core.windows.net/\"\r\n      }\r\n    },\r\n    \"provisioningState\": \"Succeeded\",\r\n    \"instanceView\": {\r\n      \"vmAgent\": {\r\n        \"vmAgentVersion\": \"WALinuxAgent-2.0.14\",\r\n        \"statuses\": [\r\n          {\r\n            \"code\": \"ProvisioningState/succeeded\",\r\n            \"level\": \"Info\",\r\n            \"displayStatus\": \"Ready\",\r\n            \"message\": \"GuestAgent is running and accepting new configurations.\",\r\n            \"time\": \"2016-02-05T09:02:59+00:00\"\r\n          }\r\n        ],\r\n        \"extensionHandlers\": []\r\n      },\r\n      \"disks\": [\r\n        {\r\n          \"name\": \"cli5998fb1839afc5ec-os-1454662057260\",\r\n          \"statuses\": [\r\n            {\r\n              \"code\": \"ProvisioningState/succeeded\",\r\n              \"level\": \"Info\",\r\n              \"displayStatus\": \"Provisioning succeeded\",\r\n              \"time\": \"2016-02-05T08:47:44.2958659+00:00\"\r\n            }\r\n          ]\r\n        }\r\n      ],\r\n      \"bootDiagnostics\": {\r\n        \"consoleScreenshotBlobUri\": \"https://xplatteststorage13123.blob.core.windows.net/bootdiagnostics-xplatvm-c79d5d4d-d3ae-411e-ab90-9777563e46a9/xplatvm.c79d5d4d-d3ae-411e-ab90-9777563e46a9.screenshot.bmp\",\r\n        \"serialConsoleLogBlobUri\": \"https://xplatteststorage13123.blob.core.windows.net/bootdiagnostics-xplatvm-c79d5d4d-d3ae-411e-ab90-9777563e46a9/xplatvm.c79d5d4d-d3ae-411e-ab90-9777563e46a9.serialconsole.log\"\r\n      },\r\n      \"statuses\": [\r\n        {\r\n          \"code\": \"ProvisioningState/succeeded\",\r\n          \"level\": \"Info\",\r\n          \"displayStatus\": \"Provisioning succeeded\",\r\n          \"time\": \"2016-02-05T08:49:31.7029076+00:00\"\r\n        },\r\n        {\r\n          \"code\": \"PowerState/running\",\r\n          \"level\": \"Info\",\r\n          \"displayStatus\": \"VM running\"\r\n        }\r\n      ]\r\n    }\r\n  },\r\n  \"id\": \"/subscriptions/e33f361b-53c2-4cc7-b829-78906708387b/resourceGroups/xplatTestGVMCreate3917/providers/Microsoft.Compute/virtualMachines/xplatvm\",\r\n  \"name\": \"xplatvm\",\r\n  \"type\": \"Microsoft.Compute/virtualMachines\",\r\n  \"location\": \"centralus\",\r\n  \"tags\": {\r\n    \"a\": \"b\",\r\n    \"b\": \"c\",\r\n    \"d\": \"\"\r\n  }\r\n}", { 'cache-control': 'no-cache',
  pragma: 'no-cache',
  'content-length': '5024',
  'content-type': 'application/json; charset=utf-8',
  expires: '-1',
  'strict-transport-security': 'max-age=31536000; includeSubDomains',
  'x-ms-served-by': '8b389b8b-027e-46fa-beac-7bb15adb1e3b_130991332273003255',
  'x-ms-request-id': 'ee73482e-146f-4106-8502-e160ddfb5bfa',
  server: 'Microsoft-HTTPAPI/2.0, Microsoft-HTTPAPI/2.0',
  'x-ms-ratelimit-remaining-subscription-reads': '14978',
  'x-ms-correlation-request-id': '460f9637-be53-4370-8fa6-53127e037b8f',
  'x-ms-routing-request-id': 'CENTRALUS:20160205T090314Z:460f9637-be53-4370-8fa6-53127e037b8f',
  date: 'Fri, 05 Feb 2016 09:03:14 GMT',
  connection: 'close' });
 return result; },
function (nock) { 
var result = 
nock('http://management.azure.com:443')
  .post('/subscriptions/e33f361b-53c2-4cc7-b829-78906708387b/resourceGroups/xplatTestGVMCreate3917/providers/Microsoft.Storage/storageAccounts/xplatteststorage13123/listKeys?api-version=2015-06-15')
  .reply(200, "{\"key1\":\"OIbs5f2KwtokbAINiuzVriLknVscCL5XPbHmdBzduAWDfmO57ECLAvaVN2uGggabyzzjbzb2Jv5x1t7qVBW/KA==\",\"key2\":\"V3yQs5MbZu4xpBTFqOtdC8Kemvalv+RVk7zyixPwOBhk4Si7MVzk58+msWpHJyDODT2E7lw2Iqyimp7gIEoNLA==\"}\n", { 'cache-control': 'no-cache',
  pragma: 'no-cache',
  'content-length': '198',
  'content-type': 'application/json',
  expires: '-1',
  'x-ms-request-id': 'b25ef555-d649-4b25-a6db-558f40fb6f9a',
  server: 'Microsoft-Azure-Storage-Resource-Provider/1.0, Microsoft-HTTPAPI/2.0',
  'x-ms-ratelimit-remaining-subscription-writes': '1197',
  'x-ms-correlation-request-id': 'b25ef555-d649-4b25-a6db-558f40fb6f9a',
  'x-ms-routing-request-id': 'CENTRALUS:20160205T090314Z:b25ef555-d649-4b25-a6db-558f40fb6f9a',
  'strict-transport-security': 'max-age=31536000; includeSubDomains',
  date: 'Fri, 05 Feb 2016 09:03:14 GMT',
  connection: 'close' });
 return result; },
function (nock) { 
var result = 
nock('https://management.azure.com:443')
  .post('/subscriptions/e33f361b-53c2-4cc7-b829-78906708387b/resourceGroups/xplatTestGVMCreate3917/providers/Microsoft.Storage/storageAccounts/xplatteststorage13123/listKeys?api-version=2015-06-15')
  .reply(200, "{\"key1\":\"OIbs5f2KwtokbAINiuzVriLknVscCL5XPbHmdBzduAWDfmO57ECLAvaVN2uGggabyzzjbzb2Jv5x1t7qVBW/KA==\",\"key2\":\"V3yQs5MbZu4xpBTFqOtdC8Kemvalv+RVk7zyixPwOBhk4Si7MVzk58+msWpHJyDODT2E7lw2Iqyimp7gIEoNLA==\"}\n", { 'cache-control': 'no-cache',
  pragma: 'no-cache',
  'content-length': '198',
  'content-type': 'application/json',
  expires: '-1',
  'x-ms-request-id': 'b25ef555-d649-4b25-a6db-558f40fb6f9a',
  server: 'Microsoft-Azure-Storage-Resource-Provider/1.0, Microsoft-HTTPAPI/2.0',
  'x-ms-ratelimit-remaining-subscription-writes': '1197',
  'x-ms-correlation-request-id': 'b25ef555-d649-4b25-a6db-558f40fb6f9a',
  'x-ms-routing-request-id': 'CENTRALUS:20160205T090314Z:b25ef555-d649-4b25-a6db-558f40fb6f9a',
  'strict-transport-security': 'max-age=31536000; includeSubDomains',
  date: 'Fri, 05 Feb 2016 09:03:14 GMT',
  connection: 'close' });
 return result; },
function (nock) { 
var result = 
nock('http://xplatteststorage13123.blob.core.windows.net:443')
  .head('/bootdiagnostics-xplatvm-c79d5d4d-d3ae-411e-ab90-9777563e46a9/xplatvm.c79d5d4d-d3ae-411e-ab90-9777563e46a9.serialconsole.log')
  .reply(200, "", { 'content-length': '66048',
  'last-modified': 'Fri, 05 Feb 2016 08:50:28 GMT',
  'accept-ranges': 'bytes',
  etag: '"0x8D32E0965ABC718"',
  server: 'Windows-Azure-Blob/1.0 Microsoft-HTTPAPI/2.0',
  'x-ms-request-id': '73a77d30-0001-00e5-72f4-5fe3e1000000',
  'x-ms-version': '2015-02-21',
  'x-ms-lease-status': 'unlocked',
  'x-ms-lease-state': 'available',
  'x-ms-blob-type': 'PageBlob',
  'x-ms-blob-sequence-number': '0',
  date: 'Fri, 05 Feb 2016 09:03:12 GMT',
  connection: 'close' });
 return result; },
function (nock) { 
var result = 
nock('https://xplatteststorage13123.blob.core.windows.net:443')
  .head('/bootdiagnostics-xplatvm-c79d5d4d-d3ae-411e-ab90-9777563e46a9/xplatvm.c79d5d4d-d3ae-411e-ab90-9777563e46a9.serialconsole.log')
  .reply(200, "", { 'content-length': '66048',
  'last-modified': 'Fri, 05 Feb 2016 08:50:28 GMT',
  'accept-ranges': 'bytes',
  etag: '"0x8D32E0965ABC718"',
  server: 'Windows-Azure-Blob/1.0 Microsoft-HTTPAPI/2.0',
  'x-ms-request-id': '73a77d30-0001-00e5-72f4-5fe3e1000000',
  'x-ms-version': '2015-02-21',
  'x-ms-lease-status': 'unlocked',
  'x-ms-lease-state': 'available',
  'x-ms-blob-type': 'PageBlob',
  'x-ms-blob-sequence-number': '0',
  date: 'Fri, 05 Feb 2016 09:03:12 GMT',
  connection: 'close' });
 return result; },
function (nock) { 
var result = 
nock('http://xplatteststorage13123.blob.core.windows.net:443')
  .get('/bootdiagnostics-xplatvm-c79d5d4d-d3ae-411e-ab90-9777563e46a9/xplatvm.c79d5d4d-d3ae-411e-ab90-9777563e46a9.serialconsole.log')
  .reply(200, "\u001b[H\u001b[J\u001b[1;1H     0.000000] Initializing cgroup subsys cpuset\r\n[    0.000000] Initializing cgroup subsys cpu\r\n[    0.000000] Initializing cgroup subsys cpuacct\r\n[    0.000000] Linux version 3.19.0-49-generic (buildd@lgw01-24) (gcc version 4.9.2 (Ubuntu 4.9.2-10ubuntu13) ) #55-Ubuntu SMP Fri Jan 22 02:10:24 UTC 2016 (Ubuntu 3.19.0-49.55-generic 3.19.8-ckt12)\r\n[    0.000000] Command line: BOOT_IMAGE=/boot/vmlinuz-3.19.0-49-generic root=UUID=08bbed81-5eaa-415b-8580-5e11e23de0bf ro console=tty1 console=ttyS0 earlyprintk=ttyS0 rootdelay=300 net.ifnames=0\r\n[    0.000000] KERNEL supported cpus:\r\n[    0.000000]   Intel GenuineIntel\r\n[    0.000000]   AMD AuthenticAMD\r\n[    0.000000]   Centaur CentaurHauls\r\n[    0.000000] e820: BIOS-provided physical RAM map:\r\n[    0.000000] BIOS-e820: [mem 0x0000000000000000-0x000000000009fbff] usable\r\n[    0.000000] BIOS-e820: [mem 0x000000000009fc00-0x000000000009ffff] reserved\r\n[    0.000000] BIOS-e820: [mem 0x00000000000e0000-0x00000000000fffff] reserved\r\n[    0.000000] BIOS-e820: [mem 0x0000000000100000-0x000000001ffeffff] usable\r\n[    0.000000] BIOS-e820: [mem 0x000000001fff0000-0x000000001fffefff] ACPI data\r\n[    0.000000] BIOS-e820: [mem 0x000000001ffff000-0x000000001fffffff] ACPI NVS\r\n[    0.000000] BIOS-e820: [mem 0x0000000100000000-0x000000014fffffff] usable\r\n[    0.000000] bootconsole [earlyser0] enabled\r\n[    0.000000] NX (Execute Disable) protection: active\r\n[    0.000000] SMBIOS 2.3 present.\r\n[    0.000000] Hypervisor detected: Microsoft HyperV\r\n[    0.000000] HyperV: features 0xe7f, hints 0x2c\r\n[    0.000000] HyperV: LAPIC Timer Frequency: 0xc3500\r\n[    0.000000] tsc: Marking TSC unstable due to running on Hyper-V\r\n[    0.000000] AGP: No AGP bridge found\r\n[    0.000000] e820: last_pfn = 0x150000 max_arch_pfn = 0x400000000\r\n[    0.000000] PAT configuration [0-7]: WB  WC  UC- UC  WB  WC  UC- UC  \r\n[    0.000000] e820: last_pfn = 0x1fff0 max_arch_pfn = 0x400000000\r\n[    0.000000] found SMP MP-table at [mem 0x000ff780-0x000ff78f] mapped at [ffff8800000ff780]\r\n[    0.000000] Scanning 1 areas for low memory corruption\r\n[    0.000000] init_memory_mapping: [mem 0x00000000-0x000fffff]\r\n[    0.000000] init_memory_mapping: [mem 0x14fe00000-0x14fffffff]\r\n[    0.000000] init_memory_mapping: [mem 0x140000000-0x14fdfffff]\r\n[    0.000000] init_memory_mapping: [mem 0x120000000-0x13fffffff]\r\n[    0.000000] init_memory_mapping: [mem 0x00100000-0x1ffeffff]\r\n[    0.000000] init_memory_mapping: [mem 0x100000000-0x11fffffff]\r\n[    0.000000] RAMDISK: [mem 0x1dd1d000-0x1f7b8fff]\r\n[    0.000000] ACPI: Early table checksum verification disabled\r\n[    0.000000] ACPI: RSDP 0x00000000000F56F0 000014 (v00 ACPIAM)\r\n[    0.000000] ACPI: RSDT 0x000000001FFF0000 000040 (v01 VRTUAL MICROSFT 05001223 MSFT 00000097)\r\n[    0.000000] ACPI: FACP 0x000000001FFF0200 000081 (v02 VRTUAL MICROSFT 05001223 MSFT 00000097)\r\n[    0.000000] ACPI: DSDT 0x000000001FFF1724 002E78 (v01 MSFTVM MSFTVM02 00000002 INTL 02002026)\r\n[    0.000000] ACPI: FACS 0x000000001FFFF000 000040\r\n[    0.000000] ACPI: WAET 0x000000001FFF1480 000028 (v01 VRTUAL MICROSFT 05001223 MSFT 00000097)\r\n[    0.000000] ACPI: SLIC 0x000000001FFF14C0 000176 (v01 VRTUAL MICROSFT 05001223 MSFT 00000097)\r\n[    0.000000] ACPI: OEM0 0x000000001FFF16C0 000064 (v01 VRTUAL MICROSFT 05001223 MSFT 00000097)\r\n[    0.000000] ACPI: SRAT 0x000000001FFF0600 000090 (v02 VRTUAL MICROSFT 00000001 MSFT 00000001)\r\n[    0.000000] ACPI: APIC 0x000000001FFF0300 00024C (v01 VRTUAL MICROSFT 05001223 MSFT 00000097)\r\n[    0.000000] ACPI: OEMB 0x000000001FFFF040 000064 (v01 VRTUAL MICROSFT 05001223 MSFT 00000097)\r\n[    0.000000] SRAT: PXM 0 -> APIC 0x00 -> Node 0\r\n[    0.000000] SRAT: Node 0 PXM 0 [mem 0x00000000-0x1fffffff]\r\n[    0.000000] SRAT: Node 0 PXM 0 [mem 0x100000000-0x14fffffff]\r\n[    0.000000] NUMA: Node 0 [mem 0x00000000-0x1fffffff] + [mem 0x100000000-0x14fffffff] -> [mem 0x00000000-0x14fffffff]\r\n[    0.000000] NODE_DATA(0) allocated [mem 0x14fffa000-0x14fffefff]\r\n[    0.000000] Zone ranges:\r\n[    0.000000]   DMA      [mem 0x00001000-0x00ffffff]\r\n[    0.000000]   DMA32    [mem 0x01000000-0xffffffff]\r\n[    0.000000]   Normal   [mem 0x100000000-0x14fffffff]\r\n[    0.000000] Movable zone start for each node\r\n[    0.000000] Early memory node ranges\r\n[    0.000000]   node   0: [mem 0x00001000-0x0009efff]\r\n[    0.000000]   node   0: [mem 0x00100000-0x1ffeffff]\r\n[    0.000000]   node   0: [mem 0x100000000-0x14fffffff]\r\n[    0.000000] Initmem setup node 0 [mem 0x00001000-0x14fffffff]\r\n[    0.000000] ACPI: PM-Timer IO Port: 0x408\r\n[    0.000000] ACPI: LAPIC (acpi_id[0x01] lapic_id[0x00] enabled)\r\n[    0.000000] ACPI: LAPIC (acpi_id[0x02] lapic_id[0x01] disabled)\r\n[    0.000000] ACPI: LAPIC (acpi_id[0x03] lapic_id[0x02] disabled)\r\n[    0.000000] ACPI: LAPIC (acpi_id[0x04] lapic_id[0x03] disabled)\r\n[    0.000000] ACPI: LAPIC (acpi_id[0x05] lapic_id[0x04] disabled)\r\n[    0.000000] ACPI: LAPIC (acpi_id[0x06] lapic_id[0x05] disabled)\r\n[    0.000000] ACPI: LAPIC (acpi_id[0x07] lapic_id[0x06] disabled)\r\n[    0.000000] ACPI: LAPIC (acpi_id[0x08] lapic_id[0x07] disabled)\r\n[    0.000000] ACPI: LAPIC (acpi_id[0x09] lapic_id[0x08] disabled)\r\n[    0.000000] ACPI: LAPIC (acpi_id[0x0a] lapic_id[0x09] disabled)\r\n[    0.000000] ACPI: LAPIC (acpi_id[0x0b] lapic_id[0x0a] disabled)\r\n[    0.000000] ACPI: LAPIC (acpi_id[0x0c] lapic_id[0x0b] disabled)\r\n[    0.000000] ACPI: LAPIC (acpi_id[0x0d] lapic_id[0x0c] disabled)\r\n[    0.000000] ACPI: LAPIC (acpi_id[0x0e] lapic_id[0x0d] disabled)\r\n[    0.000000] ACPI: LAPIC (acpi_id[0x0f] lapic_id[0x0e] disabled)\r\n[    0.000000] ACPI: LAPIC (acpi_id[0x10] lapic_id[0x0f] disabled)\r\n[    0.000000] ACPI: LAPIC (acpi_id[0x11] lapic_id[0x10] disabled)\r\n[    0.000000] ACPI: LAPIC (acpi_id[0x12] lapic_id[0x11] disabled)\r\n[    0.000000] ACPI: LAPIC (acpi_id[0x13] lapic_id[0x12] disabled)\r\n[    0.000000] ACPI: LAPIC (acpi_id[0x14] lapic_id[0x13] disabled)\r\n[    0.000000] ACPI: LAPIC (acpi_id[0x15] lapic_id[0x14] disabled)\r\n[    0.000000] ACPI: LAPIC (acpi_id[0x16] lapic_id[0x15] disabled)\r\n[    0.000000] ACPI: LAPIC (acpi_id[0x17] lapic_id[0x16] disabled)\r\n[    0.000000] ACPI: LAPIC (acpi_id[0x18] lapic_id[0x17] disabled)\r\n[    0.000000] ACPI: LAPIC (acpi_id[0x19] lapic_id[0x18] disabled)\r\n[    0.000000] ACPI: LAPIC (acpi_id[0x1a] lapic_id[0x19] disabled)\r\n[    0.000000] ACPI: LAPIC (acpi_id[0x1b] lapic_id[0x1a] disabled)\r\n[    0.000000] ACPI: LAPIC (acpi_id[0x1c] lapic_id[0x1b] disabled)\r\n[    0.000000] ACPI: LAPIC (acpi_id[0x1d] lapic_id[0x1c] disabled)\r\n[    0.000000] ACPI: LAPIC (acpi_id[0x1e] lapic_id[0x1d] disabled)\r\n[    0.000000] ACPI: LAPIC (acpi_id[0x1f] lapic_id[0x1e] disabled)\r\n[    0.000000] ACPI: LAPIC (acpi_id[0x20] lapic_id[0x1f] disabled)\r\n[    0.000000] ACPI: LAPIC (acpi_id[0x21] lapic_id[0x20] disabled)\r\n[    0.000000] ACPI: LAPIC (acpi_id[0x22] lapic_id[0x21] disabled)\r\n[    0.000000] ACPI: LAPIC (acpi_id[0x23] lapic_id[0x22] disabled)\r\n[    0.000000] ACPI: LAPIC (acpi_id[0x24] lapic_id[0x23] disabled)\r\n[    0.000000] ACPI: LAPIC (acpi_id[0x25] lapic_id[0x24] disabled)\r\n[    0.000000] ACPI: LAPIC (acpi_id[0x26] lapic_id[0x25] disabled)\r\n[    0.000000] ACPI: LAPIC (acpi_id[0x27] lapic_id[0x26] disabled)\r\n[    0.000000] ACPI: LAPIC (acpi_id[0x28] lapic_id[0x27] disabled)\r\n[    0.000000] ACPI: LAPIC (acpi_id[0x29] lapic_id[0x28] disabled)\r\n[    0.000000] ACPI: LAPIC (acpi_id[0x2a] lapic_id[0x29] disabled)\r\n[    0.000000] ACPI: LAPIC (acpi_id[0x2b] lapic_id[0x2a] disabled)\r\n[    0.000000] ACPI: LAPIC (acpi_id[0x2c] lapic_id[0x2b] disabled)\r\n[    0.000000] ACPI: LAPIC (acpi_id[0x2d] lapic_id[0x2c] disabled)\r\n[    0.000000] ACPI: LAPIC (acpi_id[0x2e] lapic_id[0x2d] disabled)\r\n[    0.000000] ACPI: LAPIC (acpi_id[0x2f] lapic_id[0x2e] disabled)\r\n[    0.000000] ACPI: LAPIC (acpi_id[0x30] lapic_id[0x2f] disabled)\r\n[    0.000000] ACPI: LAPIC (acpi_id[0x31] lapic_id[0x30] disabled)\r\n[    0.000000] ACPI: LAPIC (acpi_id[0x32] lapic_id[0x31] disabled)\r\n[    0.000000] ACPI: LAPIC (acpi_id[0x33] lapic_id[0x32] disabled)\r\n[    0.000000] ACPI: LAPIC (acpi_id[0x34] lapic_id[0x33] disabled)\r\n[    0.000000] ACPI: LAPIC (acpi_id[0x35] lapic_id[0x34] disabled)\r\n[    0.000000] ACPI: LAPIC (acpi_id[0x36] lapic_id[0x35] disabled)\r\n[    0.000000] ACPI: LAPIC (acpi_id[0x37] lapic_id[0x36] disabled)\r\n[    0.000000] ACPI: LAPIC (acpi_id[0x38] lapic_id[0x37] disabled)\r\n[    0.000000] ACPI: LAPIC (acpi_id[0x39] lapic_id[0x38] disabled)\r\n[    0.000000] ACPI: LAPIC (acpi_id[0x3a] lapic_id[0x39] disabled)\r\n[    0.000000] ACPI: LAPIC (acpi_id[0x3b] lapic_id[0x3a] disabled)\r\n[    0.000000] ACPI: LAPIC (acpi_id[0x3c] lapic_id[0x3b] disabled)\r\n[    0.000000] ACPI: LAPIC (acpi_id[0x3d] lapic_id[0x3c] disabled)\r\n[    0.000000] ACPI: LAPIC (acpi_id[0x3e] lapic_id[0x3d] disabled)\r\n[    0.000000] ACPI: LAPIC (acpi_id[0x3f] lapic_id[0x3e] disabled)\r\n[    0.000000] ACPI: LAPIC (acpi_id[0x40] lapic_id[0x3f] disabled)\r\n[    0.000000] ACPI: IOAPIC (id[0x00] address[0xfec00000] gsi_base[0])\r\n[    0.000000] IOAPIC[0]: apic_id 0, version 17, address 0xfec00000, GSI 0-23\r\n[    0.000000] ACPI: INT_SRC_OVR (bus 0 bus_irq 0 global_irq 2 dfl dfl)\r\n[    0.000000] ACPI: INT_SRC_OVR (bus 0 bus_irq 9 global_irq 9 high level)\r\n[    0.000000] Using ACPI (MADT) for SMP configuration information\r\n[    0.000000] smpboot: Allowing 64 CPUs, 63 hotplug CPUs\r\n[    0.000000] PM: Registered nosave memory: [mem 0x00000000-0x00000fff]\r\n[    0.000000] PM: Registered nosave memory: [mem 0x0009f000-0x0009ffff]\r\n[    0.000000] PM: Registered nosave memory: [mem 0x000a0000-0x000dffff]\r\n[    0.000000] PM: Registered nosave memory: [mem 0x000e0000-0x000fffff]\r\n[    0.000000] PM: Registered nosave memory: [mem 0x1fff0000-0x1fffefff]\r\n[    0.000000] PM: Registered nosave memory: [mem 0x1ffff000-0x1fffffff]\r\n[    0.000000] PM: Registered nosave memory: [mem 0x20000000-0xffffffff]\r\n[    0.000000] e820: [mem 0x20000000-0xffffffff] available for PCI devices\r\n[    0.000000] Booting paravirtualized kernel on bare hardware\r\n[    0.000000] setup_percpu: NR_CPUS:256 nr_cpumask_bits:256 nr_cpu_ids:64 nr_node_ids:1\r\n[    0.000000] PERCPU: Embedded 31 pages/cpu @ffff88014d200000 s87104 r8192 d31680 u131072\r\n[    0.000000] Built 1 zonelists in Node order, mobility grouping on.  Total pages: 451449\r\n[    0.000000] Policy zone: Normal\r\n[    0.000000] Kernel command line: BOOT_IMAGE=/boot/vmlinuz-3.19.0-49-generic root=UUID=08bbed81-5eaa-415b-8580-5e11e23de0bf ro console=tty1 console=ttyS0 earlyprintk=ttyS0 rootdelay=300 net.ifnames=0\r\n[    0.000000] log_buf_len individual max cpu contribution: 4096 bytes\r\n[    0.000000] log_buf_len total cpu_extra contributions: 258048 bytes\r\n[    0.000000] log_buf_len min size: 262144 bytes\r\n[    0.000000] log_buf_len: 524288 bytes\r\n[    0.000000] early log buf free: 248640(94%)\r\n[    0.000000] PID hash table entries: 4096 (order: 3, 32768 bytes)\r\n[    0.000000] xsave: enabled xstate_bv 0x7, cntxt size 0x340 using standard form\r\n[    0.000000] AGP: Checking aperture...\r\n[    0.000000] AGP: No AGP bridge found\r\n[    0.000000] Memory: 1687476K/1834552K available (8009K kernel code, 1234K rwdata, 3768K rodata, 1408K init, 1300K bss, 147076K reserved, 0K cma-reserved)\r\n[    0.000000] SLUB: HWalign=64, Order=0-3, MinObjects=0, CPUs=64, Nodes=1\r\n[    0.000000] Hierarchical RCU implementation.\r\n[    0.000000] \tRCU dyntick-idle grace-period acceleration is enabled.\r\n[    0.000000] \tRCU restricting CPUs from NR_CPUS=256 to nr_cpu_ids=64.\r\n[    0.000000] RCU: Adjusting geometry for rcu_fanout_leaf=16, nr_cpu_ids=64\r\n[    0.000000] NR_IRQS:16640 nr_irqs:936 16\r\n[    0.000000] \tOffload RCU callbacks from all CPUs\r\n[    0.000000] \tOffload RCU callbacks from CPUs: 0-63.\r\n[    0.000000] Console: colour VGA+ 80x25\r\n[    0.000000] console [tty1] enabled\r\n[    0.000000] console [ttyS0] enabled\r\n[    0.000000] console [ttyS0] enabled\r\n[    0.000000] bootconsole [earlyser0] disabled\r\n[    0.000000] bootconsole [earlyser0] disabled\r\n[    0.000000] tsc: Fast TSC calibration failed\r\n[    0.000000] tsc: Unable to calibrate against PIT\r\n[    0.000000] tsc: using PMTIMER reference calibration\r\n[    0.000000] tsc: Detected 2397.209 MHz processor\r\n[    0.016028] Calibrating delay loop (skipped), value calculated using timer frequency.. 4794.41 BogoMIPS (lpj=9588836)\r\n[    0.017445] pid_max: default: 65536 minimum: 512\r\n[    0.018109] ACPI: Core revision 20141107\r\n[    0.020440] ACPI: All ACPI Tables successfully acquired\r\n[    0.021975] Security Framework initialized\r\n[    0.022676] AppArmor: AppArmor initialized\r\n[    0.023311] Yama: becoming mindful.\r\n[    0.024255] Dentry cache hash table entries: 262144 (order: 9, 2097152 bytes)\r\n[    0.025482] Inode-cache hash table entries: 131072 (order: 8, 1048576 bytes)\r\n[    0.026526] Mount-cache hash table entries: 4096 (order: 3, 32768 bytes)\r\n[    0.027330] Mountpoint-cache hash table entries: 4096 (order: 3, 32768 bytes)\r\n[    0.028273] Initializing cgroup subsys memory\r\n[    0.028992] Initializing cgroup subsys devices\r\n[    0.029668] Initializing cgroup subsys freezer\r\n[    0.030315] Initializing cgroup subsys net_cls\r\n[    0.030946] Initializing cgroup subsys blkio\r\n[    0.031572] Initializing cgroup subsys perf_event\r\n[    0.032017] Initializing cgroup subsys net_prio\r\n[    0.032715] Initializing cgroup subsys hugetlb\r\n[    0.034205] mce: CPU supports 1 MCE banks\r\n[    0.035010] Last level iTLB entries: 4KB 1024, 2MB 1024, 4MB 1024\r\n[    0.035010] Last level dTLB entries: 4KB 1024, 2MB 1024, 4MB 1024, 1GB 4\r\n[    0.064054] ftrace: allocating 30133 entries in 118 pages\r\n[    0.080124] Switched APIC routing to physical flat.\r\n[    0.106064] ..TIMER: vector=0x30 apic1=0 pin1=2 apic2=-1 pin2=-1\r\n[    0.108002] smpboot: CPU0: Intel(R) Xeon(R) CPU E5-2673 v3 @ 2.40GHz (fam: 06, model: 3f, stepping: 02)\r\n[    0.120110] Performance Events: unsupported p6 CPU model 63 no PMU driver, software events only.\r\n[    0.136768] x86: Booted up 1 node, 1 CPUs\r\n[    0.140004] smpboot: Total of 1 processors activated (4794.41 BogoMIPS)\r\n[    0.144007] NMI watchdog: disabled (cpu0): hardware events not enabled\r\n[    0.150266] devtmpfs: initialized\r\n[    0.153620] evm: security.selinux\r\n[    0.156002] evm: security.SMACK64\r\n[    0.160001] evm: security.SMACK64EXEC\r\n[    0.164005] evm: security.SMACK64TRANSMUTE\r\n[    0.168001] evm: security.SMACK64MMAP\r\n[    0.172002] evm: security.ima\r\n[    0.176003] evm: security.capability\r\n[    0.180087] PM: Registering ACPI NVS region [mem 0x1ffff000-0x1fffffff] (4096 bytes)\r\n[    0.184291] pinctrl core: initialized pinctrl subsystem\r\n[    0.188324] RTC time:  8:48:44, date: 02/05/16\r\n[    0.192183] NET: Registered protocol family 16\r\n[    0.196179] cpuidle: using governor ladder\r\n[    0.200004] cpuidle: using governor menu\r\n[    0.204078] ACPI: bus type PCI registered\r\n[    0.208003] acpiphp: ACPI Hot Plug PCI Controller Driver version: 0.5\r\n[    0.212295] PCI: Using configuration type 1 for base access\r\n[    0.217648] ACPI: Added _OSI(Module Device)\r\n[    0.220007] ACPI: Added _OSI(Processor Device)\r\n[    0.224224] ACPI: Added _OSI(3.0 _SCP Extensions)\r\n[    0.228004] ACPI: Added _OSI(Processor Aggregator Device)\r\n[    0.236382] ACPI: Interpreter enabled\r\n[    0.240007] ACPI Exception: AE_NOT_FOUND, While evaluating Sleep State [\\_S1_] (20141107/hwxface-580)\r\n[    0.252004] ACPI Exception: AE_NOT_FOUND, While evaluating Sleep State [\\_S2_] (20141107/hwxface-580)\r\n[    0.264004] ACPI Exception: AE_NOT_FOUND, While evaluating Sleep State [\\_S3_] (20141107/hwxface-580)\r\n[    0.276006] ACPI Exception: AE_NOT_FOUND, While evaluating Sleep State [\\_S4_] (20141107/hwxface-580)\r\n[    0.288011] ACPI: (supports S0 S5)\r\n[    0.292003] ACPI: Using IOAPIC for interrupt routing\r\n[    0.296051] PCI: Using host bridge windows from ACPI; if necessary, use \"pci=nocrs\" and report a bug\r\n[    0.308563] ACPI: PCI Root Bridge [PCI0] (domain 0000 [bus 00-ff])\r\n[    0.312007] acpi PNP0A03:00: _OSC: OS supports [ASPM ClockPM Segments MSI]\r\n[    0.316009] acpi PNP0A03:00: _OSC failed (AE_NOT_FOUND); disabling ASPM\r\n[    0.320736] acpi PNP0A03:00: fail to add MMCONFIG information, can't access extended PCI configuration space under this bridge.\r\n[    0.324095] PCI host bridge to bus 0000:00\r\n[    0.328005] pci_bus 0000:00: root bus resource [bus 00-ff]\r\n[    0.332005] pci_bus 0000:00: root bus resource [mem 0xfe0000000-0xfffefffff]\r\n[    0.336004] pci_bus 0000:00: root bus resource [io  0x0000-0x0cf7]\r\n[    0.340008] pci_bus 0000:00: root bus resource [io  0x0d00-0xffff]\r\n[    0.344003] pci_bus 0000:00: root bus resource [mem 0x000a0000-0x000bffff]\r\n[    0.348004] pci_bus 0000:00: root bus resource [mem 0x20000000-0xfffbffff]\r\n[    0.360168] pci 0000:00:07.1: legacy IDE quirk: reg 0x10: [io  0x01f0-0x01f7]\r\n[    0.364003] pci 0000:00:07.1: legacy IDE quirk: reg 0x14: [io  0x03f6]\r\n[    0.368001] pci 0000:00:07.1: legacy IDE quirk: reg 0x18: [io  0x0170-0x0177]\r\n[    0.372016] pci 0000:00:07.1: legacy IDE quirk: reg 0x1c: [io  0x0376]\r\n[    0.376346] * Found PM-Timer Bug on the chipset. Due to workarounds for a bug,\r\n[    0.376346] * this clock source is slow. Consider trying other clock sources\r\n[    0.381317] pci 0000:00:07.3: quirk: [io  0x0400-0x043f] claimed by PIIX4 ACPI\r\n[    0.395593] ACPI: PCI Interrupt Link [LNKA] (IRQs 3 4 5 7 9 10 *11 12 14 15)\r\n[    0.412149] ACPI: PCI Interrupt Link [LNKB] (IRQs 3 4 5 7 9 10 11 12 14 15) *0, disabled.\r\n[    0.436148] ACPI: PCI Interrupt Link [LNKC] (IRQs 3 4 5 7 9 10 11 12 14 15) *0, disabled.\r\n[    0.460166] ACPI: PCI Interrupt Link [LNKD] (IRQs 3 4 5 7 9 10 11 12 14 15) *0, disabled.\r\n[    0.481352] ACPI: Enabled 1 GPEs in block 00 to 0F\r\n[    0.484148] vgaarb: setting as boot device: PCI:0000:00:08.0\r\n[    0.488000] vgaarb: device added: PCI:0000:00:08.0,decodes=io+mem,owns=io+mem,locks=none\r\n[    0.488017] vgaarb: loaded\r\n[    0.492002] vgaarb: bridge control possible 0000:00:08.0\r\n[    0.496219] SCSI subsystem initialized\r\n[    0.500099] ACPI: bus type USB registered\r\n[    0.504031] usbcore: registered new interface driver usbfs\r\n[    0.508013] usbcore: registered new interface driver hub\r\n[    0.512052] usbcore: registered new device driver usb\r\n[    0.516163] PCI: Using ACPI for IRQ routing\r\n[    0.520378] NetLabel: Initializing\r\n[    0.524001] NetLabel:  domain hash size = 128\r\n[    0.528002] NetLabel:  protocols = UNLABELED CIPSOv4\r\n[    0.532013] NetLabel:  unlabeled traffic allowed by default\r\n[    0.536098] Switched to clocksource hyperv_clocksource\r\n[    0.548372] AppArmor: AppArmor Filesystem Enabled\r\n[    0.560961] pnp: PnP ACPI init\r\n[    0.567841] system 00:06: [io  0x01e0-0x01ef] has been reserved\r\n[    0.576343] system 00:06: [io  0x0160-0x016f] has been reserved\r\n[    0.585146] system 00:06: [io  0x0278-0x027f] has been reserved\r\n[    0.593365] system 00:06: [io  0x0378-0x037f] has been reserved\r\n[    0.602511] system 00:06: [io  0x0678-0x067f] has been reserved\r\n[    0.611055] system 00:06: [io  0x0778-0x077f] has been reserved\r\n[    0.619519] system 00:06: [io  0x04d0-0x04d1] has been reserved\r\n[    0.628192] system 00:07: [io  0x0400-0x043f] has been reserved\r\n[    0.636665] system 00:07: [io  0x0370-0x0371] has been reserved\r\n[    0.645131] system 00:07: [io  0x0440-0x044f] has been reserved\r\n[    0.653561] system 00:07: [mem 0xfec00000-0xfec00fff] could not be reserved\r\n[    0.663304] system 00:07: [mem 0xfee00000-0xfee00fff] has been reserved\r\n[    0.672808] system 00:08: [mem 0x00000000-0x0009ffff] could not be reserved\r\n[    0.682499] system 00:08: [mem 0x000c0000-0x000dffff] could not be reserved\r\n[    0.692068] system 00:08: [mem 0x000e0000-0x000fffff] could not be reserved\r\n[    0.702177] system 00:08: [mem 0x00100000-0x1fffffff] could not be reserved\r\n[    0.712525] system 00:08: [mem 0xfffc0000-0xffffffff] has been reserved\r\n[    0.722236] pnp: PnP ACPI: found 9 devices\r\n[    0.739542] NET: Registered protocol family 2\r\n[    0.746834] TCP established hash table entries: 16384 (order: 5, 131072 bytes)\r\n[    0.757086] TCP bind hash table entries: 16384 (order: 6, 262144 bytes)\r\n[    0.766514] TCP: Hash tables configured (established 16384 bind 16384)\r\n[    0.776166] TCP: reno registered\r\n[    0.781216] UDP hash table entries: 1024 (order: 3, 32768 bytes)\r\n[    0.789879] UDP-Lite hash table entries: 1024 (order: 3, 32768 bytes)\r\n[    0.799088] NET: Registered protocol family 1\r\n[    0.805906] pci 0000:00:00.0: Limiting direct PCI/PCI transfers\r\n[    0.814705] Trying to unpack rootfs image as initramfs...\r\n[    1.731193] Freeing initrd memory: 27248K (ffff88001dd1d000 - ffff88001f7b9000)\r\n[    1.742972] PCI-DMA: Using software bounce buffering for IO (SWIOTLB)\r\n[    1.753537] software IO TLB [mem 0x19d1d000-0x1dd1d000] (64MB) mapped at [ffff880019d1d000-ffff88001dd1cfff]\r\n[    1.769128] microcode: CPU0 sig=0x306f2, pf=0x1, revision=0xffffffff\r\n[    1.779313] microcode: Microcode Update Driver: v2.00 <tigran@aivazian.fsnet.co.uk>, Peter Oruba\r\n[    1.793060] Scanning for low memory corruption every 60 seconds\r\n[    1.803368] futex hash table entries: 16384 (order: 8, 1048576 bytes)\r\n[    1.813839] Initialise system trusted keyring\r\n[    1.821830] audit: initializing netlink subsys (disabled)\r\n[    1.830647] audit: type=2000 audit(1454662125.828:1): initialized\r\n[    1.841235] HugeTLB registered 2 MB page size, pre-allocated 0 pages\r\n[    1.853041] zpool: loaded\r\n[    1.858831] zbud: loaded\r\n[    1.863810] VFS: Disk quotas dquot_6.5.2\r\n[    1.870582] VFS: Dquot-cache hash table entries: 512 (order 0, 4096 bytes)\r\n[    1.881831] fuse init (API version 7.23)\r\n[    1.888637] Key type big_key registered\r\n[    1.895416] Key type asymmetric registered\r\n[    1.902410] Asymmetric key parser 'x509' registered\r\n[    1.910562] Block layer SCSI generic (bsg) driver version 0.4 loaded (major 252)\r\n[    1.922436] io scheduler noop registered\r\n[    1.928347] io scheduler deadline registered (default)\r\n[    1.935566] io scheduler cfq registered\r\n[    1.941328] pci_hotplug: PCI Hot Plug PCI Core version: 0.5\r\n[    1.949193] pciehp: PCI Express Hot Plug Controller Driver version: 0.4\r\n[    1.958435] input: Power Button as /devices/LNXSYSTM:00/LNXPWRBN:00/input/input0\r\n[    1.968339] ACPI: Power Button [PWRF]\r\n[    1.974238] GHES: HEST is not enabled!\r\n[    1.979785] Serial: 8250/16550 driver, 32 ports, IRQ sharing enabled\r\n[    2.047283] 00:03: ttyS0 at I/O 0x3f8 (irq = 4, base_baud = 115200) is a 16550A\r\n[    2.111463] 00:04: ttyS1 at I/O 0x2f8 (irq = 3, base_baud = 115200) is a 16550A\r\n[    2.130364] Linux agpgart interface v0.103\r\n[    2.138167] brd: module loaded\r\n[    2.144141] loop: module loaded\r\n[    2.149689] ata_piix 0000:00:07.1: Hyper-V Virtual Machine detected, ATA device ignore set\r\n[    2.163677] scsi host0: ata_piix\r\n[    2.169125] scsi host1: ata_piix\r\n[    2.174670] ata1: PATA max UDMA/33 cmd 0x1f0 ctl 0x3f6 bmdma 0xffa0 irq 14\r\n[    2.185222] ata2: PATA max UDMA/33 cmd 0x170 ctl 0x376 bmdma 0xffa8 irq 15\r\n[    2.196394] libphy: Fixed MDIO Bus: probed\r\n[    2.204011] tun: Universal TUN/TAP device driver, 1.6\r\n[    2.212053] tun: (C) 1999-2004 Max Krasnyansky <maxk@qualcomm.com>\r\n[    2.222739] PPP generic driver version 2.4.2\r\n[    2.230107] ehci_hcd: USB 2.0 'Enhanced' Host Controller (EHCI) Driver\r\n[    2.239771] ehci-pci: EHCI PCI platform driver\r\n[    2.246491] ehci-platform: EHCI generic platform driver\r\n[    2.254863] ohci_hcd: USB 1.1 'Open' Host Controller (OHCI) Driver\r\n[    2.264016] ohci-pci: OHCI PCI platform driver\r\n[    2.271215] ohci-platform: OHCI generic platform driver\r\n[    2.279138] uhci_hcd: USB Universal Host Controller Interface driver\r\n[    2.288894] i8042: PNP: PS/2 Controller [PNP0303:PS2K,PNP0f03:PS2M] at 0x60,0x64 irq 1,12\r\n[    2.304355] serio: i8042 KBD port at 0x60,0x64 irq 1\r\n[    2.315361] serio: i8042 AUX port at 0x60,0x64 irq 12\r\n[    2.326116] mousedev: PS/2 mouse device common for all mice\r\n[    2.340606] rtc_cmos 00:00: RTC can wake from S4\r\n[    2.390367] input: AT Translated Set 2 keyboard as /devices/platform/i8042/serio0/input/input1\r\n[    2.405350] rtc_cmos 00:00: rtc core: registered rtc_cmos as rtc0\r\n[    2.416273] rtc_cmos 00:00: alarms up to one month, 114 bytes nvram\r\n[    2.426614] i2c /dev entries driver\r\n[    2.432931] device-mapper: uevent: version 1.0.3\r\n[    2.441569] ata2.00: ATAPI: Virtual CD, , max MWDMA2\r\n[    2.451295] device-mapper: ioctl: 4.29.0-ioctl (2014-10-28) initialised: dm-devel@redhat.com\r\n[    2.464279] ata2.00: configured for MWDMA2\r\n[    2.472085] scsi 1:0:0:0: CD-ROM            Msft     Virtual CD/ROM   1.0  PQ: 0 ANSI: 5\r\n[    2.484536] ledtrig-cpu: registered to indicate activity on CPUs\r\n[    2.496305] sr 1:0:0:0: [sr0] scsi3-mmc drive: 0x/0x tray\r\n[    2.504525] cdrom: Uniform CD-ROM driver Revision: 3.20\r\n[    2.512854] PCCT header not found.\r\n[    2.518765] TCP: cubic registered\r\n[    2.524985] sr 1:0:0:0: Attached scsi generic sg0 type 5\r\n[    2.533905] NET: Registered protocol family 10\r\n[    2.541411] NET: Registered protocol family 17\r\n[    2.548974] Key type dns_resolver registered\r\n[    2.556416] Loading compiled-in X.509 certificates\r\n[    2.564865] Loaded X.509 cert 'Magrathea: Glacier signing key: a1b1352daf054f11bbdc99fefef2fa96b4fbcfbf'\r\n[    2.579232] registered taskstats version 1\r\n[    2.587294] Key type trusted registered\r\n[    2.594936] Key type encrypted registered\r\n[    2.601987] AppArmor: AppArmor sha1 policy hashing enabled\r\n[    2.610062] ima: No TPM chip found, activating TPM-bypass!\r\n[    2.617905] evm: HMAC attrs: 0x1\r\n[    2.623100]   Magic number: 4:982:825\r\n[    2.628943] rtc_cmos 00:00: setting system clock to 2016-02-05 08:48:47 UTC (1454662127)\r\n[    2.640320] BIOS EDD facility v0.16 2004-Jun-25, 0 devices found\r\n[    2.648753] EDD information not available.\r\n[    2.657781] Freeing unused kernel memory: 1408K (ffffffff81d36000 - ffffffff81e96000)\r\n[    2.670286] Write protecting the kernel read-only data: 12288k\r\n[    2.679043] Freeing unused kernel memory: 172K (ffff8800017d5000 - ffff880001800000)\r\n[    2.690911] Freeing unused kernel memory: 328K (ffff880001bae000 - ffff880001c00000)\r\nLoading, please wait...\r\nstarting version 219\r\n[    2.730894] random: systemd-udevd urandom read with 3 bits of entropy available\r\n[    2.783220] hv_vmbus: Hyper-V Host Build:9600-6.3-18-0.18190; Vmbus version:3.0\r\n[    2.793259] hv_vmbus: CPU offlining is not supported by hypervisor\r\n[    2.845962] Floppy drive(s): fd0 is 1.44M\r\n[    2.897535] FDC 0 is an 82078.\r\n[    2.950892] AVX2 version of gcm_enc/dec engaged.\r\n[    2.958442] AES CTR mode by8 optimization enabled\r\n[    3.280057] psmouse serio1: trackpoint: failed to get extended button data\r\n[    7.881824] hv_vmbus: registering driver hyperv_fb\r\n[    7.899296] hv_utils: Registering HyperV Utility Driver\r\n[    7.916237] hv_vmbus: registering driver hv_util\r\n[    7.927229] hv_vmbus: registering driver hv_storvsc\r\n[    8.049115] scsi host2: storvsc_host_t\r\n[    8.056041] scsi 2:0:0:0: Direct-Access     Msft     Virtual Disk     1.0  PQ: 0 ANSI: 4\r\n[    8.069488] sd 2:0:0:0: Attached scsi generic sg1 type 0\r\n[    8.077798] sd 2:0:0:0: [sda] 61440000 512-byte logical blocks: (31.4 GB/29.2 GiB)\r\n[    8.089921] hyperv_fb: Screen resolution: 1152x864, Color depth: 32\r\n[    8.099864] psmouse serio1: trackpoint: IBM TrackPoint firmware: 0x01, buttons: 0/0\r\n[    8.111773] sd 2:0:0:0: [sda] Write Protect is off\r\n[    8.113978] Console: switching to colour frame buffer device 144x54\r\n[    8.143474] hv_vmbus: registering driver hv_netvsc\r\n[    8.151123] input: TPPS/2 IBM TrackPoint as /devices/platform/i8042/serio1/input/input3\r\n[    8.164591] sd 2:0:0:0: [sda] Write cache: enabled, read cache: enabled, supports DPO and FUA\r\n[    8.180373]  sda: sda1\r\n[    8.187352] sd 2:0:0:0: [sda] Attached SCSI disk\r\n[    8.269079] scsi host3: storvsc_host_t\r\n[    8.275057] scsi 3:0:1:0: Direct-Access     Msft     Virtual Disk     1.0  PQ: 0 ANSI: 4\r\n[    8.289140] sd 3:0:1:0: Attached scsi generic sg2 type 0\r\n[    8.297878] sd 3:0:1:0: [sdb] 146800640 512-byte logical blocks: (75.1 GB/70.0 GiB)\r\n[    8.311315] hv_netvsc: hv_netvsc channel opened successfully\r\n[    8.320340] sd 3:0:1:0: [sdb] Write Protect is off\r\n[    8.335470] sd 3:0:1:0: [sdb] Write cache: enabled, read cache: enabled, supports DPO and FUA\r\n[    8.352123]  sdb: sdb1\r\n[    8.359498] sd 3:0:1:0: [sdb] Attached SCSI disk\r\n[   10.121873] hv_netvsc vmbus_0_16: Send section size: 6144, Section count:2560\r\n[   10.135471] hv_netvsc vmbus_0_16: Device MAC 00:0d:3a:91:3f:8a link state up\r\n[   10.254430] scsi host4: storvsc_host_t\r\n[   10.262537] scsi 4:0:0:0: scsi scan: INQUIRY result too short (5), using 36\r\n[   10.274794] scsi 4:0:0:1: scsi scan: INQUIRY result too short (5), using 36\r\n[   10.287197] scsi 4:0:1:0: scsi scan: INQUIRY result too short (5), using 36\r\n[   10.299359] scsi 4:0:1:1: scsi scan: INQUIRY result too short (5), using 36\r\n[   10.310927] scsi 4:1:0:0: scsi scan: INQUIRY result too short (5), using 36\r\n[   10.323619] scsi 4:1:0:1: scsi scan: INQUIRY result too short (5), using 36\r\n[   10.335387] scsi 4:1:1:0: scsi scan: INQUIRY result too short (5), using 36\r\n[   10.346945] scsi 4:1:1:1: scsi scan: INQUIRY result too short (5), using 36\r\n[   10.357862] scsi 4:2:0:0: scsi scan: INQUIRY result too short (5), using 36\r\n[   10.367417] scsi 4:2:0:1: scsi scan: INQUIRY result too short (5), using 36\r\n[   10.377484] scsi 4:2:1:0: scsi scan: INQUIRY result too short (5), using 36\r\n[   10.388141] scsi 4:2:1:1: scsi scan: INQUIRY result too short (5), using 36\r\n[   10.398796] scsi host5: storvsc_host_t\r\n[   10.404840] scsi 4:3:0:0: scsi scan: INQUIRY result too short (5), using 36\r\n[   10.416440] scsi 5:0:0:0: scsi scan: INQUIRY result too short (5), using 36\r\n[   10.427019] scsi 4:3:0:1: scsi scan: INQUIRY result too short (5), using 36\r\n[   10.437364] scsi 5:0:0:1: scsi scan: INQUIRY result too short (5), using 36\r\n[   10.447341] scsi 4:3:1:0: scsi scan: INQUIRY result too short (5), using 36\r\n[   10.458377] scsi 5:0:1:0: scsi scan: INQUIRY result too short (5), using 36\r\n[   10.469054] scsi 4:3:1:1: scsi scan: INQUIRY result too short (5), using 36\r\n[   10.479939] scsi 5:0:1:1: scsi scan: INQUIRY result too short (5), using 36\r\n[   10.489954] scsi 4:4:0:0: scsi scan: INQUIRY result too short (5), using 36\r\n[   10.500490] scsi 5:1:0:0: scsi scan: INQUIRY result too short (5), using 36\r\n[   10.511050] scsi 4:4:0:1: scsi scan: INQUIRY result too short (5), using 36\r\n[   10.522067] scsi 5:1:0:1: scsi scan: INQUIRY result too short (5), using 36\r\n[   10.532141] scsi 4:4:1:0: scsi scan: INQUIRY result too short (5), using 36\r\n[   10.542601] scsi 5:1:1:0: scsi scan: INQUIRY result too short (5), using 36\r\n[   10.553078] scsi 4:4:1:1: scsi scan: INQUIRY result too short (5), using 36\r\n[   10.563175] scsi 5:1:1:1: scsi scan: INQUIRY result too short (5), using 36\r\n[   10.575287] scsi 4:5:0:0: scsi scan: INQUIRY result too short (5), using 36\r\n[   10.585259] scsi 5:2:0:0: scsi scan: INQUIRY result too short (5), using 36\r\n[   10.595977] scsi 4:5:0:1: scsi scan: INQUIRY result too short (5), using 36\r\n[   10.606434] scsi 4:5:1:0: scsi scan: INQUIRY result too short (5), using 36\r\n[   10.616580] scsi 5:2:0:1: scsi scan: INQUIRY result too short (5), using 36\r\n[   10.626834] scsi 4:5:1:1: scsi scan: INQUIRY result too short (5), using 36\r\n[   10.637659] scsi 5:2:1:0: scsi scan: INQUIRY result too short (5), using 36\r\n[   10.649052] scsi 4:6:0:0: scsi scan: INQUIRY result too short (5), using 36\r\n[   10.660567] scsi 5:2:1:1: scsi scan: INQUIRY result too short (5), using 36\r\n[   10.671078] scsi 4:6:0:1: scsi scan: INQUIRY result too short (5), using 36\r\n[   10.682234] scsi 5:3:0:0: scsi scan: INQUIRY result too short (5), using 36\r\n[   10.697535] scsi 4:6:1:0: scsi scan: INQUIRY result too short (5), using 36\r\n[   10.711704] scsi 5:3:0:1: scsi scan: INQUIRY result too short (5), using 36\r\n[   10.732890] scsi 4:6:1:1: scsi scan: INQUIRY result too short (5), using 36\r\n[   10.748387] scsi 5:3:1:0: scsi scan: INQUIRY result too short (5), using 36\r\n[   10.759528] scsi 5:3:1:1: scsi scan: INQUIRY result too short (5), using 36\r\n[   10.769829] scsi 4:7:0:0: scsi scan: INQUIRY result too short (5), using 36\r\n[   10.786139] scsi 5:4:0:0: scsi scan: INQUIRY result too short (5), using 36\r\n[   10.796827] scsi 4:7:0:1: scsi scan: INQUIRY result too short (5), using 36\r\n[   10.806888] scsi 5:4:0:1: scsi scan: INQUIRY result too short (5), using 36\r\n[   10.817287] scsi 4:7:1:0: scsi scan: INQUIRY result too short (5), using 36\r\n[   10.829871] scsi 5:4:1:0: scsi scan: INQUIRY result too short (5), using 36\r\n[   10.839501] scsi 4:7:1:1: scsi scan: INQUIRY result too short (5), using 36\r\n[   10.851399] scsi 5:4:1:1: scsi scan: INQUIRY result too short (5), using 36\r\n[   10.864511] scsi 5:5:0:0: scsi scan: INQUIRY result too short (5), using 36\r\n[   10.875601] scsi 5:5:0:1: scsi scan: INQUIRY result too short (5), using 36\r\n[   10.886810] scsi 5:5:1:0: scsi scan: INQUIRY result too short (5), using 36\r\n[   10.896949] scsi 5:5:1:1: scsi scan: INQUIRY result too short (5), using 36\r\n[   10.907873] scsi 5:6:0:0: scsi scan: INQUIRY result too short (5), using 36\r\n[   10.918451] scsi 5:6:0:1: scsi scan: INQUIRY result too short (5), using 36\r\n[   10.929667] scsi 5:6:1:0: scsi scan: INQUIRY result too short (5), using 36\r\n[   10.942565] scsi 5:6:1:1: scsi scan: INQUIRY result too short (5), using 36\r\n[   10.953263] scsi 5:7:0:0: scsi scan: INQUIRY result too short (5), using 36\r\n[   10.964077] scsi 5:7:0:1: scsi scan: INQUIRY result too short (5), using 36\r\n[   10.974401] scsi 5:7:1:0: scsi scan: INQUIRY result too short (5), using 36\r\n[   10.984124] scsi 5:7:1:1: scsi scan: INQUIRY result too short (5), using 36\r\nBegin: Loading essential drivers ... done.\r\r\nBegin: Running /scripts/init-premount ... done.\r\r\nBegin: Mounting root file system ... Begin: Running /scripts/local-top ... done.\r\r\nBegin: Running /scripts/local-premount ... done.\r\r\n[   12.605037] EXT4-fs (sda1): mounted filesystem with ordered data mode. Opts: (null)\r\nBegin: Running /scripts/local-bottom ... done.\r\r\ndone.\r\r\nBegin: Running /scripts/init-bottom ... done.\r\r\n[   13.459258] random: nonblocking pool is initialized\r\n[   15.292964] systemd[1]: Inserted module 'autofs4'\r\n[   16.209514] systemd[1]: systemd 219 running in system mode. (+PAM +AUDIT +SELINUX +IMA +APPARMOR +SMACK +SYSVINIT +UTMP +LIBCRYPTSETUP +GCRYPT -GNUTLS +ACL +XZ -LZ4 -SECCOMP +BLKID -ELFUTILS +KMOD -IDN)\r\n[   16.236063] systemd[1]: Detected virtualization microsoft.\r\n[   16.244632] systemd[1]: Detected architecture x86-64.\r\n\r\r\nWelcome to \u001b[1mUbuntu 15.04\u001b[0m!\r[   16.272430] systemd[1]: Set hostname to <xplatvm3>.\r\n\r\n\r\r\n-.mount\r\r\n[   17.499907] systemd[1]: Cannot add dependency job for unit sshd-keygen.service, ignoring: Unit sshd-keygen.service failed to load: No such file or directory.\r\n[   17.519312] systemd[1]: Cannot add dependency job for unit sshd-keygen.service, ignoring: Unit sshd-keygen.service failed to load: No such file or directory.\r\n[   17.538048] systemd[1]: Cannot add dependency job for unit display-manager.service, ignoring: Unit display-manager.service failed to load: No such file or directory.\r\n[   17.558634] systemd[1]: Started Forward Password Requests to Wall Directory Watch.\r\n[   17.569208] systemd[1]: Starting Forward Password Requests to Wall Directory Watch.\r\n[\u001b[32m  OK  \u001b[0m]
[   17.583335] systemd[1]: Created slice Root Slice.\r\nCreated slice Root Slice.\r\r\n[   17.593080] systemd[1]: Starting Root Slice.\r\n[\u001b[32m  OK  \u001b[0m]
[   17.602648] systemd[1]: Listening on udev Kernel Socket.\r\nListening on udev Kernel Socket.\r\r\n[   17.613756] systemd[1]: Starting udev Kernel Socket.\r\n[\u001b[32m  OK  \u001b[0m]
[   17.624030] systemd[1]: Created slice System Slice.\r\nCreated slice System Slice.\r\r\n[   17.634529] systemd[1]: Starting System Slice.\r\n[   17.640962] systemd[1]: Starting Increase datagram queue length...\r\n         Starting Increase datagram queue length...[   17.655714] systemd[1]: Created slice system-systemd\\x2dfsck.slice.\r\n\r\r\n[\u001b[32m  OK  \u001b[0m] Created slice system-systemd\\x2dfsck.slice.\r\r\n[   17.673355] systemd[1]: Starting system-systemd\\x2dfsck.slice.\r\n[\u001b[32m  OK  \u001b[0m]
[   17.685700] systemd[1]: Created slice system-getty.slice.\r\nCreated slice system-getty.slice.\r\r\n[   17.697867] systemd[1]: Starting system-getty.slice.\r\n[\u001b[32m  OK  \u001b[0m]
[   17.708250] systemd[1]: Reached target Swap.\r\nReached target Swap.\r\r\n[   17.716931] systemd[1]: Starting Swap.\r\n[\u001b[32m  OK  \u001b[0m]
[   17.726401] systemd[1]: Set up automount Arbitrary Executable File Formats File System Automount Point.\r\nSet up automount Arbitrary Executab...ats File System Automount Point.\r\r\n[   17.746841] systemd[1]: Starting Arbitrary Executable File Formats File System Automount Point.\r\n[\u001b[32m  OK  \u001b[0m]
[   17.762525] systemd[1]: Listening on Journal Socket.\r\nListening on Journal Socket.\r\r\n[   17.774651] systemd[1]: Starting Journal Socket.\r\n[   17.790229] systemd[1]: Started Set Up Additional Binary Formats.\r\n[   17.799954] systemd[1]: Mounting POSIX Message Queue File System...\r\n         Mounting POSIX Message Queue File System...[   17.816809] systemd[1]: Reached target Encrypted Volumes.\r\n\r\r\n[\u001b[32m  OK  \u001b[0m] Reached target Encrypted Volumes.\r[   17.831633] systemd[1]: Starting Encrypted Volumes.\r\n\r\n[   17.855848] systemd[1]: Starting Load Kernel Modules...\r\n         Starting Load Kernel Modules...[   17.870998] systemd[1]: Starting Create list of required static device nodes for the current kernel...\r\n\r\r\n         Starting Create list of required st... nodes for the current kernel...[   17.901196] systemd[1]: Mounting Huge Pages File System...\r\n\r\r\n         Mounting Huge Pages File System...[   17.919845] systemd[1]: Listening on Delayed Shutdown Socket.\r\n\r\r\n[\u001b[32m  OK  \u001b[0m] Listening on Delayed Shutdown Socket.\r\r\n[   17.938377] systemd[1]: Starting Delayed Shutdown Socket.\r\n[   17.946544] systemd[1]: Listening on Journal Audit Socket.\r\n[\u001b[32m  OK  \u001b[0m] Listening on Journal Audit Socket.\r\r\n[   17.961496] systemd[1]: Starting Journal Audit Socket.\r\n[   17.970367] systemd[1]: Starting Uncomplicated firewall...\r\n[   17.979867] systemd[1]: Listening on Journal Socket (/dev/log).\r\n         Starting Uncomplicated firewall...\r\r\n[\u001b[32m  OK  \u001b[0m] Listening on Journal Socket (/dev/log).\r\r\n[   18.000044] systemd[1]: Starting Journal Socket (/dev/log).\r\n[   18.009686] systemd[1]: Listening on /dev/initctl Compatibility Named Pipe.\r\n[\u001b[32m  OK  \u001b[0m] Listening on /dev/initctl Compatibility Named Pipe.\r[   18.035265] systemd[1]: Starting /dev/initctl Compatibility Named Pipe.\r\n\r\n[\u001b[32m  OK  \u001b[0m]
[   18.050643] systemd[1]: Listening on fsck to fsckd communication Socket.\r\nListening on fsck to fsckd communication Socket.\r\r\n[   18.068149] systemd[1]: Starting fsck to fsckd communication Socket.\r\n[\u001b[32m  OK  \u001b[0m[   18.083406] systemd[1]: Listening on udev Control Socket.\r\n] Listening on udev Control Socket.\r\r\n[   18.097057] systemd[1]: Starting udev Control Socket.\r\n[   18.105617] systemd[1]: Starting udev Coldplug all Devices...\r\n         Starting udev Coldplug all Devices...[   18.120485] systemd[1]: Starting Setup Virtual Console...\r\n\r\r\n         Starting Setup Virtual Console...[   18.137498] systemd[1]: Mounting Debug File System...\r\n\r\r\n         Mounting Debug File System...[   18.157752] systemd[1]: Starting Nameserver information manager...\r\n\r\r\n         Starting Nameserver information manager...[   18.183316] systemd[1]: Created slice User and Session Slice.\r\n\r\r\n[\u001b[32m  OK  \u001b[0m] Created slice User and Session Slice.\r\r\n[   18.200910] systemd[1]: Starting User and Session Slice.\r\n[   18.201346] systemd[1]: Starting Remount Root and Kernel File Systems...\r\n[   18.224040] systemd[1]: Created slice system-serial\\x2dgetty.slice.\r\n[   18.239774] EXT4-fs (sda1): re-mounted. Opts: discard\r\n[   18.249028] systemd[1]: Starting system-serial\\x2dgetty.slice.\r\n         Starting Remount Root and Kernel File Systems...\r[   18.269019] systemd[1]: Reached target Slices.\r\n\r\n[\u001b[32m  OK  \u001b[0m] Created slice system-serial\\x2dgetty.slice.\r\r\n[   18.293278] systemd[1]: Starting Slices.\r\n[   18.293299] systemd[1]: Started Read required files in advance.\r\n[   18.313093] systemd[1]: Reached target Remote File Systems (Pre).\r\n[\u001b[32m  OK  \u001b[0m] Reached target Slices.\r\r\n[\u001b[32m  OK  \u001b[0m] Reached target Remote File Systems (Pre).\r[   18.332481] systemd[1]: Starting Remote File Systems (Pre).\r\n\r\n[\u001b[32m  OK  \u001b[0m[   18.351270] systemd[1]: Mounted POSIX Message Queue File System.\r\n] Mounted POSIX Message Queue File System.\r\r\ndev-mqueue.mount\r\r\n[   18.378143] systemd[1]: Mounted Debug File System.\r\n[\u001b[32m  OK  \u001b[0m] Mounted Debug File System.\r\r\n[[   18.392099] systemd[1]: Mounted Huge Pages File System.\r\n\u001b[32m  OK  \u001b[0m] Mounted Huge Pages File System.\r\r\nsys-kernel-debug.mount[   18.409457] systemd[1]: Started Increase datagram queue length.\r\n\r\r\n[\u001b[32m  OK  \u001b[0m] Started Increase datagram queue length.\r\r\ndev-hugepages.mount\r\r\n[   18.432851] systemd[1]: Started Load Kernel Modules.\r\n[\u001b[32m  OK  \u001b[0m] Started Load Kernel Modules.\r\r\nsystemd-setup-dgram-qlen.service[   18.450758] systemd[1]: Started Create list of required static device nodes for the current kernel.\r\n\r\r\n[\u001b[32m  OK  \u001b[0m] Started Create list of required sta...ce nodes for the current kernel.\r[   18.474356] systemd[1]: Started Uncomplicated firewall.\r\n\r\n[\u001b[32m  OK  \u001b[0m] Started Uncomplicated firewall.\r\r\nsystemd-modules-load.service[   18.493864] systemd[1]: Started Setup Virtual Console.\r\n\r\r\n[\u001b[32m  OK  \u001b[0m] Started Setup Virtual Console.\r[   18.515160] systemd[1]: Started Remount Root and Kernel File Systems.\r\n\r\nkmod-static-nodes.service\r\r\n[\u001b[32m  OK  \u001b[0m] Started Remount Root and Kernel File Systems.\r[   18.547888] systemd[1]: Time has been changed\r\n\r\nufw.service\r\r\n[   18.568226] systemd[1]: Started Nameserver information manager.\r\n[\u001b[32m  OK  \u001b[0m] Started Nameserver information manager.\r\r\nsystemd-vconsole-setup.service\r\r\nsystemd-remount-fs.service[   18.596899] systemd[1]: Started udev Coldplug all Devices.\r\n\r\r\nresolvconf.service\r\r\n[\u001b[32m  OK  \u001b[0m] Started udev Coldplug all Devices.\r\r\nsystemd-udev-trigger.service\r\r\n[   18.678260] systemd[1]: Starting udev Wait for Complete Device Initialization...\r\n         Starting udev Wait for Complete Device Initialization...\r\r\n[   18.698301] systemd[1]: Started Rebuild Hardware Database.\r\n[   18.707684] systemd[1]: Started Various fixups to make systemd work better on Debian.\r\n[   18.719048] systemd[1]: Starting Load/Save Random Seed...\r\n         Starting Load/Save Random Seed...[   18.733788] systemd[1]: Starting Create Static Device Nodes in /dev...\r\n\r\r\n         Starting Create Static Device Nodes in /dev...[   18.754491] systemd[1]: Mounting FUSE Control File System...\r\n\r\r\n         Mounting FUSE Control File System...[   18.780104] systemd[1]: Starting Apply Kernel Variables...\r\n\r\r\n         Starting Apply Kernel Variables...[   18.796485] systemd[1]: Mounted Configuration File System.\r\n\r\r\n[\u001b[32m  OK  \u001b[0m]
[   18.816132] systemd[1]: Listening on Syslog Socket.\r\nListening on Syslog Socket.\r\r\n[   18.845321] systemd[1]: Starting Syslog Socket.\r\n[   18.852900] systemd[1]: Starting Journal Service...\r\n         Starting Journal Service...[   18.887212] systemd[1]: Mounted FUSE Control File System.\r\n\r\r\n[\u001b[32m  OK  \u001b[0m] Mounted FUSE Control File System.\r\r\nsys-fs-fuse-connections.mount[   18.911866] systemd[1]: Started Load/Save Random Seed.\r\n\r\r\n[\u001b[32m  OK  \u001b[0m] Started Load/Save Random Seed.\r\r\nsystemd-random-seed.service\r\r\n[\u001b[32m  OK  \u001b[0m] Started Apply Kernel Variables.\r\r\nsystemd-sysctl.service\r\r\n[\u001b[32m  OK  \u001b[0m] Started Journal Service.\r\r\n         Starting Flush Journal to Persistent Storage...\r\r\nsystemd-journald.service\r\r\n[\u001b[32m  OK  \u001b[0m] Started Flush Journal to Persistent Storage.\r\r\nsystemd-journal-flush.service\r\r\n[\u001b[32m  OK  \u001b[0m] Started Create Static Device Nodes in /dev.\r\r\n         Starting udev Kernel Device Manager...\r\r\nsystemd-tmpfiles-setup-dev.service\r\r\n[\u001b[32m  OK  \u001b[0m] Started udev Kernel Device Manager.\r\r\n[\u001b[32m  OK  \u001b[0m] Reached target Paths.\r\r\nsystemd-udevd.service\r\r\n[\u001b[32m  OK  \u001b[0m] Created slice system-ifup.slice.\r\r\n[   20.394562] piix4_smbus 0000:00:07.3: SMBus base address uninitialized - upgrade BIOS or use force_addr=0xaddr\r\n[\u001b[32m  OK  \u001b[0m] Found device /dev/ttyS0.\r\r\n[   21.214173] intel_rapl: no valid rapl domains found in package 0\r\n[\u001b[32m  OK  \u001b[0m] Found device Virtual_Disk Temporary_Storage.\r\r\n[\u001b[32m  OK  \u001b[0m] Started udev Wait for Complete Device Initialization.\r\r\n[\u001b[32m  OK  \u001b[0m] Reached target Local File Systems (Pre).\r\r\n         Starting File System Check on /dev/disk/azure/resource-part1...\r\r\nsystemd-udev-settle.service\r\r\n         Mounting /etc/network/interfaces.dynamic.d...\r\r\n         Starting Copy rules generated while the root was ro...\r\r\n[\u001b[32m  OK  \u001b[0m] Mounted /etc/network/interfaces.dynamic.d.\r\r\n[\u001b[32m  OK  \u001b[0m] Started Copy rules generated while the root was ro.\r\r\n[\u001b[32m  OK  \u001b[0m] Reached target Local File Systems.\r\r\n         Starting LSB: AppArmor initialization...\r\r\n         Starting Create Volatile Files and Directories...\r\r\n         Starting Tell Plymouth To Write Out Runtime Data...\r\r\n[\u001b[32m  OK  \u001b[0m] Reached target Remote File Systems.\r\r\n         Starting Wait for all \"auto\" /etc/n... up for network-online.target...\r\r\n         Starting Set console keymap...\r\r\n[\u001b[32m  OK  \u001b[0m] Started File System Check on /dev/disk/azure/resource-part1.\r\r\n         Mounting /mnt...\r\r\netc-network-interfaces.dynamic.d.mount\r\r\nudev-finish.service\r\r\nsystemd-fsck@dev-disk-azure-resource\\x2dpart1.service\r\r\n[\u001b[32m  OK  \u001b[0m] Started Create Volatile Files and Directories.\r\r\n         Starting Network Time Synchronization...\r\r\n         Starting Update UTMP about System Boot/Shutdown...\r\r\n[\u001b[32m  OK  \u001b[0m] Started Tell Plymouth To Write Out Runtime Data.\r\r\nsystemd-tmpfiles-setup.service\r\r\n[\u001b[32m  OK  \u001b[0m] Started Update UTMP about System Boot/Shutdown.\r\r\nsystemd-update-utmp.service\r\r\n[\u001b[32m  OK  \u001b[0m] Mounted /mnt.\r\r\n[\u001b[32m  OK  \u001b[0m] Started Network Time Synchronization.\r\r\n[\u001b[32m  OK  \u001b[0m] Reached target System Time Synchronized.\r\r\nmnt.mount\r\r\nsystemd-timesyncd.service\r\r\n[\u001b[32m  OK  \u001b[0m] Started Set console keymap.\r\r\n[\u001b[32m  OK  \u001b[0m] Started LSB: AppArmor initialization.\r\r\n[\u001b[32m  OK  \u001b[0m] Started ifup for eth0.\r\r\n         Starting ifup for eth0...\r\r\n         Starting LSB: Raise network interfaces....\r\r\napparmor.service\r\r\nifup@eth0.service\r\r\n[\u001b[32m  OK  \u001b[0m] Started LSB: Raise network interfaces..\r\r\n[\u001b[32m  OK  \u001b[0m] Reached target System Initialization.\r\r\n[\u001b[32m  OK  \u001b[0m] Reached target Timers.\r\r\n         Starting Seed the pseudo random number generator on first boot...\r\r\n[\u001b[32m  OK  \u001b[0m] Listening on UUID daemon activation socket.\r\r\n[\u001b[32m  OK  \u001b[0m] Listening on ACPID Listen Socket.\r\r\n[\u001b[32m  OK  \u001b[0m] Listening on D-Bus System Message Bus Socket.\r\r\n[\u001b[32m  OK  \u001b[0m] Reached target Sockets.\r\r\n[\u001b[32m  OK  \u001b[0m] Reached target Basic System.\r\r\n         Starting LSB: automatic crash report generation...\r\r\n         Starting LSB: Starts the Micro Name Service Cache Daemon...\r\r\n[\u001b[32m  OK  \u001b[0m] Started Regular background program processing daemon.\r\r\n         Starting Regular background program processing daemon...\r\r\n         Starting Initial cloud-init job (pre-networking)...\r\r\n[\u001b[32m  OK  \u001b[0m] Started Hyper-V VSS Protocol Daemon.\r\r\n         Starting Hyper-V VSS Protocol Daemon...\r\r\n         Starting Accounts Service...\r\r\n         Starting LSB: daemon to balance interrupts for SMP systems...\r\r\n         Starting LSB: Set the CPU Frequency Scaling governor to \"ondemand\"...\r\r\n         Starting Login Service...\r\r\n         Starting Thermal Daemon Service...\r\r\n         Starting D-Bus System Message Bus...\r\r\n[\u001b[32m  OK  \u001b[0m] Started Hyper-V KVP Protocol Daemon.\r\r\n         Starting Hyper-V KVP Protocol Daemon...\r\r\n         Starting Restore /etc/resolv.conf i...e the ppp link was shut down....\r\r\n[\u001b[32m  OK  \u001b[0m] Started Hyper-V File Copy Protocol Daemon.\r\r\n         Starting Hyper-V File Copy Protocol Daemon...\r\r\n         Starting LSB: Landscape client daemons...\r\r\n         Starting System Logging Service...\r\r\n         Starting LSB: Record successful boot for GRUB...\r\r\n[\u001b[32m  OK  \u001b[0m] Started Deferred execution scheduler.\r\r\n         Starting Deferred execution scheduler...\r\r\n[\u001b[32m  OK  \u001b[0m] Reached target Network.\r\r\n         Starting /etc/rc.local Compatibility...\r\r\n[\u001b[32m  OK  \u001b[0m] Started LSB: automatic crash report generation.\r\r\n[\u001b[32m  OK  \u001b[0m] Started LSB: Starts the Micro Name Service Cache Daemon.\r\r\n[\u001b[32m  OK  \u001b[0m] Started LSB: Set the CPU Frequency Scaling governor to \"ondemand\".\r\r\n[\u001b[32m  OK  \u001b[0m] Started Restore /etc/resolv.conf if...ore the ppp link was shut down..\r\r\n[\u001b[32m  OK  \u001b[0m] Started /etc/rc.local Compatibility.\r\r\n[\u001b[32m  OK  \u001b[0m] Started LSB: Landscape client daemons.\r\r\nnetworking.service\r\r\n[\u001b[32m  OK  \u001b[0m] Started Seed the pseudo random number generator on first boot.\r\r\n[\u001b[32m  OK  \u001b[0m] Started D-Bus System Message Bus.\r\r\ncron.service\r\r\nhv-vss-daemon.service\r\r\nhv-kvp-daemon.service\r\r\nhv-fcopy-daemon.service\r\r\natd.service\r\r\napport.service\r\r\nunscd.service\r\r\nondemand.service\r\r\nrc-local.service\r\r\nlandscape-client.service\r\r\n[\u001b[32m  OK  \u001b[0m] Started LSB: daemon to balance interrupts for SMP systems.\r\r\n[\u001b[32m  OK  \u001b[0m] Started System Logging Service.\r\r\n[\u001b[32m  OK  \u001b[0m] Started Login Service.\r\r\ndbus.service\r\r\nirqbalance.service\r\r\nrsyslog.service\r\r\nsystemd-logind.service\r\r\n         Starting Authenticate and Authorize Users to Run Privileged Tasks...\r\r\n[\u001b[32m  OK  \u001b[0m] Started Authenticate and Authorize Users to Run Privileged Tasks.\r\r\n[\u001b[32m  OK  \u001b[0m] Started Accounts Service.\r\r\npolkitd.service\r\r\naccounts-daemon.service\r\r\n[\u001b[32m  OK  \u001b[0m] Started Thermal Daemon Service.\r\r\nthermald.service\r\r\ngrub-common.service\r\r\n[\u001b[32m  OK  \u001b[0m] Started LSB: Record successful boot for GRUB.\r\r\nifup-wait-all-auto.service\r\r\n[\u001b[32m  OK  \u001b[0m] Started Wait for all \"auto\" /etc/ne...be up for network-online.target.\r\r\n[\u001b[32m  OK  \u001b[0m] Reached target Network is Online.\r\r\n         Starting LSB: Cleans up any mess left by 0dns-up...\r\r\n[\u001b[32m  OK  \u001b[0m] Started LSB: Cleans up any mess left by 0dns-up.\r\r\ndns-clean.service\r\r\n[   31.344202] cloud-init[603]: Cloud-init v. 0.7.7 running 'init-local' at Fri, 05 Feb 2016 08:49:15 +0000. Up 30.96 seconds.\r\r\n[\u001b[32m  OK  \u001b[0m] Started Initial cloud-init job (pre-networking).\r\r\n         Starting Initial cloud-init job (metadata service crawler)...\r\r\ncloud-init-local.service\r\r\n[   32.336090] blk_update_request: I/O error, dev fd0, sector 0\r\n[   32.460198] blk_update_request: I/O error, dev fd0, sector 0\r\ntmp-tmp72t82rau.mount\r\r\n[   32.694970] cloud-init[812]: + i=eth0\r\r\n[   32.705824] cloud-init[812]: + x=0\r\r\n[   32.705986] cloud-init[812]: + ifdown eth0\r\r\n[   32.738353] cloud-init[812]: Killed old client process\r\r\n[   33.745659] cloud-init[812]: Internet Systems Consortium DHCP Client 4.3.1\r\r\n[   33.746042] cloud-init[812]: Copyright 2004-2014 Internet Systems Consortium.\r\r\n[   33.753924] cloud-init[812]: All rights reserved.\r\r\n[   33.754321] cloud-init[812]: For info, please visit https://www.isc.org/software/dhcp/\r\r\n[   33.756198] cloud-init[812]: Listening on LPF/eth0/00:0d:3a:91:3f:8a\r\r\n[   33.756621] cloud-init[812]: Sending on   LPF/eth0/00:0d:3a:91:3f:8a\r\r\n[   33.757093] cloud-init[812]: Sending on   Socket/fallback\r\r\n[   33.840400] cloud-init[812]: DHCPRELEASE on eth0 to 168.63.129.16 port 67 (xid=0x3b4a29aa)\r\r\n[   33.893811] cloud-init[812]: + ifup eth0\r\r\n[   33.919797] cloud-init[812]: Internet Systems Consortium DHCP Client 4.3.1\r\r\n[   33.926834] cloud-init[812]: Copyright 2004-2014 Internet Systems Consortium.\r\r\n[   33.927289] cloud-init[812]: All rights reserved.\r\r\n[   33.927656] cloud-init[812]: For info, please visit https://www.isc.org/software/dhcp/\r\r\n[   33.946338] cloud-init[812]: Listening on LPF/eth0/00:0d:3a:91:3f:8a\r\r\n[   33.946851] cloud-init[812]: Sending on   LPF/eth0/00:0d:3a:91:3f:8a\r\r\n[   33.947028] cloud-init[812]: Sending on   Socket/fallback\r\r\n[   33.947145] cloud-init[812]: DHCPDISCOVER on eth0 to 255.255.255.255 port 67 interval 3 (xid=0xa5c68052)\r\r\n[   33.972118] cloud-init[812]: DHCPREQUEST of 10.0.0.4 on eth0 to 255.255.255.255 port 67 (xid=0x5280c6a5)\r\r\n[   33.972234] cloud-init[812]: DHCPOFFER of 10.0.0.4 from 168.63.129.16\r\r\n[   33.995259] cloud-init[812]: DHCPACK of 10.0.0.4 from 168.63.129.16\r\r\n[   34.086974] cloud-init[812]: bound to 10.0.0.4 -- renewal in 4294967295 seconds.\r\r\n[   34.118550] cloud-init[812]: + exit 0\r\r\n[\u001b[32m  OK  \u001b[0m] Started Windows Azure Linux Agent.\r\r\n         Starting Windows Azure Linux Agent...\r\r\nwalinuxagent.service\r\r\n2016/02/05 08:49:21 Windows Azure Linux Agent Version: WALinuxAgent-2.0.14\r\r\n2016/02/05 08:49:21 Linux Distribution Detected      : Ubuntu\r\r\n2016/02/05 08:49:22 Module /lib/modules/3.19.0-49-generic/kernel/drivers/ata/ata_piix.ko driver for ATAPI CD-ROM does not exist.\r\r\nmnt-cdrom-secure.mount\r\r\n2016/02/05 08:49:22 mount: /dev/sr0 is write-protected, mounting read-only\r\r\n2016/02/05 08:49:22 mount: /dev/sr0 mounted on /mnt/cdrom/secure.\r\r\n2016/02/05 08:49:22 mount succeeded on attempt #1\r\r\n2016/02/05 08:49:22 VMM Init script not found.  Provisioning for Azure\r\r\n2016/02/05 08:49:22 IPv4 address: 10.0.0.4\r\r\n2016/02/05 08:49:22 MAC  address: 00:0D:3A:91:3F:8A\r\r\n2016/02/05 08:49:22 Probing for Windows Azure environment.\r\r\n2016/02/05 08:49:22 DoDhcpWork: Setting socket.timeout=10, entering recv\r\r\n2016/02/05 08:49:22 Discovered Windows Azure endpoint: 168.63.129.16\r\r\n2016/02/05 08:49:22 Fabric preferred wire protocol version: 2015-04-05\r\r\n2016/02/05 08:49:22 Negotiated wire protocol version: 2012-11-30\r\r\n2016/02/05 08:49:22 SetBlockDeviceTimeout: Update the device sda with timeout 300\r\r\n2016/02/05 08:49:22 SetBlockDeviceTimeout: Update the device sdb with timeout 300\r\r\n2016/02/05 08:49:23 Retrieved GoalState from Windows Azure Fabric.\r\r\n2016/02/05 08:49:23 ExpectedState: Started\r\r\n2016/02/05 08:49:23 ContainerId: 14230d94-9744-4411-8945-8e3b7b7ece94\r\r\n2016/02/05 08:49:23 RoleInstanceId: c22c6ec7-ce5e-4af3-b5d8-34b41b508de7._xplatvm\r\r\n2016/02/05 08:49:23 Public cert with thumbprint: 1CFC1AB82C3A82A7CF23F392FCC9EF49F2607B0C was retrieved.\r\r\n2016/02/05 08:49:23 Posted Role Properties. CertificateThumbprint=495962e776c88725ac1534953b2b4f2f\r[   38.731638] blk_update_request: I/O error, dev fd0, sector 0\r\n\r\n[   38.764105] blk_update_request: I/O error, dev fd0, sector 0\r\n[   41.587657] cloud-init[812]: Cloud-init v. 0.7.7 running 'init' at Fri, 05 Feb 2016 08:49:16 +0000. Up 31.96 seconds.\r\r\n[   41.587801] cloud-init[812]: ci-info: ++++++++++++++++++++++++++++++++++++++Net device info++++++++++++++++++++++++++++++++++++++\r\r\n[   41.587914] cloud-init[812]: ci-info: +--------+------+-----------------------------+---------------+-------+-------------------+\r\r\n[   41.588039] cloud-init[812]: ci-info: | Device |  Up  |           Address           |      Mask     | Scope |     Hw-Address    |\r\r\n[   41.588148] cloud-init[812]: ci-info: +--------+------+-----------------------------+---------------+-------+-------------------+\r\r\n[   41.588252] cloud-init[812]: ci-info: |   lo   | True |          127.0.0.1          |   255.0.0.0   |   .   |         .         |\r\r\n[   41.588356] cloud-init[812]: ci-info: |   lo   | True |           ::1/128           |       .       |  host |         .         |\r\r\n[   41.588459] cloud-init[812]: ci-info: |  eth0  | True |           10.0.0.4          | 255.255.255.0 |   .   | 00:0d:3a:91:3f:8a |\r\r\n[   41.588561] cloud-init[812]: ci-info: |  eth0  | True | fe80::20d:3aff:fe91:3f8a/64 |       .       |  link | 00:0d:3a:91:3f:8a |\r\r\n[   41.588665] cloud-init[812]: ci-info: +--------+------+-----------------------------+---------------+-------+-------------------+\r\r\n[   41.588765] cloud-init[812]: ci-info: +++++++++++++++++++++++++++++Route IPv4 info++++++++++++++++++++++++++++++\r\r\n[   41.588871] cloud-init[812]: ci-info: +-------+---------------+----------+-----------------+-----------+-------+\r\r\n[   41.588974] cloud-init[812]: ci-info: | Route |  Destination  | Gateway  |     Genmask     | Interface | Flags |\r\r\n[   41.589077] cloud-init[812]: ci-info: +-------+---------------+----------+-----------------+-----------+-------+\r\r\n[   41.589179] cloud-init[812]: ci-info: |   0   |    0.0.0.0    | 10.0.0.1 |     0.0.0.0     |    eth0   |   UG  |\r\r\n[   41.589281] cloud-init[812]: ci-info: |   1   |    10.0.0.0   | 0.0.0.0  |  255.255.255.0  |    eth0   |   U   |\r\r\n[   41.589383] cloud-init[812]: ci-info: |   2   | 168.63.129.16 | 10.0.0.1 | 255.255.255.255 |    eth0   |  UGH  |\r\r\n[   41.589491] cloud-init[812]: ci-info: +-------+---------------+----------+-----------------+-----------+-------+\r\r\n[   41.608081] cloud-init[812]: Generating public/private rsa key pair.\r\r\n[   41.608261] cloud-init[812]: Your identification has been saved in /etc/ssh/ssh_host_rsa_key.\r\r\n[   41.608393] cloud-init[812]: Your public key has been saved in /etc/ssh/ssh_host_rsa_key.pub.\r\r\n[   41.608517] cloud-init[812]: The key fingerprint is:\r\r\n[   41.608637] cloud-init[812]: 99:3d:17:57:87:eb:50:d9:16:bb:0e:1c:4e:3e:f3:57 root@xplatvm\r\r\n[   41.608756] cloud-init[812]: The key's randomart image is:\r\r\n[   41.608874] cloud-init[812]: +---[RSA 2048]----+\r\r\n[   41.608992] cloud-init[812]: |               =+|\r\r\n[   41.609109] cloud-init[812]: |              +.=|\r\r\n[   41.609231] cloud-init[812]: |            .+.+ |\r\r\n[   41.609349] cloud-init[812]: |         +  *oo .|\r\r\n[   41.609470] cloud-init[812]: |        S o .X .E|\r\r\n[   41.609591] cloud-init[812]: |           o  B .|\r\r\n[   41.609708] cloud-init[812]: |               o.|\r\r\n[   41.609824] cloud-init[812]: |                .|\r\r\n[   41.609940] cloud-init[812]: |                 |\r\r\n[   41.610057] cloud-init[812]: +-----------------+\r\r\n[   41.610173] cloud-init[812]: Generating public/private dsa key pair.\r\r\n[   41.610375] cloud-init[812]: Your identification has been saved in /etc/ssh/ssh_host_dsa_key.\r\r\n[   41.610517] cloud-init[812]: Your public key has been saved in /etc/ssh/ssh_host_dsa_key.pub.\r\r\n[   41.610642] cloud-init[812]: The key fingerprint is:\r\r\n[   41.610762] cloud-init[812]: 6e:c0:df:ce:55:42:be:11:85:d0:ce:ee:f3:57:fd:95 root@xplatvm\r\r\n[   41.610882] cloud-init[812]: The key's randomart image is:\r\r\n[   41.610999] cloud-init[812]: +---[DSA 1024]----+\r\r\n[   41.611116] cloud-init[812]: |          .o ..  |\r\r\n[   41.611233] cloud-init[812]: |            o.   |\r\r\n[   41.611349] cloud-init[812]: |           oo    |\r\r\n[   41.611465] cloud-init[812]: |     .     oo.   |\r\r\n[   41.611582] cloud-init[812]: |      o S  .+ . o|\r\r\n[   41.617858] cloud-init[812]: |       + .  .= E+|\r\r\n[   41.617991] cloud-init[812]: |        + ..o   +|\r\r\n[   41.618119] cloud-init[812]: |       . o .o   o|\r\r\n[   41.619166] cloud-init[812]: |          o  o.. |\r\r\n[   41.619292] cloud-init[812]: +-----------------+\r\r\n[   41.619413] cloud-init[812]: Generating public/private ecdsa key pair.\r\r\n[   41.619538] cloud-init[812]: Your identification has been saved in /etc/ssh/ssh_host_ecdsa_key.\r\r\n[   41.619662] cloud-init[812]: Your public key has been saved in /etc/ssh/ssh_host_ecdsa_key.pub.\r\r\n[   41.619782] cloud-init[812]: The key fingerprint is:\r\r\n[   41.619900] cloud-init[812]: ae:50:39:69:2c:d0:67:3e:79:85:e8:11:5c:26:ea:a5 root@xplatvm\r\r\n[   41.620155] cloud-init[812]: The key's randomart image is:\r\r\n[   41.620379] cloud-init[812]: +---[ECDSA 256]---+\r\r\n[   41.620548] cloud-init[812]: |     .o.o        |\r\r\n[   41.620717] cloud-init[812]: |   . ..= .       |\r\r\n[   41.620889] cloud-init[812]: |  . o * . .      |\r\r\n[   41.621057] cloud-init[812]: |   o O = .       |\r\r\n[   41.621223] cloud-init[812]: |    E % S        |\r\r\n[   41.621390] cloud-init[812]: |     + =         |\r\r\n[   41.661172] cloud-init[812]: |    .   .        |\r\r\n[   41.661366] cloud-init[812]: |     . .         |\r\r\n[   41.661542] cloud-init[812]: |      .          |\r\r\n[   41.661720] cloud-init[812]: +-----------------+\r\r\n[   41.661898] cloud-init[812]: Generating public/private ed25519 key pair.\r\r\n[   41.662070] cloud-init[812]: Your identification has been saved in /etc/ssh/ssh_host_ed25519_key.\r\r\n[   41.662239] cloud-init[812]: Your public key has been saved in /etc/ssh/ssh_host_ed25519_key.pub.\r\r\n[   41.662409] cloud-init[812]: The key fingerprint is:\r\r\n[   41.662578] cloud-init[812]: f7:13:60:93:49:8b:0b:98:83:bb:98:a2:74:91:72:80 root@xplatvm\r\r\n[   41.662744] cloud-init[812]: The key's randomart image is:\r\r\n[   41.662910] cloud-init[812]: +--[ED25519 256]--+\r\r\n[   41.663076] cloud-init[812]: |          .      |\r\r\n[   41.663241] cloud-init[812]: |.  . o   o +     |\r\r\n[   41.663405] cloud-init[812]: |E.. + . . B      |\r\r\n[   41.663572] cloud-init[812]: |  .... . o o     |\r\r\n[   41.663737] cloud-init[812]: | ..+    S . .    |\r\r\n[   41.663902] cloud-init[812]: | oo..    . . .   |\r\r\n[   41.664157] cloud-init[812]: |+...        o    |\r\r\n[   41.664326] cloud-init[812]: |+ .          .   |\r\r\n[   41.664492] cloud-init[812]: |.                |\r\r\n[   41.664657] cloud-init[812]: +-----------------+\r\r\n[\u001b[32m  OK  \u001b[0m] Started Initial cloud-init job (metadata service crawler).\r\r\n         Starting Permit User Sessions...\r\r\n[\u001b[32m  OK  \u001b[0m] Reached target Cloud-config availability.\r\r\n         Starting Apply the settings specified in cloud-config...\r\r\n[\u001b[32m  OK  \u001b[0m] Started OpenBSD Secure Shell server.\r\r\n         Starting OpenBSD Secure Shell server...\r\r\n[\u001b[32m  OK  \u001b[0m] Started Permit User Sessions.\r\r\n         Starting Wait for Plymouth Boot Screen to Quit...\r\r\n         Starting Terminate Plymouth Boot Screen...\r\r\n2016/02/05 08:49:27 Finished processing ExtensionsConfig.xml\r\r\ncloud-init.service\r\r\nssh.service\r\r\nsystemd-user-sessions.service\r\r\n[\u001b[32m  OK  \u001b[0m] Started Terminate Plymouth Boot Screen.\r\n[\u001b[32m  OK  \u001b[0m] Stopped File System Check on /dev/disk/azure/resource-part1.\r\n         Stopping File System Check on /dev/disk/azure/resource-part1...\r\n         Starting File System Check on /dev/disk/azure/resource-part1...\r\n[\u001b[32m  OK  \u001b[0m] Started File System Check on /dev/disk/azure/resource-part1.\r\n         Mounting /mnt...\r\n[\u001b[32m  OK  \u001b[0m] Mounted /mnt.\r\n[   43.800147] cloud-init[1102]: Cloud-init v. 0.7.7 running 'modules:config' at Fri, 05 Feb 2016 08:49:27 +0000. Up 42.69 seconds.\r\n[   43.819669] cloud-init[1102]: 2016-02-05 08:49:28,821 - util.py[WARNING]: Failed during filesystem operation\r\n[   43.837890] cloud-init[1102]: Failed to exec of '['/sbin/mkfs.ext4', '/dev/sdb1']':\r\n[   43.853856] cloud-init[1102]: Unexpected error while running command.\r\n[   43.868120] cloud-init[1102]: Command: ['/sbin/mkfs.ext4', '/dev/sdb1']\r\n[   43.882529] cloud-init[1102]: Exit code: 1\r\n[   43.894057] cloud-init[1102]: Reason: -\r\n[   43.905381] cloud-init[1102]: Stdout: ''\r\n[   43.916830] cloud-init[1102]: Stderr: 'mke2fs 1.42.12 (29-Aug-2014)\\n/dev/sdb1 is mounted; will not make a filesystem here!\\n'\r\n\u0000\u0000\u0000\u0000\u0000\u0000\u0000\u0000\u0000\u0000\u0000\u0000\u0000\u0000\u0000\u0000\u0000\u0000\u0000\u0000\u0000\u0000\u0000\u0000\u0000\u0000\u0000\u0000\u0000\u0000\u0000\u0000\u0000\u0000\u0000\u0000\u0000\u0000\u0000\u0000\u0000\u0000\u0000\u0000\u0000\u0000\u0000\u0000\u0000\u0000\u0000\u0000\u0000\u0000\u0000\u0000\u0000\u0000\u0000\u0000\u0000\u0000\u0000\u0000\u0000\u0000\u0000\u0000\u0000\u0000\u0000\u0000\u0000\u0000\u0000\u0000\u0000\u0000\u0000\u0000\u0000\u0000\u0000\u0000\u0000\u0000\u0000\u0000\u0000\u0000\u0000\u0000\u0000\u0000\u0000\u0000\u0000\u0000\u0000\u0000\u0000\u0000\u0000\u0000\u0000\u0000\u0000\u0000\u0000\u0000\u0000\u0000\u0000\u0000\u0000\u0000\u0000\u0000\u0000\u0000\u0000[   46.147737] cloud-init[1102]: Generating locales...\r\n[   46.217360] cloud-init[1102]: en_US.UTF-8... up-to-date\r\n[   46.247704] cloud-init[1102]: Generation complete.\r\n         Stopping OpenBSD Secure Shell server...\r\n[\u001b[32m  OK  \u001b[0m] Stopped OpenBSD Secure Shell server.\r\n[\u001b[32m  OK  \u001b[0m] Started OpenBSD Secure Shell server.\r\n         Starting OpenBSD Secure Shell server...\r\n\r\r\nUbuntu 15.04 xplatvm ttyS0\r\n\r\nxplatvm login: ci-info: ++Authorized keys from /home/azureuser/.ssh/authorized_keys for user azureuser+++\r\nci-info: +---------+-------------------------------------------------+---------+---------+\r\nci-info: | Keytype |                Fingerprint (md5)                | Options | Comment |\r\nci-info: +---------+-------------------------------------------------+---------+---------+\r\nci-info: | ssh-rsa | 8f:df:8f:18:ba:cd:cc:63:7c:1f:ea:ae:ba:09:40:65 |    -    |    -    |\r\nci-info: +---------+-------------------------------------------------+---------+---------+\r\nec2: \r\nec2: #############################################################\r\nec2: -----BEGIN SSH HOST KEY FINGERPRINTS-----\r\nec2: 1024 6e:c0:df:ce:55:42:be:11:85:d0:ce:ee:f3:57:fd:95 /etc/ssh/ssh_host_dsa_key.pub (DSA)\r\nec2: 256 ae:50:39:69:2c:d0:67:3e:79:85:e8:11:5c:26:ea:a5 /etc/ssh/ssh_host_ecdsa_key.pub (ECDSA)\r\nec2: 256 f7:13:60:93:49:8b:0b:98:83:bb:98:a2:74:91:72:80 /etc/ssh/ssh_host_ed25519_key.pub (ED25519)\r\nec2: 2048 99:3d:17:57:87:eb:50:d9:16:bb:0e:1c:4e:3e:f3:57 /etc/ssh/ssh_host_rsa_key.pub (RSA)\r\nec2: -----END SSH HOST KEY FINGERPRINTS-----\r\nec2: #############################################################\r\n-----BEGIN SSH HOST KEY KEYS-----\r\necdsa-sha2-nistp256 AAAAE2VjZHNhLXNoYTItbmlzdHAyNTYAAAAIbmlzdHAyNTYAAABBBBoF6t2Esc9EbszceoOXsAG6wUblGHrZ6p9eF3t0g7nacfjQThgrt02TPsycd6HVNrm57iJ9Q/tDERSTX2U6CK4= root@xplatvm\r\nssh-ed25519 AAAAC3NzaC1lZDI1NTE5AAAAIF/I49Pg87yTTT+Ks4z+xI13cZ4shtcRIyTabtIAWqBt root@xplatvm\r\nssh-rsa AAAAB3NzaC1yc2EAAAADAQABAAABAQC6vZQgxbYhVcwwJpzUV+CkxVcDdJle+RKNcviTJNnQzaHXdTLHUD9rwWCiprSgRT3J7R/HXOuZG5mHf7kzojn8b5WSSeEg3BzPOREsNTxaqTanQ4YFWH8/uRsK2LbgJkL8Qz43HN3CLJL4492XW9hoFhBJFzbtq/rBSKIL0HnyprOc5+w7sK7tDMJFzmKj+064cnpf+Gkfy2AmiCR0JjdCoc60o18r7BKb0rlvQsYDpbqXDglXsxQLJs7XloZknFr4BfnlSyBoWPQ+Kwdeh48FvdNYazZ1fICGEX/xLQpQ7Uzzh6H4fWElHXagJ6KIYrwArnvKw0+ESR2gtRZBiu4x root@xplatvm\r\n-----END SSH HOST KEY KEYS-----\r\n[   51.615080] cloud-init[1220]: Cloud-init v. 0.7.7 running 'modules:final' at Fri, 05 Feb 2016 08:49:36 +0000. Up 51.13 seconds.\r\n[   51.646166] cloud-init[1220]: Cloud-init v. 0.7.7 finished at Fri, 05 Feb 2016 08:49:36 +0000. Datasource DataSourceAzureNet [seed=/dev/sr0].  Up 51.59 seconds\r\n[   51.785495] ephemeral-disk-warning.sh[1256]: chattr: Invalid argument while reading flags on /mnt/DATALOSS_WARNING_README.txt\r\n\u0000\u0000\u0000\u0000\u0000\u0000\u0000\u0000\u0000\u0000\u0000\u0000\u0000\u0000\u0000\u0000\u0000\u0000\u0000\u0000\u0000\u0000\u0000\u0000\u0000\u0000\u0000\u0000\u0000\u0000\u0000\u0000\u0000\u0000\u0000\u0000\u0000\u0000\u0000\u0000\u0000\u0000\u0000\u0000\u0000\u0000\u0000\u0000\u0000\u0000\u0000\u0000\u0000\u0000\u0000\u0000\u0000\u0000\u0000\u0000\u0000\u0000\u0000\u0000\u0000\u0000\u0000\u0000\u0000\u0000\u0000\u0000\u0000\u0000\u0000\u0000\u0000\u0000\u0000\u0000\u0000\u0000\u0000\u0000\u0000\u0000\u0000\u0000\u0000\u0000\u0000\u0000\u0000\u0000\u0000\u0000\u0000\u0000\u0000\u0000\u0000\u0000\u0000\u0000\u0000\u0000\u0000\u0000\u0000\u0000\u0000\u0000\u0000\u0000\u0000\u0000\u0000\u0000\u0000\u0000\u0000\u0000\u0000\u0000\u0000\u0000\u0000\u0000\u0000\u0000\u0000\u0000\u0000\u0000\u0000\u0000\u0000\u0000\u0000\u0000\u0000\u0000\u0000\u0000\u0000\u0000\u0000\u0000\u0000\u0000\u0000\u0000\u0000\u0000\u0000\u0000\u0000\u0000\u0000\u0000\u0000\u0000\u0000\u0000\u0000\u0000\u0000\u0000\u0000\u0000\u0000\u0000\u0000\u0000\u0000\u0000\u0000\u0000\u0000\u0000\u0000\u0000\u0000\u0000\u0000\u0000\u0000\u0000\u0000\u0000\u0000\u0000\u0000\u0000\u0000\u0000\u0000\u0000\u0000\u0000\u0000\u0000\u0000\u0000\u0000\u0000\u0000\u0000\u0000\u0000\u0000\u0000\u0000\u0000\u0000\u0000\u0000\u0000\u0000\u0000\u0000\u0000\u0000\u0000\u0000\u0000\u0000\u0000\u0000\u0000\u0000\u0000\u0000\u0000\u0000\u0000\u0000\u0000\u0000\u0000\u0000\u0000\u0000\u0000\u0000\u0000\u0000\u0000\u0000\u0000\u0000\u0000\u0000\u0000\u0000\u0000\u0000\u0000\u0000\u0000\u0000\u0000\u0000\u0000\u0000\u0000\u0000\u0000\u0000\u0000\u0000\u0000\u0000\u0000\u0000\u0000\u0000\u0000\u0000\u0000\u0000\u0000\u0000\u0000\u0000\u0000\u0000\u0000\u0000\u0000\u0000\u0000\u0000\u0000\u0000\u0000\u0000\u0000\u0000\u0000\u0000\u0000\u0000", { 'content-length': '66048',
  'last-modified': 'Fri, 05 Feb 2016 08:50:28 GMT',
  'accept-ranges': 'bytes',
  etag: '"0x8D32E0965ABC718"',
  server: 'Windows-Azure-Blob/1.0 Microsoft-HTTPAPI/2.0',
  'x-ms-request-id': 'd8aa2706-0001-003e-10f4-5f4737000000',
  'x-ms-version': '2015-02-21',
  'x-ms-lease-status': 'unlocked',
  'x-ms-lease-state': 'available',
  'x-ms-blob-type': 'PageBlob',
  'x-ms-blob-sequence-number': '0',
  date: 'Fri, 05 Feb 2016 09:03:14 GMT',
  connection: 'close' });
 return result; },
function (nock) { 
var result = 
nock('https://xplatteststorage13123.blob.core.windows.net:443')
  .get('/bootdiagnostics-xplatvm-c79d5d4d-d3ae-411e-ab90-9777563e46a9/xplatvm.c79d5d4d-d3ae-411e-ab90-9777563e46a9.serialconsole.log')
