// This file has been autogenerated.

var profile = require('../../../lib/util/profile');

exports.getMockedProfile = function () {
  var newProfile = new profile.Profile();

  newProfile.addSubscription(new profile.Subscription({
    id: 'e33f361b-53c2-4cc7-b829-78906708387b',
    name: 'Microsoft Azure Internal Consumption',
    user: {
      name: 'user@domain.example',
      type: 'servicePrincipal'
    },
    tenantId: '72f988bf-86f1-41af-91ab-2d7cd011db47',
    state: 'Enabled',
    registeredProviders: [],
    isDefault: true
  }, newProfile.environments['AzureCloud']));

  return newProfile;
};

exports.setEnvironment = function() {
  process.env['AZURE_VM_TEST_LOCATION'] = 'southeastasia';
  process.env['SSHCERT'] = 'test/myCert.pem';
};

exports.scopes = [[function (nock) { 
var result = 
nock('http://management.azure.com:443')
  .get('/subscriptions/e33f361b-53c2-4cc7-b829-78906708387b/resourceGroups/xplatTestGVMCreate3135/providers/Microsoft.Compute/virtualMachines/xplatvm?$expand=instanceView&api-version=2015-06-15')
  .reply(200, "{\r\n  \"properties\": {\r\n    \"vmId\": \"cf0be4d0-c36a-4810-a76e-4d5ca81c61fd\",\r\n    \"hardwareProfile\": {\r\n      \"vmSize\": \"Standard_A1\"\r\n    },\r\n    \"storageProfile\": {\r\n      \"imageReference\": {\r\n        \"publisher\": \"canonical\",\r\n        \"offer\": \"UbuntuServer\",\r\n        \"sku\": \"15.04\",\r\n        \"version\": \"15.04.201507070\"\r\n      },\r\n      \"osDisk\": {\r\n        \"osType\": \"Linux\",\r\n        \"name\": \"cliddd050ce78f24cd2-os-1447437371734\",\r\n        \"createOption\": \"FromImage\",\r\n        \"vhd\": {\r\n          \"uri\": \"https://xplatteststorage18061.blob.core.windows.net/xplatteststoragecnt17686/cliddd050ce78f24cd2-os-1447437371734.vhd\"\r\n        },\r\n        \"caching\": \"ReadWrite\"\r\n      },\r\n      \"dataDisks\": []\r\n    },\r\n    \"osProfile\": {\r\n      \"computerName\": \"xplatvm\",\r\n      \"adminUsername\": \"azureuser\",\r\n      \"linuxConfiguration\": {\r\n        \"disablePasswordAuthentication\": false,\r\n        \"ssh\": {\r\n          \"publicKeys\": [\r\n            {\r\n              \"path\": \"/home/azureuser/.ssh/authorized_keys\",\r\n              \"keyData\": \"MIID/zCCAuegAwIBAgIJAMUAa+XVLvAeMA0GCSqGSIb3DQEBBQUAMIGVMQswCQYD\\r\\nVQQGEwJJbjESMBAGA1UECAwJS2FybmF0YWthMRIwEAYDVQQHDAlCYW5nYWxvcmUx\\r\\nEDAOBgNVBAoMB2JyaWxsaW8xEjAQBgNVBAsMCW1pY3Jvc29mdDEQMA4GA1UEAwwH\\r\\nYnJpbGxpbzEmMCQGCSqGSIb3DQEJARYXc3JlZWthbnRoYnNAeWFob28uY28uaW4w\\r\\nHhcNMTUwMzA1MTE1MzEyWhcNMTYwMzA0MTE1MzEyWjCBlTELMAkGA1UEBhMCSW4x\\r\\nEjAQBgNVBAgMCUthcm5hdGFrYTESMBAGA1UEBwwJQmFuZ2Fsb3JlMRAwDgYDVQQK\\r\\nDAdicmlsbGlvMRIwEAYDVQQLDAltaWNyb3NvZnQxEDAOBgNVBAMMB2JyaWxsaW8x\\r\\nJjAkBgkqhkiG9w0BCQEWF3NyZWVrYW50aGJzQHlhaG9vLmNvLmluMIIBIjANBgkq\\r\\nhkiG9w0BAQEFAAOCAQ8AMIIBCgKCAQEAyUNKaOuT0NK+S8Ck81zy9xJ6hXfZvAC6\\r\\nlhbmf/6s/WVimJ/TX5NMhQJwC9k6ZIF92KfYrojHNvHDufSZ3EtKUVwRFCDjmgMT\\r\\nDL09WkGaZt7gROYFK0iZ4KrYGovUwlwum9fHB24OJiOV4bi0ek62/rHx9fjYZpvp\\r\\naIH2PV/hN8SCZ0x7HJMberD4gVoU/Kv42nNvwjLUW6IZfVx/Gv5OeFDtWHfSvUEF\\r\\ndadHKTPn3Ab20Iu6gZIbLO9Vuf38/IpaYGfnFCouHdzmiTiLieYNe3CUPcOJNSv7\\r\\n1G8KYpx3uNJRkJPab5OsRyJw75Gvzkr9OgaPss9tVD6Gt68u3WQtVQIDAQABo1Aw\\r\\nTjAdBgNVHQ4EFgQUogvhXB+xZ2JJPfLO6cVs4ForzscwHwYDVR0jBBgwFoAUogvh\\r\\nXB+xZ2JJPfLO6cVs4ForzscwDAYDVR0TBAUwAwEB/zANBgkqhkiG9w0BAQUFAAOC\\r\\nAQEAdDj7qUNJ45xlF5cjd+4x5NHvAD1VTjOKu+Xh/uzSSjXqB2F0aOMWA9lx0qaQ\\r\\noJgHkGxj3zz/W7ik/cVGL2O+vRIOKv/y0OPogEmS3Hw+P+O6OGE7x1G6YN0zLVoL\\r\\nu4BN/BEYmjttxM9I7qqL7C5cJoE+K3s/w1/pt/68ohJcr7F9Ohi7cso62xuGY1Rm\\r\\nksAh2EUDsU9JV/P+C9AMpLSrb03JJYzVj4w1RHbrmw2AjFyGXdQYkggyXisg+Ifr\\r\\n5gbNN7HigpHf7b2i3CQBUqp9m23frh5AhnLI2qp3UXgc52U5ieLdi/t6j0TTZqqY\\r\\nHhHqofKrj938HHlBNpC5/LVh3w==\\r\\n\"\r\n            }\r\n          ]\r\n        }\r\n      },\r\n      \"secrets\": []\r\n    },\r\n    \"networkProfile\": {\"networkInterfaces\":[{\"properties\":{},\"id\":\"/subscriptions/e33f361b-53c2-4cc7-b829-78906708387b/resourceGroups/xplatTestGVMCreate3135/providers/Microsoft.Network/networkInterfaces/xplattestnic\"}]},\r\n    \"diagnosticsProfile\": {\r\n      \"bootDiagnostics\": {\r\n        \"enabled\": true,\r\n        \"storageUri\": \"https://xplatteststorage18061.blob.core.windows.net/\"\r\n      }\r\n    },\r\n    \"provisioningState\": \"Succeeded\",\r\n    \"instanceView\": {\r\n      \"vmAgent\": {\r\n        \"vmAgentVersion\": \"WALinuxAgent-2.0.13\",\r\n        \"statuses\": [\r\n          {\r\n            \"code\": \"ProvisioningState/succeeded\",\r\n            \"level\": \"Info\",\r\n            \"displayStatus\": \"Ready\",\r\n            \"message\": \"GuestAgent is running and accepting new configurations.\",\r\n            \"time\": \"2015-11-13T18:11:12+00:00\"\r\n          }\r\n        ],\r\n        \"extensionHandlers\": []\r\n      },\r\n      \"disks\": [\r\n        {\r\n          \"name\": \"cliddd050ce78f24cd2-os-1447437371734\",\r\n          \"statuses\": [\r\n            {\r\n              \"code\": \"ProvisioningState/succeeded\",\r\n              \"level\": \"Info\",\r\n              \"displayStatus\": \"Provisioning succeeded\",\r\n              \"time\": \"2015-11-13T17:57:28.9583541+00:00\"\r\n            }\r\n          ]\r\n        }\r\n      ],\r\n      \"bootDiagnostics\": {\r\n        \"consoleScreenshotBlobUri\": \"https://xplatteststorage18061.blob.core.windows.net/bootdiagnostics-xplatvm-cf0be4d0-c36a-4810-a76e-4d5ca81c61fd/xplatvm.cf0be4d0-c36a-4810-a76e-4d5ca81c61fd.screenshot.bmp\",\r\n        \"serialConsoleLogBlobUri\": \"https://xplatteststorage18061.blob.core.windows.net/bootdiagnostics-xplatvm-cf0be4d0-c36a-4810-a76e-4d5ca81c61fd/xplatvm.cf0be4d0-c36a-4810-a76e-4d5ca81c61fd.serialconsole.log\"\r\n      },\r\n      \"statuses\": [\r\n        {\r\n          \"code\": \"ProvisioningState/succeeded\",\r\n          \"level\": \"Info\",\r\n          \"displayStatus\": \"Provisioning succeeded\",\r\n          \"time\": \"2015-11-13T17:59:03.4273572+00:00\"\r\n        },\r\n        {\r\n          \"code\": \"PowerState/running\",\r\n          \"level\": \"Info\",\r\n          \"displayStatus\": \"VM running\"\r\n        }\r\n      ]\r\n    }\r\n  },\r\n  \"id\": \"/subscriptions/e33f361b-53c2-4cc7-b829-78906708387b/resourceGroups/xplatTestGVMCreate3135/providers/Microsoft.Compute/virtualMachines/xplatvm\",\r\n  \"name\": \"xplatvm\",\r\n  \"type\": \"Microsoft.Compute/virtualMachines\",\r\n  \"location\": \"southeastasia\",\r\n  \"tags\": {\r\n    \"a\": \"b\",\r\n    \"b\": \"c\",\r\n    \"d\": \"\"\r\n  }\r\n}", { 'cache-control': 'no-cache',
  pragma: 'no-cache',
  'content-length': '5015',
  'content-type': 'application/json; charset=utf-8',
  expires: '-1',
  'strict-transport-security': 'max-age=31536000; includeSubDomains',
  'x-ms-served-by': 'dce02487-9cda-4782-8138-773eb1573792_130917730403641735',
  'x-ms-request-id': '9e1e190c-645e-43f9-af6d-1614d1c4d559',
  server: 'Microsoft-HTTPAPI/2.0, Microsoft-HTTPAPI/2.0',
  'x-ms-ratelimit-remaining-subscription-reads': '14980',
  'x-ms-correlation-request-id': 'af1d3bd9-8cec-4117-8a33-0d8bff17eed9',
  'x-ms-routing-request-id': 'WESTUS:20151113T181115Z:af1d3bd9-8cec-4117-8a33-0d8bff17eed9',
  date: 'Fri, 13 Nov 2015 18:11:15 GMT',
  connection: 'close' });
 return result; },
function (nock) { 
var result = 
nock('https://management.azure.com:443')
  .get('/subscriptions/e33f361b-53c2-4cc7-b829-78906708387b/resourceGroups/xplatTestGVMCreate3135/providers/Microsoft.Compute/virtualMachines/xplatvm?$expand=instanceView&api-version=2015-06-15')
  .reply(200, "{\r\n  \"properties\": {\r\n    \"vmId\": \"cf0be4d0-c36a-4810-a76e-4d5ca81c61fd\",\r\n    \"hardwareProfile\": {\r\n      \"vmSize\": \"Standard_A1\"\r\n    },\r\n    \"storageProfile\": {\r\n      \"imageReference\": {\r\n        \"publisher\": \"canonical\",\r\n        \"offer\": \"UbuntuServer\",\r\n        \"sku\": \"15.04\",\r\n        \"version\": \"15.04.201507070\"\r\n      },\r\n      \"osDisk\": {\r\n        \"osType\": \"Linux\",\r\n        \"name\": \"cliddd050ce78f24cd2-os-1447437371734\",\r\n        \"createOption\": \"FromImage\",\r\n        \"vhd\": {\r\n          \"uri\": \"https://xplatteststorage18061.blob.core.windows.net/xplatteststoragecnt17686/cliddd050ce78f24cd2-os-1447437371734.vhd\"\r\n        },\r\n        \"caching\": \"ReadWrite\"\r\n      },\r\n      \"dataDisks\": []\r\n    },\r\n    \"osProfile\": {\r\n      \"computerName\": \"xplatvm\",\r\n      \"adminUsername\": \"azureuser\",\r\n      \"linuxConfiguration\": {\r\n        \"disablePasswordAuthentication\": false,\r\n        \"ssh\": {\r\n          \"publicKeys\": [\r\n            {\r\n              \"path\": \"/home/azureuser/.ssh/authorized_keys\",\r\n              \"keyData\": \"MIID/zCCAuegAwIBAgIJAMUAa+XVLvAeMA0GCSqGSIb3DQEBBQUAMIGVMQswCQYD\\r\\nVQQGEwJJbjESMBAGA1UECAwJS2FybmF0YWthMRIwEAYDVQQHDAlCYW5nYWxvcmUx\\r\\nEDAOBgNVBAoMB2JyaWxsaW8xEjAQBgNVBAsMCW1pY3Jvc29mdDEQMA4GA1UEAwwH\\r\\nYnJpbGxpbzEmMCQGCSqGSIb3DQEJARYXc3JlZWthbnRoYnNAeWFob28uY28uaW4w\\r\\nHhcNMTUwMzA1MTE1MzEyWhcNMTYwMzA0MTE1MzEyWjCBlTELMAkGA1UEBhMCSW4x\\r\\nEjAQBgNVBAgMCUthcm5hdGFrYTESMBAGA1UEBwwJQmFuZ2Fsb3JlMRAwDgYDVQQK\\r\\nDAdicmlsbGlvMRIwEAYDVQQLDAltaWNyb3NvZnQxEDAOBgNVBAMMB2JyaWxsaW8x\\r\\nJjAkBgkqhkiG9w0BCQEWF3NyZWVrYW50aGJzQHlhaG9vLmNvLmluMIIBIjANBgkq\\r\\nhkiG9w0BAQEFAAOCAQ8AMIIBCgKCAQEAyUNKaOuT0NK+S8Ck81zy9xJ6hXfZvAC6\\r\\nlhbmf/6s/WVimJ/TX5NMhQJwC9k6ZIF92KfYrojHNvHDufSZ3EtKUVwRFCDjmgMT\\r\\nDL09WkGaZt7gROYFK0iZ4KrYGovUwlwum9fHB24OJiOV4bi0ek62/rHx9fjYZpvp\\r\\naIH2PV/hN8SCZ0x7HJMberD4gVoU/Kv42nNvwjLUW6IZfVx/Gv5OeFDtWHfSvUEF\\r\\ndadHKTPn3Ab20Iu6gZIbLO9Vuf38/IpaYGfnFCouHdzmiTiLieYNe3CUPcOJNSv7\\r\\n1G8KYpx3uNJRkJPab5OsRyJw75Gvzkr9OgaPss9tVD6Gt68u3WQtVQIDAQABo1Aw\\r\\nTjAdBgNVHQ4EFgQUogvhXB+xZ2JJPfLO6cVs4ForzscwHwYDVR0jBBgwFoAUogvh\\r\\nXB+xZ2JJPfLO6cVs4ForzscwDAYDVR0TBAUwAwEB/zANBgkqhkiG9w0BAQUFAAOC\\r\\nAQEAdDj7qUNJ45xlF5cjd+4x5NHvAD1VTjOKu+Xh/uzSSjXqB2F0aOMWA9lx0qaQ\\r\\noJgHkGxj3zz/W7ik/cVGL2O+vRIOKv/y0OPogEmS3Hw+P+O6OGE7x1G6YN0zLVoL\\r\\nu4BN/BEYmjttxM9I7qqL7C5cJoE+K3s/w1/pt/68ohJcr7F9Ohi7cso62xuGY1Rm\\r\\nksAh2EUDsU9JV/P+C9AMpLSrb03JJYzVj4w1RHbrmw2AjFyGXdQYkggyXisg+Ifr\\r\\n5gbNN7HigpHf7b2i3CQBUqp9m23frh5AhnLI2qp3UXgc52U5ieLdi/t6j0TTZqqY\\r\\nHhHqofKrj938HHlBNpC5/LVh3w==\\r\\n\"\r\n            }\r\n          ]\r\n        }\r\n      },\r\n      \"secrets\": []\r\n    },\r\n    \"networkProfile\": {\"networkInterfaces\":[{\"properties\":{},\"id\":\"/subscriptions/e33f361b-53c2-4cc7-b829-78906708387b/resourceGroups/xplatTestGVMCreate3135/providers/Microsoft.Network/networkInterfaces/xplattestnic\"}]},\r\n    \"diagnosticsProfile\": {\r\n      \"bootDiagnostics\": {\r\n        \"enabled\": true,\r\n        \"storageUri\": \"https://xplatteststorage18061.blob.core.windows.net/\"\r\n      }\r\n    },\r\n    \"provisioningState\": \"Succeeded\",\r\n    \"instanceView\": {\r\n      \"vmAgent\": {\r\n        \"vmAgentVersion\": \"WALinuxAgent-2.0.13\",\r\n        \"statuses\": [\r\n          {\r\n            \"code\": \"ProvisioningState/succeeded\",\r\n            \"level\": \"Info\",\r\n            \"displayStatus\": \"Ready\",\r\n            \"message\": \"GuestAgent is running and accepting new configurations.\",\r\n            \"time\": \"2015-11-13T18:11:12+00:00\"\r\n          }\r\n        ],\r\n        \"extensionHandlers\": []\r\n      },\r\n      \"disks\": [\r\n        {\r\n          \"name\": \"cliddd050ce78f24cd2-os-1447437371734\",\r\n          \"statuses\": [\r\n            {\r\n              \"code\": \"ProvisioningState/succeeded\",\r\n              \"level\": \"Info\",\r\n              \"displayStatus\": \"Provisioning succeeded\",\r\n              \"time\": \"2015-11-13T17:57:28.9583541+00:00\"\r\n            }\r\n          ]\r\n        }\r\n      ],\r\n      \"bootDiagnostics\": {\r\n        \"consoleScreenshotBlobUri\": \"https://xplatteststorage18061.blob.core.windows.net/bootdiagnostics-xplatvm-cf0be4d0-c36a-4810-a76e-4d5ca81c61fd/xplatvm.cf0be4d0-c36a-4810-a76e-4d5ca81c61fd.screenshot.bmp\",\r\n        \"serialConsoleLogBlobUri\": \"https://xplatteststorage18061.blob.core.windows.net/bootdiagnostics-xplatvm-cf0be4d0-c36a-4810-a76e-4d5ca81c61fd/xplatvm.cf0be4d0-c36a-4810-a76e-4d5ca81c61fd.serialconsole.log\"\r\n      },\r\n      \"statuses\": [\r\n        {\r\n          \"code\": \"ProvisioningState/succeeded\",\r\n          \"level\": \"Info\",\r\n          \"displayStatus\": \"Provisioning succeeded\",\r\n          \"time\": \"2015-11-13T17:59:03.4273572+00:00\"\r\n        },\r\n        {\r\n          \"code\": \"PowerState/running\",\r\n          \"level\": \"Info\",\r\n          \"displayStatus\": \"VM running\"\r\n        }\r\n      ]\r\n    }\r\n  },\r\n  \"id\": \"/subscriptions/e33f361b-53c2-4cc7-b829-78906708387b/resourceGroups/xplatTestGVMCreate3135/providers/Microsoft.Compute/virtualMachines/xplatvm\",\r\n  \"name\": \"xplatvm\",\r\n  \"type\": \"Microsoft.Compute/virtualMachines\",\r\n  \"location\": \"southeastasia\",\r\n  \"tags\": {\r\n    \"a\": \"b\",\r\n    \"b\": \"c\",\r\n    \"d\": \"\"\r\n  }\r\n}", { 'cache-control': 'no-cache',
  pragma: 'no-cache',
  'content-length': '5015',
  'content-type': 'application/json; charset=utf-8',
  expires: '-1',
  'strict-transport-security': 'max-age=31536000; includeSubDomains',
  'x-ms-served-by': 'dce02487-9cda-4782-8138-773eb1573792_130917730403641735',
  'x-ms-request-id': '9e1e190c-645e-43f9-af6d-1614d1c4d559',
  server: 'Microsoft-HTTPAPI/2.0, Microsoft-HTTPAPI/2.0',
  'x-ms-ratelimit-remaining-subscription-reads': '14980',
  'x-ms-correlation-request-id': 'af1d3bd9-8cec-4117-8a33-0d8bff17eed9',
  'x-ms-routing-request-id': 'WESTUS:20151113T181115Z:af1d3bd9-8cec-4117-8a33-0d8bff17eed9',
  date: 'Fri, 13 Nov 2015 18:11:15 GMT',
  connection: 'close' });
 return result; },
function (nock) { 
var result = 
nock('http://management.azure.com:443')
  .post('/subscriptions/e33f361b-53c2-4cc7-b829-78906708387b/resourceGroups/xplatTestGVMCreate3135/providers/Microsoft.Storage/storageAccounts/xplatteststorage18061/listKeys?api-version=2015-06-15')
  .reply(200, "{\"key1\":\"sIYtzJK5qDaYPdtCyn6nS8XnmfCCgOF61j3ppK4Evu9A636RH6FEABRioIyq0q4ZyrbHK89xFx2n+62Mfveejg==\",\"key2\":\"EsQZn2/Sv3Ja32iM9qUvJz5cwvGlw9oEyaIOk82zQtZt5AKZik9r21TOmDG9+drLXJDxf/IKl2Xs3XbIX1Um6w==\"}\n", { 'cache-control': 'no-cache',
  pragma: 'no-cache',
  'content-length': '198',
  'content-type': 'application/json',
  expires: '-1',
  'x-ms-request-id': 'b8c89081-47c6-4f58-a822-cf64da704b38',
  server: 'Microsoft-Azure-Storage-Resource-Provider/1.0, Microsoft-HTTPAPI/2.0',
  'x-ms-ratelimit-remaining-subscription-writes': '1199',
  'x-ms-correlation-request-id': 'b8c89081-47c6-4f58-a822-cf64da704b38',
  'x-ms-routing-request-id': 'WESTUS:20151113T181116Z:b8c89081-47c6-4f58-a822-cf64da704b38',
  'strict-transport-security': 'max-age=31536000; includeSubDomains',
  date: 'Fri, 13 Nov 2015 18:11:15 GMT',
  connection: 'close' });
 return result; },
function (nock) { 
var result = 
nock('https://management.azure.com:443')
  .post('/subscriptions/e33f361b-53c2-4cc7-b829-78906708387b/resourceGroups/xplatTestGVMCreate3135/providers/Microsoft.Storage/storageAccounts/xplatteststorage18061/listKeys?api-version=2015-06-15')
  .reply(200, "{\"key1\":\"sIYtzJK5qDaYPdtCyn6nS8XnmfCCgOF61j3ppK4Evu9A636RH6FEABRioIyq0q4ZyrbHK89xFx2n+62Mfveejg==\",\"key2\":\"EsQZn2/Sv3Ja32iM9qUvJz5cwvGlw9oEyaIOk82zQtZt5AKZik9r21TOmDG9+drLXJDxf/IKl2Xs3XbIX1Um6w==\"}\n", { 'cache-control': 'no-cache',
  pragma: 'no-cache',
  'content-length': '198',
  'content-type': 'application/json',
  expires: '-1',
  'x-ms-request-id': 'b8c89081-47c6-4f58-a822-cf64da704b38',
  server: 'Microsoft-Azure-Storage-Resource-Provider/1.0, Microsoft-HTTPAPI/2.0',
  'x-ms-ratelimit-remaining-subscription-writes': '1199',
  'x-ms-correlation-request-id': 'b8c89081-47c6-4f58-a822-cf64da704b38',
  'x-ms-routing-request-id': 'WESTUS:20151113T181116Z:b8c89081-47c6-4f58-a822-cf64da704b38',
  'strict-transport-security': 'max-age=31536000; includeSubDomains',
  date: 'Fri, 13 Nov 2015 18:11:15 GMT',
  connection: 'close' });
 return result; },
function (nock) { 
var result = 
nock('http://xplatteststorage18061.blob.core.windows.net:443')
  .head('/bootdiagnostics-xplatvm-cf0be4d0-c36a-4810-a76e-4d5ca81c61fd/xplatvm.cf0be4d0-c36a-4810-a76e-4d5ca81c61fd.serialconsole.log')
  .reply(200, "", { 'content-length': '102400',
  'last-modified': 'Fri, 13 Nov 2015 18:10:58 GMT',
  'accept-ranges': 'bytes',
  etag: '"0x8D2EC55C83D3BF3"',
  server: 'Windows-Azure-Blob/1.0 Microsoft-HTTPAPI/2.0',
  'x-ms-request-id': 'bb916b5e-0001-0037-5a3e-1eada8000000',
  'x-ms-version': '2015-02-21',
  'x-ms-lease-status': 'unlocked',
  'x-ms-lease-state': 'available',
  'x-ms-blob-type': 'PageBlob',
  'x-ms-blob-sequence-number': '0',
  date: 'Fri, 13 Nov 2015 18:11:16 GMT',
  connection: 'close' });
 return result; },
function (nock) { 
var result = 
nock('https://xplatteststorage18061.blob.core.windows.net:443')
  .head('/bootdiagnostics-xplatvm-cf0be4d0-c36a-4810-a76e-4d5ca81c61fd/xplatvm.cf0be4d0-c36a-4810-a76e-4d5ca81c61fd.serialconsole.log')
  .reply(200, "", { 'content-length': '102400',
  'last-modified': 'Fri, 13 Nov 2015 18:10:58 GMT',
  'accept-ranges': 'bytes',
  etag: '"0x8D2EC55C83D3BF3"',
  server: 'Windows-Azure-Blob/1.0 Microsoft-HTTPAPI/2.0',
  'x-ms-request-id': 'bb916b5e-0001-0037-5a3e-1eada8000000',
  'x-ms-version': '2015-02-21',
  'x-ms-lease-status': 'unlocked',
  'x-ms-lease-state': 'available',
  'x-ms-blob-type': 'PageBlob',
  'x-ms-blob-sequence-number': '0',
  date: 'Fri, 13 Nov 2015 18:11:16 GMT',
  connection: 'close' });
 return result; },
function (nock) { 
var result = 
nock('http://xplatteststorage18061.blob.core.windows.net:443')
  .get('/bootdiagnostics-xplatvm-cf0be4d0-c36a-4810-a76e-4d5ca81c61fd/xplatvm.cf0be4d0-c36a-4810-a76e-4d5ca81c61fd.serialconsole.log')
  .reply(200, "\u001b[H\u001b[J\u001b[1;1H[    0.000000] Initializing cgroup subsys cpuset\r\n[    0.000000] Initializing cgroup subsys cpu\r\n[    0.000000] Initializing cgroup subsys cpuacct\r\n[    0.000000] Linux version 3.19.0-22-generic (buildd@allspice) (gcc version 4.9.2 (Ubuntu 4.9.2-10ubuntu13) ) #22-Ubuntu SMP Tue Jun 16 17:15:15 UTC 2015 (Ubuntu 3.19.0-22.22-generic 3.19.8-ckt1)\r\n[    0.000000] Command line: BOOT_IMAGE=/boot/vmlinuz-3.19.0-22-generic root=UUID=86b96bdf-cfdc-4d59-8fcc-539ee2251b7d ro console=tty1 console=ttyS0 earlyprintk=ttyS0 rootdelay=300\r\n[    0.000000] KERNEL supported cpus:\r\n[    0.000000]   Intel GenuineIntel\r\n[    0.000000]   AMD AuthenticAMD\r\n[    0.000000]   Centaur CentaurHauls\r\n[    0.000000] e820: BIOS-provided physical RAM map:\r\n[    0.000000] BIOS-e820: [mem 0x0000000000000000-0x000000000009fbff] usable\r\n[    0.000000] BIOS-e820: [mem 0x000000000009fc00-0x000000000009ffff] reserved\r\n[    0.000000] BIOS-e820: [mem 0x00000000000e0000-0x00000000000fffff] reserved\r\n[    0.000000] BIOS-e820: [mem 0x0000000000100000-0x000000001ffeffff] usable\r\n[    0.000000] BIOS-e820: [mem 0x000000001fff0000-0x000000001fffefff] ACPI data\r\n[    0.000000] BIOS-e820: [mem 0x000000001ffff000-0x000000001fffffff] ACPI NVS\r\n[    0.000000] BIOS-e820: [mem 0x0000000100000000-0x000000014fffffff] usable\r\n[    0.000000] bootconsole [earlyser0] enabled\r\n[    0.000000] NX (Execute Disable) protection: active\r\n[    0.000000] SMBIOS 2.3 present.\r\n[    0.000000] Hypervisor detected: Microsoft HyperV\r\n[    0.000000] HyperV: features 0xe7f, hints 0x2c\r\n[    0.000000] HyperV: LAPIC Timer Frequency: 0xc3500\r\n[    0.000000] AGP: No AGP bridge found\r\n[    0.000000] e820: last_pfn = 0x150000 max_arch_pfn = 0x400000000\r\n[    0.000000] PAT configuration [0-7]: WB  WC  UC- UC  WB  WC  UC- UC  \r\n[    0.000000] e820: last_pfn = 0x1fff0 max_arch_pfn = 0x400000000\r\n[    0.000000] found SMP MP-table at [mem 0x000ff780-0x000ff78f] mapped at [ffff8800000ff780]\r\n[    0.000000] Scanning 1 areas for low memory corruption\r\n[    0.000000] init_memory_mapping: [mem 0x00000000-0x000fffff]\r\n[    0.000000] init_memory_mapping: [mem 0x14fe00000-0x14fffffff]\r\n[    0.000000] init_memory_mapping: [mem 0x140000000-0x14fdfffff]\r\n[    0.000000] init_memory_mapping: [mem 0x120000000-0x13fffffff]\r\n[    0.000000] init_memory_mapping: [mem 0x00100000-0x1ffeffff]\r\n[    0.000000] init_memory_mapping: [mem 0x100000000-0x11fffffff]\r\n[    0.000000] RAMDISK: [mem 0x1dd2d000-0x1f7c3fff]\r\n[    0.000000] ACPI: Early table checksum verification disabled\r\n[    0.000000] ACPI: RSDP 0x00000000000F56F0 000014 (v00 ACPIAM)\r\n[    0.000000] ACPI: RSDT 0x000000001FFF0000 000040 (v01 VRTUAL MICROSFT 05001223 MSFT 00000097)\r\n[    0.000000] ACPI: FACP 0x000000001FFF0200 000081 (v02 VRTUAL MICROSFT 05001223 MSFT 00000097)\r\n[    0.000000] ACPI: DSDT 0x000000001FFF1724 002E78 (v01 MSFTVM MSFTVM02 00000002 INTL 02002026)\r\n[    0.000000] ACPI: FACS 0x000000001FFFF000 000040\r\n[    0.000000] ACPI: WAET 0x000000001FFF1480 000028 (v01 VRTUAL MICROSFT 05001223 MSFT 00000097)\r\n[    0.000000] ACPI: SLIC 0x000000001FFF14C0 000176 (v01 VRTUAL MICROSFT 05001223 MSFT 00000097)\r\n[    0.000000] ACPI: OEM0 0x000000001FFF16C0 000064 (v01 VRTUAL MICROSFT 05001223 MSFT 00000097)\r\n[    0.000000] ACPI: SRAT 0x000000001FFF0600 000090 (v02 VRTUAL MICROSFT 00000001 MSFT 00000001)\r\n[    0.000000] ACPI: APIC 0x000000001FFF0300 00024C (v01 VRTUAL MICROSFT 05001223 MSFT 00000097)\r\n[    0.000000] ACPI: OEMB 0x000000001FFFF040 000064 (v01 VRTUAL MICROSFT 05001223 MSFT 00000097)\r\n[    0.000000] SRAT: PXM 0 -> APIC 0x00 -> Node 0\r\n[    0.000000] SRAT: Node 0 PXM 0 [mem 0x00000000-0x1fffffff]\r\n[    0.000000] SRAT: Node 0 PXM 0 [mem 0x100000000-0x14fffffff]\r\n[    0.000000] NUMA: Node 0 [mem 0x00000000-0x1fffffff] + [mem 0x100000000-0x14fffffff] -> [mem 0x00000000-0x14fffffff]\r\n[    0.000000] NODE_DATA(0) allocated [mem 0x14fffa000-0x14fffefff]\r\n[    0.000000] Zone ranges:\r\n[    0.000000]   DMA      [mem 0x00001000-0x00ffffff]\r\n[    0.000000]   DMA32    [mem 0x01000000-0xffffffff]\r\n[    0.000000]   Normal   [mem 0x100000000-0x14fffffff]\r\n[    0.000000] Movable zone start for each node\r\n[    0.000000] Early memory node ranges\r\n[    0.000000]   node   0: [mem 0x00001000-0x0009efff]\r\n[    0.000000]   node   0: [mem 0x00100000-0x1ffeffff]\r\n[    0.000000]   node   0: [mem 0x100000000-0x14fffffff]\r\n[    0.000000] Initmem setup node 0 [mem 0x00001000-0x14fffffff]\r\n[    0.000000] ACPI: PM-Timer IO Port: 0x408\r\n[    0.000000] ACPI: LAPIC (acpi_id[0x01] lapic_id[0x00] enabled)\r\n[    0.000000] ACPI: LAPIC (acpi_id[0x02] lapic_id[0x01] disabled)\r\n[    0.000000] ACPI: LAPIC (acpi_id[0x03] lapic_id[0x02] disabled)\r\n[    0.000000] ACPI: LAPIC (acpi_id[0x04] lapic_id[0x03] disabled)\r\n[    0.000000] ACPI: LAPIC (acpi_id[0x05] lapic_id[0x04] disabled)\r\n[    0.000000] ACPI: LAPIC (acpi_id[0x06] lapic_id[0x05] disabled)\r\n[    0.000000] ACPI: LAPIC (acpi_id[0x07] lapic_id[0x06] disabled)\r\n[    0.000000] ACPI: LAPIC (acpi_id[0x08] lapic_id[0x07] disabled)\r\n[    0.000000] ACPI: LAPIC (acpi_id[0x09] lapic_id[0x08] disabled)\r\n[    0.000000] ACPI: LAPIC (acpi_id[0x0a] lapic_id[0x09] disabled)\r\n[    0.000000] ACPI: LAPIC (acpi_id[0x0b] lapic_id[0x0a] disabled)\r\n[    0.000000] ACPI: LAPIC (acpi_id[0x0c] lapic_id[0x0b] disabled)\r\n[    0.000000] ACPI: LAPIC (acpi_id[0x0d] lapic_id[0x0c] disabled)\r\n[    0.000000] ACPI: LAPIC (acpi_id[0x0e] lapic_id[0x0d] disabled)\r\n[    0.000000] ACPI: LAPIC (acpi_id[0x0f] lapic_id[0x0e] disabled)\r\n[    0.000000] ACPI: LAPIC (acpi_id[0x10] lapic_id[0x0f] disabled)\r\n[    0.000000] ACPI: LAPIC (acpi_id[0x11] lapic_id[0x10] disabled)\r\n[    0.000000] ACPI: LAPIC (acpi_id[0x12] lapic_id[0x11] disabled)\r\n[    0.000000] ACPI: LAPIC (acpi_id[0x13] lapic_id[0x12] disabled)\r\n[    0.000000] ACPI: LAPIC (acpi_id[0x14] lapic_id[0x13] disabled)\r\n[    0.000000] ACPI: LAPIC (acpi_id[0x15] lapic_id[0x14] disabled)\r\n[    0.000000] ACPI: LAPIC (acpi_id[0x16] lapic_id[0x15] disabled)\r\n[    0.000000] ACPI: LAPIC (acpi_id[0x17] lapic_id[0x16] disabled)\r\n[    0.000000] ACPI: LAPIC (acpi_id[0x18] lapic_id[0x17] disabled)\r\n[    0.000000] ACPI: LAPIC (acpi_id[0x19] lapic_id[0x18] disabled)\r\n[    0.000000] ACPI: LAPIC (acpi_id[0x1a] lapic_id[0x19] disabled)\r\n[    0.000000] ACPI: LAPIC (acpi_id[0x1b] lapic_id[0x1a] disabled)\r\n[    0.000000] ACPI: LAPIC (acpi_id[0x1c] lapic_id[0x1b] disabled)\r\n[    0.000000] ACPI: LAPIC (acpi_id[0x1d] lapic_id[0x1c] disabled)\r\n[    0.000000] ACPI: LAPIC (acpi_id[0x1e] lapic_id[0x1d] disabled)\r\n[    0.000000] ACPI: LAPIC (acpi_id[0x1f] lapic_id[0x1e] disabled)\r\n[    0.000000] ACPI: LAPIC (acpi_id[0x20] lapic_id[0x1f] disabled)\r\n[    0.000000] ACPI: LAPIC (acpi_id[0x21] lapic_id[0x20] disabled)\r\n[    0.000000] ACPI: LAPIC (acpi_id[0x22] lapic_id[0x21] disabled)\r\n[    0.000000] ACPI: LAPIC (acpi_id[0x23] lapic_id[0x22] disabled)\r\n[    0.000000] ACPI: LAPIC (acpi_id[0x24] lapic_id[0x23] disabled)\r\n[    0.000000] ACPI: LAPIC (acpi_id[0x25] lapic_id[0x24] disabled)\r\n[    0.000000] ACPI: LAPIC (acpi_id[0x26] lapic_id[0x25] disabled)\r\n[    0.000000] ACPI: LAPIC (acpi_id[0x27] lapic_id[0x26] disabled)\r\n[    0.000000] ACPI: LAPIC (acpi_id[0x28] lapic_id[0x27] disabled)\r\n[    0.000000] ACPI: LAPIC (acpi_id[0x29] lapic_id[0x28] disabled)\r\n[    0.000000] ACPI: LAPIC (acpi_id[0x2a] lapic_id[0x29] disabled)\r\n[    0.000000] ACPI: LAPIC (acpi_id[0x2b] lapic_id[0x2a] disabled)\r\n[    0.000000] ACPI: LAPIC (acpi_id[0x2c] lapic_id[0x2b] disabled)\r\n[    0.000000] ACPI: LAPIC (acpi_id[0x2d] lapic_id[0x2c] disabled)\r\n[    0.000000] ACPI: LAPIC (acpi_id[0x2e] lapic_id[0x2d] disabled)\r\n[    0.000000] ACPI: LAPIC (acpi_id[0x2f] lapic_id[0x2e] disabled)\r\n[    0.000000] ACPI: LAPIC (acpi_id[0x30] lapic_id[0x2f] disabled)\r\n[    0.000000] ACPI: LAPIC (acpi_id[0x31] lapic_id[0x30] disabled)\r\n[    0.000000] ACPI: LAPIC (acpi_id[0x32] lapic_id[0x31] disabled)\r\n[    0.000000] ACPI: LAPIC (acpi_id[0x33] lapic_id[0x32] disabled)\r\n[    0.000000] ACPI: LAPIC (acpi_id[0x34] lapic_id[0x33] disabled)\r\n[    0.000000] ACPI: LAPIC (acpi_id[0x35] lapic_id[0x34] disabled)\r\n[    0.000000] ACPI: LAPIC (acpi_id[0x36] lapic_id[0x35] disabled)\r\n[    0.000000] ACPI: LAPIC (acpi_id[0x37] lapic_id[0x36] disabled)\r\n[    0.000000] ACPI: LAPIC (acpi_id[0x38] lapic_id[0x37] disabled)\r\n[    0.000000] ACPI: LAPIC (acpi_id[0x39] lapic_id[0x38] disabled)\r\n[    0.000000] ACPI: LAPIC (acpi_id[0x3a] lapic_id[0x39] disabled)\r\n[    0.000000] ACPI: LAPIC (acpi_id[0x3b] lapic_id[0x3a] disabled)\r\n[    0.000000] ACPI: LAPIC (acpi_id[0x3c] lapic_id[0x3b] disabled)\r\n[    0.000000] ACPI: LAPIC (acpi_id[0x3d] lapic_id[0x3c] disabled)\r\n[    0.000000] ACPI: LAPIC (acpi_id[0x3e] lapic_id[0x3d] disabled)\r\n[    0.000000] ACPI: LAPIC (acpi_id[0x3f] lapic_id[0x3e] disabled)\r\n[    0.000000] ACPI: LAPIC (acpi_id[0x40] lapic_id[0x3f] disabled)\r\n[    0.000000] ACPI: IOAPIC (id[0x00] address[0xfec00000] gsi_base[0])\r\n[    0.000000] IOAPIC[0]: apic_id 0, version 17, address 0xfec00000, GSI 0-23\r\n[    0.000000] ACPI: INT_SRC_OVR (bus 0 bus_irq 0 global_irq 2 dfl dfl)\r\n[    0.000000] ACPI: INT_SRC_OVR (bus 0 bus_irq 9 global_irq 9 high level)\r\n[    0.000000] Using ACPI (MADT) for SMP configuration information\r\n[    0.000000] smpboot: Allowing 64 CPUs, 63 hotplug CPUs\r\n[    0.000000] PM: Registered nosave memory: [mem 0x00000000-0x00000fff]\r\n[    0.000000] PM: Registered nosave memory: [mem 0x0009f000-0x0009ffff]\r\n[    0.000000] PM: Registered nosave memory: [mem 0x000a0000-0x000dffff]\r\n[    0.000000] PM: Registered nosave memory: [mem 0x000e0000-0x000fffff]\r\n[    0.000000] PM: Registered nosave memory: [mem 0x1fff0000-0x1fffefff]\r\n[    0.000000] PM: Registered nosave memory: [mem 0x1ffff000-0x1fffffff]\r\n[    0.000000] PM: Registered nosave memory: [mem 0x20000000-0xffffffff]\r\n[    0.000000] e820: [mem 0x20000000-0xffffffff] available for PCI devices\r\n[    0.000000] Booting paravirtualized kernel on bare hardware\r\n[    0.000000] setup_percpu: NR_CPUS:256 nr_cpumask_bits:256 nr_cpu_ids:64 nr_node_ids:1\r\n[    0.000000] PERCPU: Embedded 31 pages/cpu @ffff88014d200000 s87040 r8192 d31744 u131072\r\n[    0.000000] Built 1 zonelists in Node order, mobility grouping on.  Total pages: 451449\r\n[    0.000000] Policy zone: Normal\r\n[    0.000000] Kernel command line: BOOT_IMAGE=/boot/vmlinuz-3.19.0-22-generic root=UUID=86b96bdf-cfdc-4d59-8fcc-539ee2251b7d ro console=tty1 console=ttyS0 earlyprintk=ttyS0 rootdelay=300\r\n[    0.000000] log_buf_len individual max cpu contribution: 4096 bytes\r\n[    0.000000] log_buf_len total cpu_extra contributions: 258048 bytes\r\n[    0.000000] log_buf_len min size: 262144 bytes\r\n[    0.000000] log_buf_len: 524288 bytes\r\n[    0.000000] early log buf free: 248784(94%)\r\n[    0.000000] PID hash table entries: 4096 (order: 3, 32768 bytes)\r\n[    0.000000] AGP: Checking aperture...\r\n[    0.000000] AGP: No AGP bridge found\r\n[    0.000000] Memory: 1687496K/1834552K available (8001K kernel code, 1232K rwdata, 3752K rodata, 1408K init, 1300K bss, 147056K reserved, 0K cma-reserved)\r\n[    0.000000] SLUB: HWalign=64, Order=0-3, MinObjects=0, CPUs=64, Nodes=1\r\n[    0.000000] Hierarchical RCU implementation.\r\n[    0.000000] \tRCU dyntick-idle grace-period acceleration is enabled.\r\n[    0.000000] \tRCU restricting CPUs from NR_CPUS=256 to nr_cpu_ids=64.\r\n[    0.000000] RCU: Adjusting geometry for rcu_fanout_leaf=16, nr_cpu_ids=64\r\n[    0.000000] NR_IRQS:16640 nr_irqs:936 16\r\n[    0.000000] \tOffload RCU callbacks from all CPUs\r\n[    0.000000] \tOffload RCU callbacks from CPUs: 0-63.\r\n[    0.000000] Console: colour VGA+ 80x25\r\n[    0.000000] console [tty1] enabled\r\n[    0.000000] console [ttyS0] enabled\r\n[    0.000000] console [ttyS0] enabled\r\n[    0.000000] bootconsole [earlyser0] disabled\r\n[    0.000000] bootconsole [earlyser0] disabled\r\n[    0.000000] tsc: Fast TSC calibration failed\r\n[    0.000000] tsc: PIT calibration matches PMTIMER. 1 loops\r\n[    0.000000] tsc: Detected 2094.681 MHz processor\r\n[    0.000000] tsc: Marking TSC unstable due to TSCs unsynchronized\r\n[    0.014209] Calibrating delay loop (skipped), value calculated using timer frequency.. 4189.36 BogoMIPS (lpj=8378724)\r\n[    0.016027] pid_max: default: 65536 minimum: 512\r\n[    0.018410] ACPI: Core revision 20141107\r\n[    0.022126] ACPI: All ACPI Tables successfully acquired\r\n[    0.026502] Security Framework initialized\r\n[    0.028093] AppArmor: AppArmor initialized\r\n[    0.029733] Yama: becoming mindful.\r\n[    0.032243] Dentry cache hash table entries: 262144 (order: 9, 2097152 bytes)\r\n[    0.035064] Inode-cache hash table entries: 131072 (order: 8, 1048576 bytes)\r\n[    0.036339] Mount-cache hash table entries: 4096 (order: 3, 32768 bytes)\r\n[    0.040038] Mountpoint-cache hash table entries: 4096 (order: 3, 32768 bytes)\r\n[    0.044394] Initializing cgroup subsys memory\r\n[    0.048047] Initializing cgroup subsys devices\r\n[    0.049757] Initializing cgroup subsys freezer\r\n[    0.051437] Initializing cgroup subsys net_cls\r\n[    0.052024] Initializing cgroup subsys blkio\r\n[    0.053747] Initializing cgroup subsys perf_event\r\n[    0.056034] Initializing cgroup subsys net_prio\r\n[    0.057742] Initializing cgroup subsys hugetlb\r\n[    0.060256] mce: CPU supports 1 MCE banks\r\n[    0.061957] process: using AMD E400 aware idle routine\r\n[    0.064026] Last level iTLB entries: 4KB 512, 2MB 16, 4MB 8\r\n[    0.064026] Last level dTLB entries: 4KB 512, 2MB 128, 4MB 64, 1GB 0\r\n[    0.094170] ftrace: allocating 30088 entries in 118 pages\r\n[    0.112189] Switched APIC routing to physical flat.\r\n[    0.132905] ..TIMER: vector=0x30 apic1=0 pin1=2 apic2=-1 pin2=-1\r\n[    0.134869] smpboot: CPU0: AMD Opteron(tm) Processor 4171 HE (fam: 10, model: 08, stepping: 01)\r\n[    0.141363] Performance Events: Broken PMU hardware detected, using software events only.\r\n[    0.144000] Failed to access perfctr msr (MSR c0010004 is 0)\r\n[    0.145769] x86: Booted up 1 node, 1 CPUs\r\n[    0.148009] smpboot: Total of 1 processors activated (4189.36 BogoMIPS)\r\n[    0.153919] NMI watchdog: disabled (cpu0): hardware events not enabled\r\n[    0.156328] devtmpfs: initialized\r\n[    0.162147] evm: security.selinux\r\n[    0.163563] evm: security.SMACK64\r\n[    0.164002] evm: security.SMACK64EXEC\r\n[    0.165700] evm: security.SMACK64TRANSMUTE\r\n[    0.168009] evm: security.SMACK64MMAP\r\n[    0.169617] evm: security.ima\r\n[    0.171000] evm: security.capability\r\n[    0.172111] PM: Registering ACPI NVS region [mem 0x1ffff000-0x1fffffff] (4096 bytes)\r\n[    0.174485] pinctrl core: initialized pinctrl subsystem\r\n[    0.176476] RTC time: 17:58:12, date: 11/13/15\r\n[    0.178130] NET: Registered protocol family 16\r\n[    0.180231] cpuidle: using governor ladder\r\n[    0.184010] cpuidle: using governor menu\r\n[    0.189017] ACPI: bus type PCI registered\r\n[    0.190453] acpiphp: ACPI Hot Plug PCI Controller Driver version: 0.5\r\n[    0.192484] PCI: Using configuration type 1 for base access\r\n[    0.194198] PCI: Using configuration type 1 for extended access\r\n[    0.198002] ACPI: Added _OSI(Module Device)\r\n[    0.200004] ACPI: Added _OSI(Processor Device)\r\n[    0.201471] ACPI: Added _OSI(3.0 _SCP Extensions)\r\n[    0.202989] ACPI: Added _OSI(Processor Aggregator Device)\r\n[    0.208349] ACPI: Interpreter enabled\r\n[    0.209724] ACPI Exception: AE_NOT_FOUND, While evaluating Sleep State [\\_S1_] (20141107/hwxface-580)\r\n[    0.212894] ACPI Exception: AE_NOT_FOUND, While evaluating Sleep State [\\_S2_] (20141107/hwxface-580)\r\n[    0.215815] ACPI Exception: AE_NOT_FOUND, While evaluating Sleep State [\\_S3_] (20141107/hwxface-580)\r\n[    0.217851] ACPI Exception: AE_NOT_FOUND, While evaluating Sleep State [\\_S4_] (20141107/hwxface-580)\r\n[    0.220899] ACPI: (supports S0 S5)\r\n[    0.221897] ACPI: Using IOAPIC for interrupt routing\r\n[    0.223168] PCI: Using host bridge windows from ACPI; if necessary, use \"pci=nocrs\" and report a bug\r\n[    0.237447] ACPI: PCI Root Bridge [PCI0] (domain 0000 [bus 00-ff])\r\n[    0.240014] acpi PNP0A03:00: _OSC: OS supports [ExtendedConfig ASPM ClockPM Segments MSI]\r\n[    0.244013] acpi PNP0A03:00: _OSC failed (AE_NOT_FOUND); disabling ASPM\r\n[    0.249130] PCI host bridge to bus 0000:00\r\n[    0.250592] pci_bus 0000:00: root bus resource [bus 00-ff]\r\n[    0.252007] pci_bus 0000:00: root bus resource [mem 0xfe0000000-0xfffefffff]\r\n[    0.253793] pci_bus 0000:00: root bus resource [io  0x0000-0x0cf7]\r\n[    0.255490] pci_bus 0000:00: root bus resource [io  0x0d00-0xffff]\r\n[    0.256007] pci_bus 0000:00: root bus resource [mem 0x000a0000-0x000bffff]\r\n[    0.257852] pci_bus 0000:00: root bus resource [mem 0x20000000-0xfffbffff]\r\n[    0.269179] pci 0000:00:07.1: legacy IDE quirk: reg 0x10: [io  0x01f0-0x01f7]\r\n[    0.271070] pci 0000:00:07.1: legacy IDE quirk: reg 0x14: [io  0x03f6]\r\n[    0.272006] pci 0000:00:07.1: legacy IDE quirk: reg 0x18: [io  0x0170-0x0177]\r\n[    0.273922] pci 0000:00:07.1: legacy IDE quirk: reg 0x1c: [io  0x0376]\r\n[    0.276600] * Found PM-Timer Bug on the chipset. Due to workarounds for a bug,\r\n[    0.276600] * this clock source is slow. Consider trying other clock sources\r\n[    0.282064] pci 0000:00:07.3: quirk: [io  0x0400-0x043f] claimed by PIIX4 ACPI\r\n[    0.297383] ACPI: PCI Interrupt Link [LNKA] (IRQs 3 4 5 7 9 10 *11 12 14 15)\r\n[    0.310323] ACPI: PCI Interrupt Link [LNKB] (IRQs 3 4 5 7 9 10 11 12 14 15) *0, disabled.\r\n[    0.322888] ACPI: PCI Interrupt Link [LNKC] (IRQs 3 4 5 7 9 10 11 12 14 15) *0, disabled.\r\n[    0.334631] ACPI: PCI Interrupt Link [LNKD] (IRQs 3 4 5 7 9 10 11 12 14 15) *0, disabled.\r\n[    0.346037] ACPI: Enabled 1 GPEs in block 00 to 0F\r\n[    0.348190] vgaarb: setting as boot device: PCI:0000:00:08.0\r\n[    0.350105] vgaarb: device added: PCI:0000:00:08.0,decodes=io+mem,owns=io+mem,locks=none\r\n[    0.352006] vgaarb: loaded\r\n[    0.353007] vgaarb: bridge control possible 0000:00:08.0\r\n[    0.356338] SCSI subsystem initialized\r\n[    0.357702] ACPI: bus type USB registered\r\n[    0.358914] usbcore: registered new interface driver usbfs\r\n[    0.360037] usbcore: registered new interface driver hub\r\n[    0.361717] usbcore: registered new device driver usb\r\n[    0.364242] PCI: Using ACPI for IRQ routing\r\n[    0.366321] NetLabel: Initializing\r\n[    0.368005] NetLabel:  domain hash size = 128\r\n[    0.369482] NetLabel:  protocols = UNLABELED CIPSOv4\r\n[    0.371068] NetLabel:  unlabeled traffic allowed by default\r\n[    0.372161] Switched to clocksource hyperv_clocksource\r\n[    0.381172] AppArmor: AppArmor Filesystem Enabled\r\n[    0.383043] pnp: PnP ACPI init\r\n[    0.387909] system 00:06: [io  0x01e0-0x01ef] has been reserved\r\n[    0.389699] system 00:06: [io  0x0160-0x016f] has been reserved\r\n[    0.391438] system 00:06: [io  0x0278-0x027f] has been reserved\r\n[    0.393178] system 00:06: [io  0x0378-0x037f] has been reserved\r\n[    0.394851] system 00:06: [io  0x0678-0x067f] has been reserved\r\n[    0.396640] system 00:06: [io  0x0778-0x077f] has been reserved\r\n[    0.398520] system 00:06: [io  0x04d0-0x04d1] has been reserved\r\n[    0.400591] system 00:07: [io  0x0400-0x043f] has been reserved\r\n[    0.402378] system 00:07: [io  0x0370-0x0371] has been reserved\r\n[    0.404179] system 00:07: [io  0x0440-0x044f] has been reserved\r\n[    0.405920] system 00:07: [mem 0xfec00000-0xfec00fff] could not be reserved\r\n[    0.407800] system 00:07: [mem 0xfee00000-0xfee00fff] has been reserved\r\n[    0.409852] system 00:08: [mem 0x00000000-0x0009ffff] could not be reserved\r\n[    0.411710] system 00:08: [mem 0x000c0000-0x000dffff] could not be reserved\r\n[    0.413627] system 00:08: [mem 0x000e0000-0x000fffff] could not be reserved\r\n[    0.415428] system 00:08: [mem 0x00100000-0x1fffffff] could not be reserved\r\n[    0.417329] system 00:08: [mem 0xfffc0000-0xffffffff] has been reserved\r\n[    0.419422] pnp: PnP ACPI: found 9 devices\r\n[    0.427162] NET: Registered protocol family 2\r\n[    0.429101] TCP established hash table entries: 16384 (order: 5, 131072 bytes)\r\n[    0.431087] TCP bind hash table entries: 16384 (order: 6, 262144 bytes)\r\n[    0.432960] TCP: Hash tables configured (established 16384 bind 16384)\r\n[    0.434780] TCP: reno registered\r\n[    0.436126] UDP hash table entries: 1024 (order: 3, 32768 bytes)\r\n[    0.437834] UDP-Lite hash table entries: 1024 (order: 3, 32768 bytes)\r\n[    0.439801] NET: Registered protocol family 1\r\n[    0.441268] pci 0000:00:00.0: Limiting direct PCI/PCI transfers\r\n[    0.443362] Trying to unpack rootfs image as initramfs...\r\n[    1.072547] Freeing initrd memory: 27228K (ffff88001dd2d000 - ffff88001f7c4000)\r\n[    1.075094] PCI-DMA: Using software bounce buffering for IO (SWIOTLB)\r\n[    1.077204] software IO TLB [mem 0x19d2d000-0x1dd2d000] (64MB) mapped at [ffff880019d2d000-ffff88001dd2cfff]\r\n[    1.080234] microcode: CPU0: patch_level=0xffffffff\r\n[    1.082075] microcode: Microcode Update Driver: v2.00 <tigran@aivazian.fsnet.co.uk>, Peter Oruba\r\n[    1.090964] Scanning for low memory corruption every 60 seconds\r\n[    1.094189] futex hash table entries: 16384 (order: 8, 1048576 bytes)\r\n[    1.096529] Initialise system trusted keyring\r\n[    1.098240] audit: initializing netlink subsys (disabled)\r\n[    1.104762] audit: type=2000 audit(1447437493.104:1): initialized\r\n[    1.107205] HugeTLB registered 2 MB page size, pre-allocated 0 pages\r\n[    1.110726] zpool: loaded\r\n[    1.111981] zbud: loaded\r\n[    1.113392] VFS: Disk quotas dquot_6.5.2\r\n[    1.114851] VFS: Dquot-cache hash table entries: 512 (order 0, 4096 bytes)\r\n[    1.117510] fuse init (API version 7.23)\r\n[    1.119134] Key type big_key registered\r\n[    1.120694] Key type asymmetric registered\r\n[    1.121998] Asymmetric key parser 'x509' registered\r\n[    1.123455] Block layer SCSI generic (bsg) driver version 0.4 loaded (major 252)\r\n[    1.125573] io scheduler noop registered\r\n[    1.126931] io scheduler deadline registered (default)\r\n[    1.128569] io scheduler cfq registered\r\n[    1.130172] pci_hotplug: PCI Hot Plug PCI Core version: 0.5\r\n[    1.131836] pciehp: PCI Express Hot Plug Controller Driver version: 0.4\r\n[    1.133781] input: Power Button as /devices/LNXSYSTM:00/LNXPWRBN:00/input/input0\r\n[    1.136203] ACPI: Power Button [PWRF]\r\n[    1.137837] GHES: HEST is not enabled!\r\n[    1.139352] Serial: 8250/16550 driver, 32 ports, IRQ sharing enabled\r\n[    1.162190] 00:03: ttyS0 at I/O 0x3f8 (irq = 4, base_baud = 115200) is a 16550A\r\n[    1.188520] 00:04: ttyS1 at I/O 0x2f8 (irq = 3, base_baud = 115200) is a 16550A\r\n[    1.192213] Linux agpgart interface v0.103\r\n[    1.195580] brd: module loaded\r\n[    1.197864] loop: module loaded\r\n[    1.199684] ata_piix 0000:00:07.1: Hyper-V Virtual Machine detected, ATA device ignore set\r\n[    1.203669] scsi host0: ata_piix\r\n[    1.205603] scsi host1: ata_piix\r\n[    1.207023] ata1: PATA max UDMA/33 cmd 0x1f0 ctl 0x3f6 bmdma 0xffa0 irq 14\r\n[    1.208862] ata2: PATA max UDMA/33 cmd 0x170 ctl 0x376 bmdma 0xffa8 irq 15\r\n[    1.212962] libphy: Fixed MDIO Bus: probed\r\n[    1.214520] tun: Universal TUN/TAP device driver, 1.6\r\n[    1.216198] tun: (C) 1999-2004 Max Krasnyansky <maxk@qualcomm.com>\r\n[    1.218187] PPP generic driver version 2.4.2\r\n[    1.219740] ehci_hcd: USB 2.0 'Enhanced' Host Controller (EHCI) Driver\r\n[    1.221573] ehci-pci: EHCI PCI platform driver\r\n[    1.223048] ehci-platform: EHCI generic platform driver\r\n[    1.224684] ohci_hcd: USB 1.1 'Open' Host Controller (OHCI) Driver\r\n[    1.226488] ohci-pci: OHCI PCI platform driver\r\n[    1.228250] ohci-platform: OHCI generic platform driver\r\n[    1.229891] uhci_hcd: USB Universal Host Controller Interface driver\r\n[    1.231689] i8042: PNP: PS/2 Controller [PNP0303:PS2K,PNP0f03:PS2M] at 0x60,0x64 irq 1,12\r\n[    1.237297] serio: i8042 KBD port at 0x60,0x64 irq 1\r\n[    1.238893] serio: i8042 AUX port at 0x60,0x64 irq 12\r\n[    1.240725] mousedev: PS/2 mouse device common for all mice\r\n[    1.242729] rtc_cmos 00:00: RTC can wake from S4\r\n[    1.267456] rtc_cmos 00:00: rtc core: registered rtc_cmos as rtc0\r\n[    1.270088] rtc_cmos 00:00: alarms up to one month, 114 bytes nvram\r\n[    1.271974] i2c /dev entries driver\r\n[    1.273563] device-mapper: uevent: version 1.0.3\r\n[    1.275138] device-mapper: ioctl: 4.29.0-ioctl (2014-10-28) initialised: dm-devel@redhat.com\r\n[    1.277292] ledtrig-cpu: registered to indicate activity on CPUs\r\n[    1.278890] PCCT header not found.\r\n[    1.279956] ACPI PCC probe failed.\r\n[    1.281107] TCP: cubic registered\r\n[    1.282288] NET: Registered protocol family 10\r\n[    1.283914] NET: Registered protocol family 17\r\n[    1.285353] Key type dns_resolver registered\r\n[    1.286913] Loading compiled-in X.509 certificates\r\n[    1.288897] input: AT Translated Set 2 keyboard as /devices/platform/i8042/serio0/input/input1\r\n[    1.293631] Loaded X.509 cert 'Magrathea: Glacier signing key: c7d440344c0b3ac2a3cec2aeb9722ecf6cae7391'\r\n[    1.296075] registered taskstats version 1\r\n[    1.300096] Key type trusted registered\r\n[    1.308289] Key type encrypted registered\r\n[    1.309563] AppArmor: AppArmor sha1 policy hashing enabled\r\n[    1.310888] ima: No TPM chip found, activating TPM-bypass!\r\n[    1.312255] evm: HMAC attrs: 0x1\r\n[    1.313581]   Magic number: 7:254:997\r\n[    1.314883] rtc_cmos 00:00: setting system clock to 2015-11-13 17:58:13 UTC (1447437493)\r\n[    1.319312] BIOS EDD facility v0.16 2004-Jun-25, 0 devices found\r\n[    1.321226] EDD information not available.\r\n[    1.371639] ata2.00: ATAPI: Virtual CD, , max MWDMA2\r\n[    1.375066] ata2.00: configured for MWDMA2\r\n[    1.378065] scsi 1:0:0:0: CD-ROM            Msft     Virtual CD/ROM   1.0  PQ: 0 ANSI: 5\r\n[    1.383142] sr 1:0:0:0: [sr0] scsi3-mmc drive: 0x/0x tray\r\n[    1.385053] cdrom: Uniform CD-ROM driver Revision: 3.20\r\n[    1.387656] sr 1:0:0:0: Attached scsi generic sg0 type 5\r\n[    1.389913] Freeing unused kernel memory: 1408K (ffffffff81d36000 - ffffffff81e96000)\r\n[    1.392158] Write protecting the kernel read-only data: 12288k\r\n[    1.394211] Freeing unused kernel memory: 180K (ffff8800017d3000 - ffff880001800000)\r\n[    1.396476] Freeing unused kernel memory: 344K (ffff880001baa000 - ffff880001c00000)\r\nLoading, please wait...\r\nstarting version 219\r\n[    1.424732] random: systemd-udevd urandom read with 2 bits of entropy available\r\n[    1.501103] Floppy drive(s): fd0 is 1.44M\r\n[    1.554608] hv_vmbus: Hyper-V Host Build:9600-6.3-17-0.17039; Vmbus version:3.0\r\n[    1.570783] FDC 0 is an 82078.\r\n[    1.956082] psmouse serio1: trackpoint: failed to get extended button data\r\n[    6.558996] hv_vmbus: registering driver hyperv_fb\r\n[    6.565278] hv_vmbus: registering driver hv_storvsc\r\n[    6.574774] hv_utils: Registering HyperV Utility Driver\r\n[    6.577038] hv_vmbus: registering driver hv_util\r\n[    6.588308] scsi host2: storvsc_host_t\r\n[    6.596405] scsi 2:0:0:0: Direct-Access     Msft     Virtual Disk     1.0  PQ: 0 ANSI: 4\r\n[    6.600155] sd 2:0:0:0: [sda] 61440000 512-byte logical blocks: (31.4 GB/29.2 GiB)\r\n[    6.603050] sd 2:0:0:0: Attached scsi generic sg1 type 0\r\n[    6.605889] sd 2:0:0:0: [sda] Write Protect is off\r\n[    6.607786] hyperv_fb: Screen resolution: 1152x864, Color depth: 32\r\n[    6.610265] sd 2:0:0:0: [sda] Write cache: enabled, read cache: enabled, supports DPO and FUA\r\n[    6.617754] Console: switching to colour frame buffer device 144x54\r\n[    6.631595] hv_vmbus: registering driver hv_netvsc\r\n[    6.633097] scsi host3: storvsc_host_t\r\n[    6.634281] scsi 3:0:1:0: Direct-Access     Msft     Virtual Disk     1.0  PQ: 0 ANSI: 4\r\n[    6.636355] sd 3:0:1:0: Attached scsi generic sg2 type 0\r\n[    6.637855] sd 3:0:1:0: [sdb] 146800640 512-byte logical blocks: (75.1 GB/70.0 GiB)\r\n[    6.639368] sd 3:0:1:0: [sdb] 4096-byte physical blocks\r\n[    6.640870] hv_netvsc: hv_netvsc channel opened successfully\r\n[    6.642027]  sda: sda1\r\n[    6.642808] sd 3:0:1:0: [sdb] Write Protect is off\r\n[    6.644333] sd 3:0:1:0: [sdb] Write cache: enabled, read cache: enabled, doesn't support DPO or FUA\r\n[    6.648120] sd 2:0:0:0: [sda] Attached SCSI disk\r\n[    6.663262]  sdb: sdb1\r\n[    6.665030] sd 3:0:1:0: [sdb] Attached SCSI disk\r\n[    6.760077] psmouse serio1: trackpoint: IBM TrackPoint firmware: 0x01, buttons: 0/0\r\n[    6.762289] input: TPPS/2 IBM TrackPoint as /devices/platform/i8042/serio1/input/input3\r\n[    8.321716] hv_netvsc vmbus_0_16: Send section size: 6144, Section count:2560\r\n[    8.327256] hv_netvsc vmbus_0_16: Device MAC 00:0d:3a:a0:a9:4c link state up\r\n[    8.331042] scsi host4: storvsc_host_t\r\n[    8.333643] scsi 4:0:0:0: scsi scan: INQUIRY result too short (5), using 36\r\n[    8.335668] scsi 4:0:0:1: scsi scan: INQUIRY result too short (5), using 36\r\n[    8.337521] scsi 4:0:1:0: scsi scan: INQUIRY result too short (5), using 36\r\n[    8.339253] scsi 4:0:1:1: scsi scan: INQUIRY result too short (5), using 36\r\n[    8.341080] scsi host5: storvsc_host_t\r\n[    8.342618] scsi 5:0:0:0: scsi scan: INQUIRY result too short (5), using 36\r\n[    8.344330] scsi 4:1:0:0: scsi scan: INQUIRY result too short (5), using 36\r\n[    8.345934] scsi 5:0:0:1: scsi scan: INQUIRY result too short (5), using 36\r\n[    8.347705] scsi 5:0:1:0: scsi scan: INQUIRY result too short (5), using 36\r\n[    8.351208] scsi 4:1:0:1: scsi scan: INQUIRY result too short (5), using 36\r\n[    8.353115] scsi 4:1:1:0: scsi scan: INQUIRY result too short (5), using 36\r\n[    8.356446] scsi 5:0:1:1: scsi scan: INQUIRY result too short (5), using 36\r\n[    8.359967] scsi 4:1:1:1: scsi scan: INQUIRY result too short (5), using 36\r\n[    8.363110] scsi 5:1:0:0: scsi scan: INQUIRY result too short (5), using 36\r\n[    8.366998] scsi 4:2:0:0: scsi scan: INQUIRY result too short (5), using 36\r\n[    8.370267] scsi 5:1:0:1: scsi scan: INQUIRY result too short (5), using 36\r\n[    8.373540] scsi 4:2:0:1: scsi scan: INQUIRY result too short (5), using 36\r\n[    8.376582] scsi 5:1:1:0: scsi scan: INQUIRY result too short (5), using 36\r\n[    8.379848] scsi 4:2:1:0: scsi scan: INQUIRY result too short (5), using 36\r\n[    8.382731] scsi 5:1:1:1: scsi scan: INQUIRY result too short (5), using 36\r\n[    8.386357] scsi 4:2:1:1: scsi scan: INQUIRY result too short (5), using 36\r\n[    8.389822] scsi 5:2:0:0: scsi scan: INQUIRY result too short (5), using 36\r\n[    8.392667] scsi 4:3:0:0: scsi scan: INQUIRY result too short (5), using 36\r\n[    8.395656] scsi 5:2:0:1: scsi scan: INQUIRY result too short (5), using 36\r\n[    8.398502] scsi 4:3:0:1: scsi scan: INQUIRY result too short (5), using 36\r\n[    8.401608] scsi 5:2:1:0: scsi scan: INQUIRY result too short (5), using 36\r\n[    8.404518] scsi 4:3:1:0: scsi scan: INQUIRY result too short (5), using 36\r\n[    8.407465] scsi 5:2:1:1: scsi scan: INQUIRY result too short (5), using 36\r\n[    8.410302] scsi 4:3:1:1: scsi scan: INQUIRY result too short (5), using 36\r\n[    8.413368] scsi 5:3:0:0: scsi scan: INQUIRY result too short (5), using 36\r\n[    8.415910] scsi 4:4:0:0: scsi scan: INQUIRY result too short (5), using 36\r\n[    8.418643] scsi 5:3:0:1: scsi scan: INQUIRY result too short (5), using 36\r\n[    8.421095] scsi 4:4:0:1: scsi scan: INQUIRY result too short (5), using 36\r\n[    8.423759] scsi 5:3:1:0: scsi scan: INQUIRY result too short (5), using 36\r\n[    8.426088] scsi 4:4:1:0: scsi scan: INQUIRY result too short (5), using 36\r\n[    8.428508] scsi 5:3:1:1: scsi scan: INQUIRY result too short (5), using 36\r\n[    8.430956] scsi 4:4:1:1: scsi scan: INQUIRY result too short (5), using 36\r\n[    8.433537] scsi 5:4:0:0: scsi scan: INQUIRY result too short (5), using 36\r\n[    8.435792] scsi 4:5:0:0: scsi scan: INQUIRY result too short (5), using 36\r\n[    8.438236] scsi 5:4:0:1: scsi scan: INQUIRY result too short (5), using 36\r\n[    8.440416] scsi 4:5:0:1: scsi scan: INQUIRY result too short (5), using 36\r\n[    8.443254] scsi 5:4:1:0: scsi scan: INQUIRY result too short (5), using 36\r\n[    8.445497] scsi 4:5:1:0: scsi scan: INQUIRY result too short (5), using 36\r\n[    8.447799] scsi 5:4:1:1: scsi scan: INQUIRY result too short (5), using 36\r\n[    8.450239] scsi 5:5:0:0: scsi scan: INQUIRY result too short (5), using 36\r\n[    8.452466] scsi 4:5:1:1: scsi scan: INQUIRY result too short (5), using 36\r\n[    8.454532] scsi 5:5:0:1: scsi scan: INQUIRY result too short (5), using 36\r\n[    8.456723] scsi 4:6:0:0: scsi scan: INQUIRY result too short (5), using 36\r\n[    8.458740] scsi 5:5:1:0: scsi scan: INQUIRY result too short (5), using 36\r\n[    8.460981] scsi 4:6:0:1: scsi scan: INQUIRY result too short (5), using 36\r\n[    8.463062] scsi 5:5:1:1: scsi scan: INQUIRY result too short (5), using 36\r\n[    8.465127] scsi 4:6:1:0: scsi scan: INQUIRY result too short (5), using 36\r\n[    8.471651] scsi 5:6:0:0: scsi scan: INQUIRY result too short (5), using 36\r\n[    8.473874] scsi 5:6:0:1: scsi scan: INQUIRY result too short (5), using 36\r\n[    8.475759] scsi 4:6:1:1: scsi scan: INQUIRY result too short (5), using 36\r\n[    8.477880] scsi 5:6:1:0: scsi scan: INQUIRY result too short (5), using 36\r\n[    8.480135] scsi 5:6:1:1: scsi scan: INQUIRY result too short (5), using 36\r\n[    8.482033] scsi 4:7:0:0: scsi scan: INQUIRY result too short (5), using 36\r\n[    8.484518] scsi 5:7:0:0: scsi scan: INQUIRY result too short (5), using 36\r\n[    8.486389] scsi 4:7:0:1: scsi scan: INQUIRY result too short (5), using 36\r\n[    8.488514] scsi 5:7:0:1: scsi scan: INQUIRY result too short (5), using 36\r\n[    8.490377] scsi 4:7:1:0: scsi scan: INQUIRY result too short (5), using 36\r\n[    8.492267] scsi 5:7:1:0: scsi scan: INQUIRY result too short (5), using 36\r\n[    8.494331] scsi 4:7:1:1: scsi scan: INQUIRY result too short (5), using 36\r\n[    8.496190] scsi 5:7:1:1: scsi scan: INQUIRY result too short (5), using 36\r\nBegin: Loading essential drivers ... done.\r\r\nBegin: Running /scripts/init-premount ... done.\r\r\nBegin: Mounting root file system ... Begin: Running /scripts/local-top ... done.\r\r\nBegin: Running /scripts/local-premount ... done.\r\r\n[   10.780128] EXT4-fs (sda1): mounted filesystem with ordered data mode. Opts: (null)\r\nBegin: Running /scripts/local-bottom ... done.\r\r\ndone.\r\r\nBegin: Running /scripts/init-bottom ...
[   10.970501] random: nonblocking pool is initialized\r\ndone.\r\r\n[   13.725140] systemd[1]: Inserted module 'autofs4'\r\n[   14.223393] systemd[1]: systemd 219 running in system mode. (+PAM +AUDIT +SELINUX +IMA +APPARMOR +SMACK +SYSVINIT +UTMP +LIBCRYPTSETUP +GCRYPT -GNUTLS +ACL +XZ -LZ4 -SECCOMP +BLKID -ELFUTILS +KMOD -IDN)\r\n[   14.226808] systemd[1]: Detected virtualization microsoft.\r\n[   14.227880] systemd[1]: Detected architecture x86-64.\r\n\r\r\nWelcome to \u001b[1mUbuntu 15.04\u001b[0m!\r\r\n\r\r\n[   14.320470] systemd[1]: Set hostname to <ubuntu>.\r\n[   14.347868] systemd[1]: Initializing machine ID from random generator.\r\n[   14.349282] systemd[1]: Installed transient /etc/machine-id file.\r\n-.mount\r\r\netc-machine\\x2did.mount\r\r\n[   15.256176] systemd[1]: Cannot add dependency job for unit sshd-keygen.service, ignoring: Unit sshd-keygen.service failed to load: No such file or directory.\r\n[   15.258670] systemd[1]: Cannot add dependency job for unit sshd-keygen.service, ignoring: Unit sshd-keygen.service failed to load: No such file or directory.\r\n[   15.261134] systemd[1]: Cannot add dependency job for unit display-manager.service, ignoring: Unit display-manager.service failed to load: No such file or directory.\r\n[\u001b[32m  OK  \u001b[0m]
[   15.268301] systemd[1]: Created slice Root Slice.\r\n[   15.269291] systemd[1]: Starting Root Slice.\r\nCreated slice Root Slice.\r\r\n[   15.272479] systemd[1]: Listening on Journal Audit Socket.\r\n[   15.273559] systemd[1]: Starting Journal Audit Socket.\r\n[\u001b[32m  OK  \u001b[0m] Listening on Journal Audit Socket.\r[   15.277766] systemd[1]: Reached target Swap.\r\n[   15.278668] systemd[1]: Starting Swap.\r\n[   15.279526] systemd[1]: Started Forward Password Requests to Wall Directory Watch.\r\n\r\n[\u001b[32m  OK  \u001b[0m] Reached target Swap.\r[   15.284547] systemd[1]: Starting Forward Password Requests to Wall Directory Watch.\r\n[   15.286482] systemd[1]: Listening on udev Kernel Socket.\r\n[   15.287524] systemd[1]: Starting udev Kernel Socket.\r\n\r\n[\u001b[32m  OK  \u001b[0m] Listening on udev Kernel Socket.\r\r\n[   15.293057] systemd[1]: Reached target Encrypted Volumes.\r\n[   15.294097] systemd[1]: Starting Encrypted Volumes.\r\n[\u001b[32m  OK  \u001b[0m] Reached target Encrypted Volumes.\r[   15.297463] systemd[1]: Set up automount Arbitrary Executable File Formats File System Automount Point.\r\n[   15.299098] systemd[1]: Starting Arbitrary Executable File Formats File System Automount Point.\r\n\r\n[\u001b[32m  OK  \u001b[0m] Set up automount Arbitrary Executab...ats File System Automount Point.\r[   15.306747] systemd[1]: Listening on /dev/initctl Compatibility Named Pipe.\r\n[   15.308093] systemd[1]: Starting /dev/initctl Compatibility Named Pipe.\r\n[   15.309417] systemd[1]: Listening on Delayed Shutdown Socket.\r\n[   15.310530] systemd[1]: Starting Delayed Shutdown Socket.\r\n\r\n[   15.313014] systemd[1]: Listening on Journal Socket.\r\n[   15.314032] systemd[1]: Starting Journal Socket.\r\n[\u001b[32m  OK  \u001b[0m] Listening on /dev/initctl Compatibility Named Pipe.\r\r\n[   15.320612] systemd[1]: Reached target Remote File Systems (Pre).\r\n[   15.324086] systemd[1]: Starting Remote File Systems (Pre).\r\n[\u001b[32m  OK  \u001b[0m] Listening on Delayed Shutdown Socket.\r\r\n[\u001b[32m  OK  \u001b[0m] Listening on Journal Socket.\r\r\n[[   15.336516] systemd[1]: Listening on udev Control Socket.\r\n[   15.339881] systemd[1]: Starting udev Control Socket.\r\n\u001b[32m  OK  \u001b[0m] Reached target Remote File Systems (Pre).\r[   15.349776] systemd[1]: Created slice User and Session Slice.\r\n\r\n[\u001b[32m  OK  \u001b[0m] Listening on udev Control Socket.\r[   15.356458] systemd[1]: Starting User and Session Slice.\r\n\r\n[   15.364120] systemd[1]: Listening on Journal Socket (/dev/log).\r\n[   15.364138] systemd[1]: Starting Journal Socket (/dev/log).\r\n[   15.376867] systemd[1]: Created slice System Slice.\r\n[\u001b[32m  OK  \u001b[0m] Created slice User and Session Slice.\r\r\n[\u001b[32m  OK  \u001b[0m] Listening on Journal Socket (/dev/log).\r[   15.384558] systemd[1]: Starting System Slice.\r\n\r\n[\u001b[32m  OK  \u001b[0m] Created slice System Slice.\r\r\n[   15.416873] systemd[1]: Starting Load Kernel Modules...\r\n         Starting Load Kernel Modules...[   15.424728] systemd[1]: Mounting Huge Pages File System...\r\n\r\r\n         Mounting Huge Pages File System...[   15.438239] systemd[1]: Starting Uncomplicated firewall...\r\n\r\r\n[   15.446379] systemd[1]: Started Read required files in advance.\r\n         Starting Uncomplicated firewall...\r\r\n[   15.454785] systemd[1]: Mounting Debug File System...\r\n         Mounting Debug File System...\r\r\n[   15.465252] systemd[1]: Starting Nameserver information manager...\r\n[   15.470795] systemd[1]: Created slice system-getty.slice.\r\n[   15.473922] systemd[1]: Starting system-getty.slice.\r\n         Starting Nameserver information manager...\r\r\n[\u001b[32m  OK  \u001b[0m] Created slice system-getty.slice.\r[   15.482662] systemd[1]: Starting udev Coldplug all Devices...\r\n\r\n[   15.496675] systemd[1]: Starting Remount Root and Kernel File Systems...\r\n         Starting udev Coldplug all Devices...\r\r\n         Starting Remount Root and Kernel File Systems...\r\r\n[   15.516965] systemd[1]: Created slice system-serial\\x2dgetty.slice.\r\n[   15.519934] systemd[1]: Starting system-serial\\x2dgetty.slice.\r\n[\u001b[32m  OK  \u001b[0m] Created slice system-serial\\x2dgetty.slice.\r\r\n[   15.530620] systemd[1]: Starting Create list of required static device nodes for the current kernel...\r\n         Starting Create list of required st... nodes for the current kernel...[   15.542686] systemd[1]: Starting Increase datagram queue length...\r\n\r\r\n         Starting Increase datagram queue length...\r\r\n[   15.555768] systemd[1]: Started Set Up Additional Binary Formats.\r\n[   15.560964] systemd[1]: Starting Setup Virtual Console...\r\n[   15.565938] systemd[1]: Reached target Slices.\r\n[   15.569675] systemd[1]: Starting Slices.\r\n         Starting Setup Virtual Console...\r\r\n[\u001b[32m  OK  \u001b[0m] Reached target Slices.\r[   15.577901] systemd[1]: Mounting POSIX Message Queue File System...\r\n\r\n[   15.588870] EXT4-fs (sda1): re-mounted. Opts: discard\r\n[   15.599649] systemd[1]: Mounted POSIX Message Queue File System.\r\n         Mounting POSIX Message Queue File System...\r[   15.605960] systemd[1]: Mounted Debug File System.\r\n\r\n[\u001b[32m  OK  \u001b[0m] Mounted POSIX Message Queue File System.\r\r\n[   15.615500] systemd[1]: Mounted Huge Pages File System.\r\n[\u001b[32m  OK  \u001b[0m] Mounted Debug File System.\r\r\n[   15.625319] systemd[1]: Started Load Kernel Modules.\r\n[\u001b[32m  OK  \u001b[0m] Mounted Huge Pages File System.\r\r\n[   15.638698] systemd[1]: Started Uncomplicated firewall.\r\n[\u001b[32m  OK  \u001b[0m] Started Load Kernel Modules.\r\r\n[   15.656185] systemd[1]: Started Remount Root and Kernel File Systems.\r\n[\u001b[32m  OK  \u001b[0m] Started Uncomplicated firewall.\r[   15.667588] systemd[1]: Started Create list of required static device nodes for the current kernel.\r\n\r\n[   15.681432] systemd[1]: Started Increase datagram queue length.\r\ndev-mqueue.mount\r\r\n[   15.690095] systemd[1]: Started Nameserver information manager.\r\n[\u001b[32m  OK  \u001b[0m] Started Remount Root and Kernel File Systems.\r[   15.700605] systemd[1]: Started udev Coldplug all Devices.\r\n\r\n[\u001b[32m  OK  \u001b[0m] Started Create list of required sta...ce nodes for the current kernel.\r\r\n[\u001b[32m  OK  \u001b[0m] Started Increase datagram queue length.\r\r\n[\u001b[32m  OK  \u001b[0m] Started Namesrver information manager.\r\r\n[   15.726662] systemd[1]: Started Setup Virtual Console.\r\nsys-kernel-debug.mount\r\r\n[\u001b[32m  OK  \u001b[0m] Started udev Coldplug all Devices.\r\r\n[\u001b[32m  OK  \u001b[0m] Started Setup Virtual Console.\r\r\ndev-hugepages.mount\r\r\n[   15.789851] systemd[1]: Starting udev Wait for Complete Device Initialization...\r\nsystemd-modules-load.service\r[   15.800442] systemd[1]: Listening on Syslog Socket.\r\n[   15.803243] systemd[1]: Starting Syslog Socket.\r\n\r\nufw.service\r\r\n[   15.814307] systemd[1]: Starting Journal Service...\r\n         Starting udev Wait for Complete Device Initialization...\r[   15.823658] systemd[1]: Starting Create Static Device Nodes in /dev...\r\n\r\n[\u001b[32m  OK  \u001b[0m] Listening on Syslog Socket.\r\r\n         Starting Journal Service...\r\r\n         Starting Create Static Device Nodes in /dev...\r\r\nsystemd-remount-fs.service\r\r\nkmod-static-nodes.service\r\r\nsystemd-setup-dgram-qlen.servic\r\r\nresolvconf.service\r\r\nsystemd-udev-trigger.service\r\r\nsystemd-vconsole-setup.service\r\r\n[   16.017506] systemd[1]: Starting Various fixups to make systemd work better on Debian...\r\n         Starting Various fixups to make systemd work better on Debian...\r[   16.028066] systemd[1]: Starting Load/Save Random Seed...\r\n\r\n         Starting Load/Save Random Seed...\r\r\n[   16.108737] systemd[1]: Started Rebuild Hardware Database.\r\n[   16.112422] systemd[1]: Mounted Configuration File System.\r\n[   16.116544] systemd[1]: Mounting FUSE Control File System...\r\n         Mounting FUSE Control File System...\r\r\n[   16.130876] systemd[1]: Starting Apply Kernel Variables...\r\n         Starting Apply Kernel Variables...\r\r\n[   16.149222] systemd[1]: Mounted FUSE Control File System.\r\n[\u001b[32m  OK  \u001b[0m] Mounted FUSE Control File System.\r\r\nsys-fs-fuse-connections.mount\r\r\n[\u001b[32m  OK  \u001b[0m] Started Apply Kernel Variables.\r\r\n[\u001b[32m  OK  \u001b[0m] Started Load/Save Random Seed.\r\r\nsystemd-sysctl.service\r\r\n[\u001b[32m  OK  \u001b[0m] Started Create Static Device Nodes in /dev.\r\r\n         Starting udev Kernel Device Manager...\r\r\nsystemd-random-seed.service\r\r\nsystemd-tmpfiles-setup-dev.service\r\r\n[\u001b[32m  OK  \u001b[0m] Started Various fixups to make systemd work better on Debian.\r\r\ndebian-fixup.service\r\r\n[\u001b[32m  OK  \u001b[0m] Started Journal Service.\r\r\n         Starting Flush Journal to Persistent Storage...\r\r\nsystemd-journald.service\r\r\n[\u001b[32m  OK  \u001b[0m] Started Flush Journal to Persistent Storage.\r\r\nsystemd-journal-flush.service\r\r\n[\u001b[32m  OK  \u001b[0m] Started udev Kernel Device Manager.\r\r\n[\u001b[32m  OK  \u001b[0m] Reached target Paths.\r\r\nsystemd-udevd.service\r\r\n[\u001b[32m  OK  \u001b[0m] Created slice system-ifup.slice.\r\r\n[   17.174154] piix4_smbus 0000:00:07.3: SMBus base address uninitialized - upgrade BIOS or use force_addr=0xaddr\r\n[\u001b[32m  OK  \u001b[0m] Found device /dev/ttyS0.\r\r\n[\u001b[32m  OK  \u001b[0m] Started udev Wait for Complete Device Initialization.\r\r\n         Starting Copy rules generated while the root was ro...\r\r\n[\u001b[32m  OK  \u001b[0m] Reached target Local File Systems (Pre).\r\r\nsystemd-udev-settle.service\r\r\n         Mounting /etc/network/interfaces.dynamic.d...\r\r\n[\u001b[32m  OK  \u001b[0m] Mounted /etc/network/interfaces.dynamic.d.\r\r\n[\u001b[32m  OK  \u001b[0m] Started Copy rules generated while the root was ro.\r\r\n[\u001b[32m  OK  \u001b[0m] Reached target Local File Systems.\r\r\n         Starting Wait for all \"auto\" /etc/n... up for network-online.target...\r\r\n         Starting Commit a transient machine-id on disk...\r\r\n         Starting Tell Plymouth To Write Out Runtime Data...\r\r\n         Starting Create Volatile Files and Directories...\r\r\n[\u001b[32m  OK  \u001b[0m] Reached target Remote File Systems.\r\r\n         Starting Set console keymap...\r\r\n         Starting LSB: AppArmorinitialization...\r\r\n[\u001b[32m  OK  \u001b[0m] Started Commit a transient machine-id on disk.\r\r\n[\u001b[32m  OK  \u001b[0m] Started Create Volatile Files and Directories\r\r\netc-network-interfaces.dynamic.d.mount\r\r\n         Starting Network Time Synchronization...\r\r\n         Starting Update UTMP about System Boot/Shutdown...\r\r\n[\u001b[32m  OK  \u001b[0m] Started Update UTMP about System Boot/Shutdown.\r\r\nudev-finish.service\r\r\nsystemd-machine-id-commit.service\r\r\n[\u001b[32m  OK  \u001b[0m] Started Network Time Synchronization.\r\r\n[\u001b[32m  OK  \u001b[0m] Reached target System Time Synchronized.\r\r\n[\u001b[32m  OK  \u001b[0m] Started Tell Plymouth To Write Out Runtime Data.\r\r\nsystemd-tmpfiles-setup.service\r\r\nsystemd-update-utmp.service\r\r\nsystemd-timesyncd.service\r\r\n[\u001b[32m  OK  \u001b[0m] Started Set console keymap.\r\r\n[\u001b[32m  OK  \u001b[0m] Started LSB: AppArmor initialization.\r\r\n[\u001b[32m  OK  \u001b[0m] Started ifup for eth0.\r\r\n         Starting ifup for eth0...\r\r\n         Starting LSB: Raise network interfaces....\r\r\napparmor.service\r\r\nifup@eth0.service\r\r\n[\u001b[32m  OK  \u001b[0m] Started LSB: Raise network interfaces..\r\r\n[\u001b[32m  OK  \u001b[0m] Reached target Network.\r\r\n[\u001b[32m  OK  \u001b[0m] Reached target System Initialization.\r\r\n[\u001b[32m  OK  \u001b[0m] Listening on UUID daemon activation socket.\r\r\n         Starting Seed the pseudo random numbergenerator on first boot...\r\r\n[\u001b[32m  OK  \u001b[0m] Listening on ACPID Listen Socket.\r\r\n[\u001b[32m  OK  \u001b[0m] Listening on D-Bus System Message Bus Socket.\r\r\n[\u001b[32m  OK  \u001b[0m] Reached target Sockets.\r\r\n[\u001b[32m  OK  \u001b[0m] Reached target Basic System.\r\r\n         Starting Restore /etc/resolv.conf i...e the ppp link ws shut down....\r\r\n         Starting LSB: Starts the Micro Name Service Cache Daemon...\r\r\n         Starting /etc/rc.local Compatibility...\r\r\n         Starting LSB: daemon to balance interrupts for SMP systems...\r\r\n         Starting LSB: Set the CPU Frequency Scaling governor to \"ondemand\"...\r\r\n[\u001b[32m  OK  \u001b[0m] Started Deferred execution scheduler.\r\r\n         Starting Deferred execution scheduler...\r\r\n         Starting LSB: Landscape client daemons...\r\r\n         Starting LSB: Record successful boot for GRUB...\r\r\n         Starting Initial cloudinit job (pre-networking)...\r\r\n         Starting System Logging Service...\r\r\n[\u001b[32m  OK  \u001b[0m] Started Hyper-V KVP Protocol aemon.\r\r\n         Starting Hyper-V KVP Protocol Daemon...\r\r\n         Starting Login Service...\r\r\n[\u001b[32m  OK  \u001b[0m] Started Hyper-V File Copy Protocol Daemon.\r\r\n         Starting Hyper-V File Copy Protocol Daemon...\r\r\nnetworking.service\r\r\n[\u001b[32m  OK  \u001b[0m] Started Hyper-V VSS Protocol Daemon.\r\r\n         Starting Hyper-V VSS Protocol Daemon...\r\r\n         Starting D-Bus System Message Bus...\r\r\n[\u001b[32m  OK  \u001b[0m] Started Regular background program processing daemon.\r\r\n         Starting Regular background program processing daemon...\r\r\n         Starting Accounts Service...\r\r\n         Starting LSB: automatic crash report generation...\r\r\n[\u001b[32m  OK  \u001b[0m] Reached target Timers.\r\r\n[\u001b[32m  OK  \u001b[0m] Started Restore /etc/resolv.conf if...ore the ppp link was shut down..\r\r\n[\u001b[32m  OK  \u001b[0m] Started /etc/rc.local Compatibility.\r\r\n[\u001b[32m  OK  \u001b[0m] Started LSB: Set the CPU Frequency Scaling governor to \"ondemand\".\r\r\n[\u001b[32m  OK  \u001b[0m] Started LSB: Landscape client daemons.\r\r\natd.service\r\r\n[\u001b[32m  OK  \u001b[0m] Started LSB: Starts the Micro Name Service Cache Daemon.\r\r\n[\u001b[32m  OK  \u001b[0m] Started LSB: automatic crash report generation.\r\r\nhv-kvp-daemon.service\r\r\nhv-fcopy-daemon.service\r\r\nhv-vss-daemon.service\r\r\ncron.service\r\r\nrc-local.service\r\r\nondemand.service\r\r\nlandscape-client.service\r\r\nunscd.service\r\r\napport.service\r\r\n[\u001b[32m  OK  \u001b[0m] Started D-Bus System Message Bus.\r\r\ndbus.service\r\r\n[\u001b[32m  OK  \u001b[0m] Started LSB: daemon to balance interrupts for SMP systems.\r\r\n[\u001b[32m  OK  \u001b[0m] Started LSB: Record successful boot for GRUB.\r\r\n[\u001b[32m  OK  \u001b[0m] Started System Logging Service.\r\r\nirqbalance.service\r\r\ngrub-common.service\r\r\nrsyslog.service\r\r\n[\u001b[32m  OK  \u001b[0m] Started Login Service.\r\r\nsystemd-logind.service\r\r\n         Starting Authenticate and Authorize Users to Run Privileged Tasks...\r\r\n[\u001b[32m  OK  \u001b[0m] Started Authenticate and Authorize Users to Run Privileged Tasks.\r\r\n[\u001b[32m  OK  \u001b[0m] Started Accounts Service.\r\r\npolkitd.service\r\r\naccounts-daemon.service\r\r\n[\u001b[32m  OK  \u001b[0m] Started Wait for all \"auto\" /etc/ne...be up for network-online.target.\r\r\n[\u001b[32m  OK  \u001b[0m] Reached target Network is Online.\r\r\nifup-wait-all-auto.service\r\r\n         Starting LSB: Cleans up any mess left by 0dns-up...\r\r\n[\u001b[32m  OK  \u001b[0m] Started LSB: Cleans up any mess left by 0dns-up.\r\r\ndns-clean.service\r\r\n[   28.249100] cloud-init[575]: Cloud-init v. 0.7.7 running 'init-local' at Fri, 13 Nov 2015 17:58:40 +0000. Up 27.83 seconds.\r\r\n[\u001b[32m  OK  \u001b[0m] Started Initial cloud-init job (pre-networking).\r\r\n         Starting Initial cloud-init job (metadata service crawler)...\r\r\ncloud-init-local.service\r\r\n[   29.464116] blk_update_request: I/O error, dev fd0, sector 0\r\n[   29.668286] blk_update_request: I/O error, dev fd0, sector 0\r\ntmp-tmpwyk5k40j.mount\r\r\n[   29.966662] cloud-init[823]: + i=eth0\r\r\n[   29.972035] cloud-init[823]: + x=0\r\r\n[   29.972681] cloud-init[823]: + ifdown eth0\r\r\n[   30.117063] cloud-init[823]: Killed old client process\r\r\n[   31.053498] cloud-init[823]: Internet Systems Consortium DHCP Client 4.3.1\r\r\n[   31.058108] cloud-init[823]: Copyright 2004-2014 Internet Systems Consortium.\r\r\n[   31.060071] cloud-init[823]: All rights reserved.\r\r\n[   31.060453] cloud-init[823]: For info, please visit https://www.isc.org/software/dhcp/\r\r\n[   31.064941] cloud-init[823]: Listening on LPF/eth0/00:0d:3a:a0:a9:4c\r\r\n[   31.065473] cloud-init[823]: Sending on   LPF/eth0/00:0d:3a:a0:a9:4c\r\r\n[   31.068060] cloud-init[823]: Sending on   Socket/fallback\r\r\n[   31.116560] cloud-init[823]: DHCPRELEASE on eth0 to 168.63.129.16 port 67 (xid=0x700d75e3)\r\r\n[   31.188111] cloud-init[823]: + ifup eth0\r\r\n[   31.217371] cloud-init[823]: Internet Systems Consortium DHCP Client 4.3.1\r\r\n[   31.223608] cloud-init[823]: Copyright 2004-2014 Internet Systems Consortium.\r\r\n[   31.224608] cloud-init[823]: All rights reserved.\r\r\n[   31.226904] cloud-init[823]: For info, please visit https://www.isc.org/software/dhcp/\r\r\n[   31.242674] cloud-init[823]: Listening on LPF/eth0/00:0d:3a:a0:a9:4c\r\r\n[   31.243847] cloud-init[823]: Sending on   LPF/eth0/00:0d:3a:a0:a9:4c\r\r\n[   31.245067] cloud-init[823]: Sending on   Socket/fallback\r\r\n[   31.245999] cloud-init[823]: DHCPDISCOVER on eth0 to 255.255.255.255 port 67 interval 3 (xid=0x66482947)\r\r\n[   31.324624] cloud-init[823]: DHCPREQUEST of 10.0.0.4 on eth0 to 255.255.255.255 port 67 (xid=0x47294866)\r\r\n[   31.324910] cloud-init[823]: DHCPOFFER of 10.0.0.4 from 168.63.129.16\r\r\n[   31.387259] cloud-init[823]: DHCPACK of 10.0.0.4 from 168.63.129.16\r\r\n[   31.489209] cloud-init[823]: bound to 10.0.0.4 -- renewal in 4294967294 seconds.\r\r\n[   31.528571] cloud-init[823]: + exit 0\r\r\n[\u001b[32m  OK  \u001b[0m] Started Windows Azure Linux Agent.\r\r\n         Starting Windows Azure Linux Agent...\r\r\nwalinuxagent.service\r\r\n2015/11/13 17:58:46 Windows Azure Linux Agent Version: WALinuxAgent-2.0.13\r\r\n2015/11/13 17:58:46 Linux Distribution Detected      : Ubuntu\r\r\n2015/11/13 17:58:46 Module /lib/modules/3.19.0-22-generic/kernel/drivers/ata/ata_piix.ko driver for ATAPI CD-ROM does not exist.\r\r\nmnt-cdrom-secure.mount\r\r\n2015/11/13 17:58:46 mount: /dev/sr0 is write-protected, mounting read-only\r\r\n2015/11/13 17:58:46 mount: /dev/sr0 mounted on /mnt/cdrom/secure.\r\r\n2015/11/13 17:58:46 mount succeeded on attempt #1\r\r\n2015/11/13 17:58:46 VMM Init script not found.  Provisioning for Azure\r\r\n2015/11/13 17:58:46 IPv4 address: 10.0.0.4\r\r\n2015/11/13 17:58:46 MAC  address: 00:0D:3A:A0:A9:4C\r\r\n2015/11/13 17:58:46 Probing for Windows Azure environment.\r\r\n2015/11/13 17:58:47 DoDhcpWork: Setting socket.timeout=10, entering recv\r\r\n2015/11/13 17:58:47 Discovered Windows Azure endpoint: 168.63.129.16\r\r\n2015/11/13 17:58:47 Fabric preferred wire protocol version: 2015-04-05\r\r\n2015/11/13 17:5:47 Negotiated wire protocol version: 2012-11-30\r\r\n2015/11/13 17:58:47 SetBlockDeviceTimeout: Update the device sda with timeout 300\r\r\n2015/11/13 17:58:47 SetBlockDeviceTimeout: Update the device sdb with timeout 300\r\r\n2015/11/13 17:58:48 Retrieved GoalState from Windows Azure Fabric.\r\r\n2015/11/13 17:58:48 ExpectedState: Started\r\r\n2015/11/13 17:58:48 ContainerId: 800df64c-14fe-4bca-a10c-0e9b95436e17\r\r\n2015/11/13 17:58:48 RoleInstanceId: d4be9ea0-c75e-43cb-bac5-da8962115687._xplatvm\r\r\n2015/11/13 17:58:48 Public cert with thumbprint: 1CFC1AB82C3A82A7CF23F392FCC9EF49F2607B0C was retrieved.\r\r\n[   36.260126] blk_update_request: I/O error, dev fd0, sector 0\r\n[   36.608116] blk_update_request: I/O error, dev fd0, sector 0\r\n[   36.636134] blk_update_request: I/O error, dev fd0, sector 0\r\n[   36.668119] blk_update_request: I/O error, dev fd0, sector 0\r\ntmp-tmp9yssl72v.mount\r\r\n[\u001b[1;31mFAILED\u001b[0m] Failed to start Seed the pseudo random number generator on first boot.\r\r\nSee \"systemctl status pollinate.service\" for details.\r\r\n[   44.065913] cloud-init[823]:
Nov 13 17:58:56 ubuntu pollinate[1112]: ERROR: Network communication failed [60]\\n17:58:55.426388 * Hostname was NOT found in DNS cache\r\r\n[   44.066277] cloud-init[823]: % Total    % Received % Xferd  Average Speed   Time    Time     Time  Current\r\r\n[   44.066539] cloud-init[823]: Dload  Upload   Total   Spent    Left  Speed\r\r\n[   44.066794] loud-init[823]: 0     0    0     0    0     0      0      0 --:--:-- --:--:-- --:--:--     017:58:55.431096 *   Trying 91.189.94.24...\r\r\n[   44.067043] cloud-init[823]: 17:58:55.735043 * Connected to entropy.ubuntu.com (91.189.94.24) port 443 (#0)\r\r\n[   44.067295] cloud-init[823]: 17:58:55.736063 * successfully set certificate verify locations:\r\r\n[   44.067544] cloud-init[823]: 17:58:55.736118 *   CAfile: /etc/pollinate/entropy.ubuntu.com.pem\r\r\n[   44.067792] cloud-init[823]: CApath: /dev/null\r\r\n[   44.073394] cloud-init[823]: 17:58:55.736267 * SSLv3, TLS handshake, Client hello (1):\r\r\n[   44.073901] cloud-init[823]: 17:58:55.736308 } [data not shown]\r\r\n[   44.074644] cloud-init[8217:58:56.058767 * SSLv3, TLS handshake, Server hello (2):\r\r\n[   44.076065] cloud-init[823]: 17:58:56.058847 { [data not shown]\r\r\n[   44.076501] cloud-init[823]: 17:58:56.058945 * SSLv3, TLS handshake, CERT (11):\r\r\n[   44.077096] cloud-init[823]: 17:58:56.058985 { [data not shown]\r\r\n[   44.078755] cloud-init[823]: 17:58:56.059444 * SSLv3, TLS alert, Server hello (2):\r\r\n[   44.079182] cloud-init[823]: 17:58:56.059487 } [data not shown]\r\r\n[   44.080338] cloud-init[823]: 17:58:56.059598 * SSL certificate problem: unable to get local issuer certificate\r\r\n[   44.080755] cloud-init[823]: 17:58:56.059648 * Closing connection 0\r\r\n[   44.081158] cloud-init[823]: curl: (6ertificate problem: unable to get local issuer certificate\r\r\n[   44.084825] cloud-init[823]: More details here: http://curl.haxx.se/docs/sslcerts.html\r\r\n[   44.085390] cloud-init[823]: curl performs SSL certificate verification by default, using a \"bundle\"\r\r\n[   44.085774] cloud-init[823]: of Certificate Authority (CA) public keys (CA certs). If the default\r\r\n[   44.086132] cloud-init[823]: bundle file isn't adequate, you can specify an alternate file\r\r\n[   44.086486] cloud-init[823]: using the --cacert option.\r\r\n[   44.086837] cloud-init[823]: If this HTTPS server uses a certificate signed by a CA represented in\r\r\n[   44.087187] cloud-init[823]: the bundle, the certificate verification probably failed due to a\r\r\n[   44.087534] cloud-init[823]: problem with the certificate (it might be expired, or the name might\r\r\n[   44.087882] cloud-init[823]: not match the domain name in the URL).\r\r\n[   44.088283] cloud-init[823]: If you'd like to turn off curl's verification of the certificate, use\r\r\n[   44.088642] cloud-init[823]: the -k (or --insecure) option.\r\r\n[   44.093762] cloud-init[823]: Cloud-init v. 0.7.7 running 'init' at Fri, 13 Nov 2015 17:58:41 +0000. Up 28.93 seconds.\r\r\n[   44.094140] cloud-init[823]: ci-info: ++++++++++++++++++++++++++++++++++++++Net device info++++++++++++++++++++++++++++++++++++++\r\r\n[   44.094498] cloud-init[823]: ci-info: +--------+------+-----------------------------+---------------+-------+-------------------+\r\r\n[   44.094848] cloud-init[823]: ci-info: | Device |  Up  |           Address           |      Mask     | Scope |     Hw-Address    |\r\r\n[   44.095195] cloud-init[823]: ci-info: +--------+------+-----------------------------+---------------+-------+-------------------+\r\r\n[   44.095622] cloud-init[823]: ci-info: |  eth0  | True |           10.0.0.4          | 255.255.255.0 |   .   | 00:0d:3a:a0:a9:4c |\r\r\n[   44.095979] cloud-init[823]: ci-info: |  eth0  | True | fe80::20d:3aff:fea0:a94c/64 |       .       |  link | 00:0d:3a:a0:a9:4c |\r\r\n[   44.100240] cloud-init[823]: ci-info: |   lo   | True |          127.0.0.1          |   255.0.0.0   |   .   |         .         |\r\r\n[   44.100662] cloud-init[823]: ci-info: |   lo   | True |           ::1/128           |       .       |  host |         .         |\r\r\n[   44.101029] cloud-init[823]: ci-info: +--------+------+-----------------------------+---------------+-------+-------------------+\r\r\n[   44.101378] cloud-init[823]: ci-info: +++++++++++++++++++++++++++++Route IPv4 info++++++++++++++++++++++++++++++\r\r\n[   44.101722] cloud-init[823]: ci-info: +-------+---------------+----------+-----------------+-----------+-------+\r\r\n[   44.102063] cloud-init[823]: ci-info: | Route |  Destination  | Gateway  |     Genmask     | Interface | Flags |\r\r\n[   44.102405] cloud-init[823]: ci-info: +-------+---------------+----------+-----------------+-----------+-------+\r\r\n[   44.102746] cloud-init[823]: ci-info: |   0   |    0.0.0.0    | 10.0.0.1 |     0.0.0.0     |    eth0   |   UG  |\r\r\n[   44.103086] cloud-init[823]: ci-info: |   1   |    10.0.0.0   | 0.0.0.0  |  255.255.255.0  |    eth0   |   U   |\r\r\n[   44.103429] cloud-init[823]: ci-info: |   2   | 168.63.129.16 | 10.0.0.1 | 255.255.255.255 |    eth0   |  UGH  |\r\r\n[   44.103775] cloud-init[823]: ci-info: +-------+---------------+----------+-----------------+-----------+-------+\r\r\n[   44.104173] cloud-init[823]: 2015-11-13 17:58:56,650 - util.py[WARNING]: Running module seed_random (<module 'cloudinit.config.cc_seed_random' from '/usr/lib/python3/dist-packages/cloudinit/config/cc_seed_random.py'>) failed\r\r\n\u0000\u0000\u0000\u0000\u0000\u0000\u0000\u0000\u0000\u0000\u0000\u0000\u0000\u0000\u0000\u0000\u0000\u0000\u0000\u0000\u0000\u0000\u0000\u0000\u0000\u0000\u0000\u0000\u0000\u0000\u0000\u0000\u0000\u0000\u0000\u0000\u0000\u0000\u0000\u0000\u0000\u0000\u0000\u0000\u0000\u0000\u0000\u0000\u0000\u0000\u0000\u0000\u0000\u0000\u0000\u0000\u0000\u0000\u0000\u0000\u0000\u0000\u0000\u0000\u0000\u0000\u0000\u0000\u0000\u0000\u0000\u0000\u0000\u0000\u0000\u0000\u0000\u0000\u0000\u0000\u0000\u0000\u0000\u0000\u0000\u0000\u0000\u0000\u0000\u0000\u0000\u0000\u0000\u0000\u0000\u0000\u0000\u0000\u0000\u0000\u0000\u0000\u0000\u0000\u0000\u0000\u0000\u0000\u0000\u0000\u0000\u0000\u0000\u0000\u0000\u0000\u0000\u0000\u0000\u0000\u0000\u0000\u0000\u0000\u0000\u0000\u0000\u0000\u0000\u0000\u0000\u0000\u0000\u0000\u0000\u0000\u0000\u0000\u0000\u0000\u0000\u0000\u0000\u0000\u0000\u0000\u0000\u0000\u0000\u0000\u0000\u0000\u0000\u0000\u0000\u0000\u0000\u0000\u0000\u0000\u0000\u0000\u0000\u0000\u0000\u0000\u0000\u0000\u0000\u0000\u0000\u0000\u0000\u0000\u0000\u0000\u0000\u0000\u0000\u0000\u0000\u0000\u0000\u0000\u0000\u0000\u0000\u0000\u0000\u0000\u0000\u0000\u0000\u0000\u0000\u0000\u0000\u0000\u0000\u0000\u0000\u0000\u0000\u0000\u0000\u0000\u0000\u0000\u0000\u0000\u0000\u0000\u0000\u0000\u0000\u0000\u0000\u0000\u0000\u0000\u0000\u0000\u0000\u0000\u0000\u0000\u0000\u0000\u0000\u0000\u0000\u0000\u0000\u0000\u0000\u0000\u0000\u0000\u0000\u0000\u0000\u0000\u0000\u0000\u0000\u0000\u0000\u0000\u0000\u0000\u0000\u0000\u0000\u0000\u0000\u0000\u0000\u0000\u0000\u0000\u0000\u0000\u0000\u0000\u0000\u0000\u0000\u0000\u0000\u0000\u0000\u0000\u0000\u0000\u0000\u0000\u0000\u0000\u0000\u0000\u0000\u0000\u0000\u0000\u0000\u0000\u0000\u0000\u0000\u0000\u0000\u0000\u0000\u0000\u0000\u0000\u0000\u0000\u0000\u0000\u0000\u0000\u0000\u0000\u0000\u0000\u0000\u0000\u0000\u0000\u0000\u0000\u0000\u0000\u0000\u0000\u0000\u0000\u0000\u0000\u0000\u0000\u0000\u0000\u0000\u0000\u0000\u0000015/11/13 17:58:58 ERROR:Can't find host key: /etc/ssh/ssh_host_rsa_key.pub\r\r\n015/11/13 17:58:58 ERROR:Can't find host key: /etc/ssh/ssh_host_rsa_key.pub\r\r\n[   48.138582] cloud-init[823]: Generating public/private rsa key pair.\r\r\n[   48.138952] cloud-init[823]: Your identification has been saved in /etc/ssh/ssh_host_rsa_key.\r\r\n[   48.139227] cloud-init[823]: Your public key has been saved in /etc/ssh/ssh_host_rsa_key.pub.\r\r\n[   48.139477] cloud-init[823]: The key fingerprint is:\r\r\n[   48.139726] cloud-init[823]: c1:54:22:fb:cd:73:68:46:0a:d0:04:76:b6:ab:39:a9 root@xplatvm\r\r\n[   48.139971] cloud-init[823]: The key's randomart image is:\r\r\n[   48.151989] cloud-init[823]: +---[RSA 2048]----+\r\r\n[   48.152452] cloud-init[823]: |    ++= o..      |\r\r\n[   48.152820] cloud-init[823]: |   . +.* .       |\r\r\n[   48.153184] cloud-init[823]: |      + o .      |\r\r\n[   48.153771] cloud-init[823]: |       + * .     |\r\r\n[   48.156593] cloud-init[823]: |      . S B .    |\r\r\n[   48.157140] cloud-init[823]: |     +   o o     |\r\r\n[   48.157759] cloud-init[823]: |    =            |\r\r\n[   48.158222] cloud-init[823]: |   . .           |\r\r\n[   48.158859] cloud-init[823]: |  E              |\r\r\n[   48.159361] cloud-init[823]: +-----------------+\r\r\n[   48.698091] cloud-init[823]: Generating public/private dsa key pair.\r\r\n[   48.698473] cloud-init[823]: Your identification has been saved in /etc/ssh/ssh_host_dsa_key.\r\r\n[   48.698738] cloud-init[823]: Your public key has been saved in /etc/ssh/ssh_host_dsa_key.pub.\r\r\n[   48.698990] cloud-init[823]: The key fingerprint is:\r\r\n[   48.699303] cloud-init[823]: c3:be:f9:22:a3:7d:f8:b2:cb:61:36:10:d1:54:3f:a2 root@xplatvm\r\r\n[   48.699576] cloud-init[823]: The key's randomart image is:\r\r\n[   48.699824] cloud-init[823]: +---[DSA 1024]----+\r\r\n[   48.706983] cloud-init[823]: |    .o...        |\r\r\n[   48.707538] cloud-init[823]: |     ..  .       |\r\r\n[   48.708075] cloud-init[823]: |    .   . o      |\r\r\n[   48.712621] cloud-init[823]: |     . o . .     |\r\r\n[   48.713123] cloud-init[823]: |    . E S        |\r\r\n[   48.713503] cloud-init[823]: |     . . .       |\r\r\n[   48.717998] cloud-init[823]: |      =..        |\r\r\n[   48.718502] cloud-init[823]: |     ==ooo       |\r\r\n[   48.719011] cloud-init[823]: |    ..=O+o.      |\r\r\n[   48.719411] cloud-init[823]: +-----------------+\r\r\n[   48.731221] cloud-init[823]: Generating public/private ecdsa key pair.\r\r\n[   48.732915] cloud-init[823]: Your identification has been saved in /etc/ssh/ssh_host_ecdsa_key.\r\r\n[   48.733405] cloud-init[823]: Your public key has been saved in /etc/ssh/ssh_host_ecdsa_key.pub.\r\r\n[   48.733785] cloud-init[823]: The key fingerprint is:\r\r\n[   48.734212] cloud-init[823]: 47:a7:a1:38:c4:79:49:73:1a:9c:bb:ff:8e:9e:cc:a9 root@xplatvm\r\r\n[   48.734607] cloud-init[823]: The key's randomart image is:\r\r\n[   48.735170] cloud-init[823]: +---[ECDSA 256]---+\r\r\n[   48.736055] cloud-init[823]: |       .+..      |\r\r\n[   48.737995] cloud-init[823]: |     . oo*       |\r\r\n[   48.738466] cloud-init[823]: |      + +.o .    |\r\r\n[   48.738841] cloud-init[823]: |     . o.o +     |\r\r\n[   48.742491] cloud-init[823]: |      o S.o      |\r\r\n[   48.743252] cloud-init[823]: |       ...       |\r\r\n[   48.743694] cloud-init[823]: |         .       |\r\r\n[   48.748054] cloud-init[823]: |         o.+     |\r\r\n[   48.749268] cloud-init[823]: |        EoBoo    |\r\r\n[   48.749734] cloud-init[823]: +-----------------+\r\r\n[\u001b[1;31mFAILED\u001b[0m] Failed to start Initial cloud-init job (metadata service crawler).\r\r\nSee \"systemctl status cloud-init.service\" for details.\r\r\n[\u001b[32m  OK  \u001b[0m] Reached target Cloud-config availability.\r\r\n         Starting Apply the settings specified in cloud-config...\r\r\n[\u001b[32m  OK  \u001b[0m] Started OpenBSD Secure Shell server.\r\r\n         Starting OpenBSD Secure Shell server...\r\r\n         Starting Permit User Sessions...\r\r\n[\u001b[32m  OK  \u001b[0m] Started Permit User Sessions.\r\r\n         Starting Wait for Plymouth Boot Screen to Quit...\r\r\n         Starting Terminate Plymouth Boot Screen...\r\r\nssh.service\r\r\nsystemd-user-sessions.service\r\r\n[\u001b[32m  OK  \u001b[0m] Started Terminate Plymouth Boot Screen.\r\n[\u001b[32m  OK  \u001b[0m] Started Wait for Plymouth Boot Screen to Quit.\r\n[\u001b[32m  OK  \u001b[0m] Started Serial Getty on ttyS0.\r\n         Starting Serial Getty on ttyS0...\r\n[\u001b[32m  OK  \u001b[0m] Started Getty on tty1.\r\n         Starting Getty on tty1...\r\n[\u001b[32m  OK  \u001b[0m] Reached target Login Prompts.\r\n2015/11/13 17:59:02 ERROR:CalledProcessError.  Error Code is 1\r\n2015/11/13 17:59:02 ERROR:CalledProcessError.  Command string was pidof  dhclient\r\n2015/11/13 17:59:02 ERROR:CalledProcessError.  Command result was \r\n2015/11/13 17:59:03 Finished processing ExtensionsConfig.xml\r\n[   54.363673] cloud-init[1219]: Generating locales...\r\n[   54.505363] cloud-init[1219]: en_US.UTF-8... up-to-date\r\n[   54.521474] cloud-init[1219]: Generation complete.\r\n2015/11/13 17:59:07 ERROR:CalledProcessError.  Error Code is 1\r\n2015/11/13 17:59:07 ERROR:CalledProcessError.  Command string was pidof  dhclient\r\n2015/11/13 17:59:07 ERROR:CalledProcessError.  Command result was \r\n\r\r\nUbuntu 15.04 xplatvm ttyS0\r\n\r\nxplatvm login:
[   58.110004] cloud-init[1219]: Cloud-init v. 0.7.7 running 'modules:config' at Fri, 13 Nov 2015 17:59:02 +0000. Up 49.62 seconds.\r\nci-info: ++Authorized keys from /home/azureuser/.ssh/authorized_keys for user azureuser+++\r\nci-info: +---------+-------------------------------------------------+---------+---------+\r\nci-info: | Keytype |                Fingerprint (     | Options | Comment |\r\nci-info: +---------+-------------------------------------------------+---------+---------+\r\nci-info: | ssh-rsa | 8f:df:8f:18:ba:cd:cc:63:7c:1f:ea:ae:ba:09:40:65 |    -    |    -    |\r\nci-info: +---------+-------------------------------------------------+---------+---------+\r\nec2: \r\nec2: #############################################################\r\nec2: -----BEGIN SSH HOST KEY FINGERPRINTS-----\r\nec2: 1024 c3:be:f9:22:a3:7d:f8:b2:cb:61:36:10:d1:54:3f:a2 /etc/ssh/ssh_host_dsa_key.pub (DSA)\r\nec2: 256 47:a7:a1:38:c4:79:49:73:1a:9c:bb:ff:8e:9e:cc:a9 /etc/ssh/ssh_host_ecdsa_key.pub (ECDSA)\r\nec2: 2048 c1:54:22:fb:cd:73:68:46:0a:d0:04:76:b6:ab:39:a9 /etc/ssh/ssh_host_rsa_key.pub (RSA)\r\nec2: -----END SSH HOST KEY FINGERPRINTS-----\r\nec2: #############################################################\r\n-----BEGIN SSH HOST KEY KEYS-----\r\necdsa-sha2-nistp256 AAAAE2VjZHNhLXNoYTItbmlzdHAyNTYAAAAIbmlzdHAyNTYAAABBBIPMbrXsjwu1Dw6xeXHMRlCyZD2J2ZGion09MSkKnYNNKrkgjAAPKoRlWtIGlSWrejhD7sgC2Y56DFktP63tZAY= root@xplatvm\r\nssh-rsa AAAAB3NzaC1yc2EAAAADAQABAAABAQC24DE/U2zzUhUBoPbma2WOJHnC3zuvnACJh74kDX7H2GAc1Jw0ikCqxsTNMUwNY5O1Vo9u+A9FS1pTWNiq4iLqCH6oX0I/Ne9QFWjz8fkD20Zhio2j3eEmVt+0FR2C3oIAXtP+uGJY21Wb6rm00X8e6Y8yg2yNlZUdGLvuxZHiPTeyR3u1lLfoMEEHzkcD2Dg3jNAHn6Sw4GH6JF0AZ6EzH9D96B5tTVx1w3K31lGilWphXfy73lkABbRq9xGW6uqFuOZ6B7RZoyCVyj15fDE5ogt1nz5ODYgD6+gYL0iGcxpalWV4O0SqzSs0+s8uHWh2aIJf+eUvjL0WMaKHmEcN root@xplatvm\r\n-----END SSH HOST KEY KEYS-----\r\n[   59.051987] cloud-init[1339]: Cloud-init v. 0.7.7 running 'modules:final' at Fri, 13 Nov 2015 17:59:11 +0000. Up 58.64 seconds.\r\n[   59.068604] cloud-init[1339]: Cloud-init v. 0.7.7 finished at Fri, 13 Nov 2015 17:59:11 +0000. Datasource DataSourceAzureNet [seed=/dev/sr0].  Up 59.03 seconds\r\n2015/11/13 17:59:12 ERROR:CalledProcessError.  Error Code is 1\r\n2015/11/13 17:59:12 ERROR:CalledProcessError.  Command string was pidof  dhclient\r\n2015/11/13 17:59:12 ERROR:CalledProcessError.  Command result was \r\n2015/11/13 17:59:17 ERROR:CalledProcessError.  Error Code is 1\r\n2015/11/13 17:59:17 ERROR:CalledProcessError.  Command string was pidof  dhclient\r\n2015/11/13 17:59:17 ERROR:CalledProcessError.  Command result was \r\n2015/11/13 17:59:22 ERROR:CalledProcessError.  Error Code is 1\r\n2015/11/13 17:59:22 ERROR:CalledProcessError.  Command string was pidof  dhclient\r\n2015/11/13 17:59:22 ERROR:CalledProcessError.  Command result was \r\n2015/11/13 17:59:27 ERROR:CalledProcessError.  Error Code is 1\r\n2015/11/13 17:59:27 ERROR:CalledProcessError.  Command string was pidof  dhclient\r\n2015/11/13 17:59:27 ERROR:CalledProcessError.  Command result was \r\n2015/11/13 17:59:32 ERROR:CalledProcessError.  Error Code is 1\r\n2015/11/13 17:59:32 ERROR:CalledProcessError.  Command string was pidof  dhclient\r\n2015/11/13 17:59:32 ERROR:CalledProcessError.  Command result was \r\n2015/11/13 17:59:37 ERROR:CalledProcessError.  Error Code is 1\r\n2015/11/13 17:59:37 ERROR:CalledProcessError.  Command string was pidof  dhclient\r\n2015/11/13 17:59:37 ERROR:CalledProcessError.  Command result was \r\n2015/11/13 17:59:42 ERROR:CalledProcessError.  Error Code is 1\r\n2015/11/13 17:59:42 ERROR:CalledProcessError.  Command string was pidof  dhclient\r\n2015/11/13 17:59:42 ERROR:CalledProcessError.  Command result was \r\n2015/11/13 17:59:47 ERROR:CalledProcessError.  Error Code is 1\r\n2015/11/13 17:59:47 ERROR:CalledProcessError.  Command string was pidof  dhclient\r\n2015/11/13 17:59:47 ERROR:CalledProcessError.  Command result was \r\n2015/11/13 17:59:52 ERROR:CalledProcessError.  Error Code is 1\r\n2015/11/13 17:59:52 ERROR:CalledProcessError.  Command string was pidof  dhclient\r\n2015/11/13 17:59:52 ERROR:CalledProcessError.  Command result was \r\n2015/11/13 17:59:57 ERROR:CalledProcessError.  Error Code is 1\r\n2015/11/13 17:59:57 ERROR:CalledProcessError.  Command string was pidof  dhclient\r\n2015/11/13 17:59:57 ERROR:CalledProcessError.  Command result was \r\n\u0000\u0000\u0000\u0000\u0000\u0000\u0000\u0000\u0000\u0000\u0000\u0000\u0000\u0000\u0000\u0000\u0000\u0000\u0000\u0000\u0000\u0000\u0000\u0000\u0000\u0000\u0000\u0000\u0000\u0000\u0000\u0000\u0000\u0000\u0000\u0000\u0000\u0000\u0000\u0000\u0000\u0000\u0000\u0000\u0000\u0000\u0000\u0000\u0000\u0000\u0000\u0000\u0000\u0000\u0000\u0000\u0000\u0000\u0000\u0000\u0000\u0000\u0000\u0000\u0000\u0000\u0000\u0000\u0000\u0000\u0000\u0000\u0000\u0000\u0000\u0000\u0000\u0000\u0000\u0000\u0000\u0000\u0000\u0000\u0000\u0000\u0000\u0000\u0000\u0000\u0000\u0000\u0000\u0000\u0000\u0000\u0000\u0000\u0000\u0000\u0000\u0000\u0000\u0000\u0000\u0000\u0000\u0000\u0000\u0000\u0000\u0000\u0000\u0000\u0000\u0000\u0000\u0000\u0000\u0000\u0000\u0000\u0000\u0000\u0000\u0000\u0000\u0000\u0000\u0000\u0000\u0000\u0000\u0000\u0000\u0000\u0000\u0000\u0000\u0000\u0000\u0000\u0000\u0000\u0000\u0000\u0000\u0000\u0000\u0000\u0000\u0000\u0000\u0000\u0000\u0000\u0000\u0000\u0000\u0000\u0000\u0000\u0000\u0000\u0000\u0000\u0000\u0000\u0000\u0000\u0000\u0000\u0000\u0000\u0000\u0000\u0000\u0000\u0000\u0000\u0000\u0000\u0000\u0000\u0000\u0000\u0000\u0000\u0000\u0000\u0000\u0000\u0000\u0000\u0000\u0000\u0000\u0000\u0000\u0000\u0000\u0000\u0000\u0000\u0000\u0000\u0000\u0000\u0000\u0000\u0000\u0000\u0000\u0000\u0000\u0000\u0000\u0000\u0000\u0000\u0000\u0000\u0000\u0000\u0000\u0000\u0000\u0000\u0000\u0000\u0000\u0000\u0000\u0000\u0000\u0000\u0000\u0000\u0000\u0000\u0000\u0000\u0000\u0000\u0000\u0000\u0000\u0000\u0000\u0000\u0000\u0000\u0000\u0000\u0000\u0000\u0000\u0000\u0000\u0000\u0000\u0000\u0000\u0000\u0000\u0000\u0000\u0000\u0000\u0000\u0000\u0000\u0000\u0000\u0000\u0000\u0000\u0000\u0000\u0000\u0000\u0000\u0000\u0000\u0000\u0000\u0000\u0000\u0000\u0000\u0000\u0000\u0000\u0000\u0000\u0000\u0000\u0000\u0000\u0000\u0000\u0000\u0000\u0000\u0000\u0000\u0000\u0000\u0000\u0000\u0000\u0000\u0000\u0000\u0000\u0000\u0000\u0000\u0000\u0000\u0000\u0000\u0000\u0000\u0000\u0000\u0000\u0000\u0000\u0000\u0000\u0000\u0000\u0000\u0000\u0000\u0000\u0000\u0000\u0000\u0000\u00002055/11/13 18:00:02 ERROR:CalledProcessError.  Error Code is 1\r\n2015/11/13 18:00:02 ERROR:CalledProcessError.  Command string was pidof  dhclient\r\n2015/11/13 18:00:02 ERROR:CalledProcessError.  Command result was \r\n2015/11/13 18:00:07 ERROR:CalledProcessError.  Error Code is 1\r\n2015/11/13 18:00:07 ERROR:CalledProcessError.  Command string was pidof  dhclient\r\n2015/11/13 18:00:07 ERROR:CalledProcessError.  Command result was \r\n2015/11/13 18:00:12 ERROR:CalledProcessError.  Error Code is 1\r\n2015/11/13 18:00:12 ERROR:CalledProcessError.  Command string was pidof  dhclient\r\n2015/11/13 18:00:12 ERROR:CalledProcessError.  Command result was \r\n2015/11/13 18:00:17 ERROR:CalledProcessError.  Error Code is 1\r\n2015/11/13 18:00:18 ERROR:CalledProcessError.  Command string was pidof  dhclient\r\n2015/11/13 18:00:18 ERROR:CalledProcessError.  Command result was \r\n2015/11/13 18:00:23 ERROR:CalledProcessError.  Error Code is 1\r\n2015/11/13 18:00:23 ERROR:CalledProcessError.  Command string was pidof  dhclient\r\n2015/11/13 18:00:23 ERROR:CalledProcessError.  Command result was \r\n2015/11/13 18:00:28 ERROR:CalledProcessError.  Error Code is 1\r\n2015/11/13 18:00:28 ERROR:CalledProcessError.  Command string was pidof  dhclient\r\n2015/11/13 18:00:28 ERROR:CalledProcessError.  Command result was \r\n2015/11/13 18:00:33 ERROR:CalledProcessError.  Error Code is 1\r\n2015/11/13 18:00:33 ERROR:CalledProcessError.  Command string was pidof  dhclient\r\n2015/11/13 18:00:33 ERROR:CalledProcessError.  Command result was \r\n2015/11/13 18:00:38 ERROR:CalledProcessError.  Error Code is 1\r\n2015/11/13 18:00:38 ERROR:CalledProcessError.  Command string was pidof  dhclient\r\n2015/11/13 18:00:38 ERROR:CalledProcessError.  Command result was \r\n2015/11/13 18:00:43 ERROR:CalledProcessError.  Error Code is 1\r\n2015/11/13 18:00:43 ERROR:CalledProcessError.  Command string was pidof  dhclient\r\n2015/11/13 18:0:43 ERROR:CalledProcessError.  Command result was \r\n2015/11/13 18:00:48 ERROR:CalledProcessError.  Error Code is 1\r\n2015/11/13 18:00:48 ERROR:CalledProcessError.  Command string was pidof  dhclient\r\n2015/11/13 18:00:48 ERROR:CalledProcessError.  Command result was \r\n2015/11/13 18:00:53 ERROR:CalledProcessError.  Error Code is 1\r\n2015/11/13 18:00:53 ERROR:CalledProcessError.  Command string was pidof  dhclient\r\n2015/11/13 18:00:53 ERROR:CalledProcessError.  Command result was \r\n2015/11/13 18:00:58 ERROR:CalledProcessError.  Error Code is 1\r\n2015/11/13 18:00:58 ERROR:CalledProcessError.  Command string was pidof  dhclient\r\n2015/11/13 18:00:58 ERROR:CalledProcessError.  Command result was \r\n\u0000\u0000\u0000\u0000\u0000\u0000\u0000\u0000\u0000\u0000\u0000\u0000\u0000\u0000\u0000\u0000\u0000\u0000\u0000\u0000\u0000\u0000\u0000\u0000\u0000\u0000\u0000\u0000\u0000\u0000\u0000\u0000\u0000\u0000\u0000\u0000\u0000\u0000\u0000\u0000\u0000\u0000\u0000\u0000\u0000\u0000\u0000\u0000\u0000\u0000\u0000\u0000\u0000\u0000\u0000\u0000\u0000\u0000\u0000\u0000\u0000\u0000\u0000\u0000\u0000\u0000\u0000\u0000\u0000\u0000\u0000\u0000\u0000\u0000\u0000\u0000\u0000\u0000\u0000\u0000\u0000\u0000\u0000\u0000\u0000\u0000\u0000\u0000\u0000\u0000\u0000\u0000\u0000\u0000\u0000\u0000\u0000\u0000\u0000\u0000\u0000\u0000\u0000\u0000\u0000\u0000\u0000\u0000\u0000\u0000\u0000\u0000\u0000\u0000\u0000\u0000\u0000\u0000\u0000\u0000\u0000\u0000\u0000\u0000\u0000\u0000\u0000\u0000\u0000\u0000\u0000\u0000\u0000\u0000\u0000\u0000\u0000\u0000\u0000\u0000\u0000\u0000\u0000\u0000\u0000\u0000\u0000\u0000\u0000\u0000\u0000\u0000\u0000\u0000\u0000\u0000\u0000\u0000\u0000\u0000\u0000\u0000\u0000\u0000\u0000\u0000\u0000\u0000\u0000\u0000\u0000\u0000\u0000\u0000\u0000\u0000\u0000\u0000\u0000\u0000\u0000\u0000\u0000\u0000\u0000\u0000\u0000\u0000\u0000\u0000\u0000\u0000\u0000\u0000\u0000\u0000\u0000\u0000\u0000\u0000\u0000\u0000\u0000\u0000\u0000\u0000\u0000\u0000\u0000\u0000\u0000\u0000\u0000\u0000\u0000\u0000\u0000\u0000\u0000\u0000\u0000\u0000\u0000\u0000\u0000\u0000\u0000\u0000\u0000\u0000\u0000\u0000\u0000\u0000\u0000\u0000\u0000\u0000\u0000\u0000\u0000\u0000\u0000\u0000\u0000\u0000\u0000\u0000\u0000\u0000\u0000\u0000\u0000\u0000\u0000\u0000\u0000\u0000\u0000\u0000\u0000\u0000\u0000\u0000\u0000\u0000\u0000\u0000\u0000\u0000\u0000\u0000\u0000\u0000\u0000\u0000\u0000\u0000\u0000\u0000\u0000\u0000\u0000\u0000\u0000\u0000\u0000\u0000\u0000\u0000\u0000\u0000\u0000\u0000\u0000\u0000\u0000\u0000\u0000\u0000\u0000\u0000\u0000\u0000\u0000\u0000\u0000\u0000\u0000\u0000\u0000\u0000\u0000\u0000\u0000\u0000\u0000\u0000\u0000\u0000\u0000\u0000\u0000\u0000\u0000\u0000\u0000\u0000\u0000\u0000\u0000\u0000\u0000\u0000\u0000\u0000\u0000\u0000\u0000\u0000\u0000\u0000\u0000\u0000\u0000\u0000\u0000\u0000\u0000\u0000\u0000\u0000\u0000\u0000\u0000\u0000\u0000\u0000\u0000\u0000\u0000\u0000\u0000\u0000\u0000\u0000\u0000\u0000\u0000\u0000\u0000\u0000\u0000\u0000\u0000\u0000\u0000\u0000\u0000\u0000\u0000\u0000\u0000\u0000\u0000\u0000\u0000\u0000\u0000\u0000\u0000\u0000\u0000\u0000\u0000\u0000\u0000\u0000\u0000\u0000\u0000\u0000\u0000\u0000\u0000\u0000\u0000\u0000\u0000\u0000\u0000\u0000\u0000\u0000\u0000\u0000\u0000\u0000\u0000\u0000\u0000\u0000\u0000\u0000\u0000\u0000\u0000\u0000\u0000\u0000\u0000\u0000\u0000\u0000\u0000\u0000\u0000\u0000\u0000\u0000\u0000\u0000\u0000\u0000\u0000\u0000\u0000\u0000\u0000\u0000\u0000\u0000\u0000\u0000\u0000\u0000\u0000\u0000\u0000\u0000\u0000\u0000\u0000\u0000\u0000\u0000\u0000\u0000\u0000\u0000\u0000\u0000\u0000\u0000\u0000\u0000\u0000\u0000\u0000\u0000\u0000\u0000\u0000\u0000\u0000\u0000\u0000\u0000\u0000\u0000\u0000\u0000\u00002015/11/13 18:01:03 ERROR:lalledProcessError.  Error Code is 1\r\n2015/11/13 18:01:03 ERROR:CalledProcessError.  Command string was pidof  dhclient\r\n2015/11/13 18:01:03 ERROR:CalledProcessError.  Command result was \r\n2015/11/13 18:01:08 ERROR:CalledProcessError.  Error Code is 1\r\n2015/11/13 18:01:08 ERROR:CalledProcessError.  Command string was pidof  dhclient\r\n2015/11/13 18:01:08 ERROR:CalledProcessError.  Command result was \r\n2015/11/13 18:01:13 ERROR:CalledProcessError.  Error Code is 1\r\n2015/11/13 18:01:13 ERROR:CalledProcessError.  Command 